Program 'samples/Sema/Assignability.vl'
├─ Method 'local_decl' @11:1
│  ├─ return_type
│  │  └─ TypeRef 'Int32' @11:19
│  └─ body
│     ├─ LocalDecl 'n' @12:3
│     │  ├─ decl_type
│     │  │  └─ TypeRef 'Int32' @12:7
│     │  └─ init
│     │     └─ IntLiteral '42' @12:15
│     ├─ LocalDecl 'wide' @13:3
│     │  ├─ decl_type
│     │  │  └─ TypeRef 'UInt64' @13:10
│     │  └─ init
│     │     └─ IntLiteral '7' @13:19
│     ├─ LocalDecl 'text' @14:3
│     │  ├─ decl_type
│     │  │  └─ TypeRef 'String' @14:10
│     │  └─ init
│     │     └─ StringLiteral 'ok' @14:19
│     └─ ExprStmt @15:3
│        └─ expr
│           └─ Identifier 'n' @15:3
├─ Struct 'Counter' @19:1
│  └─ body
│     ├─ Field 'total' getter @20:3
│     │  └─ decl_type
│     │     └─ TypeRef 'UInt64' @20:18
│     ├─ Method 'initialize' @22:3
│     │  └─ body
│     │     └─ ExprStmt @23:5
│     │        └─ expr
│     │           └─ Assign '=' @23:12
│     │              ├─ target
│     │              │  └─ InstanceVar '@total' @23:5
│     │              └─ value
│     │                 └─ IntLiteral '0' @23:14
│     └─ Method 'bump' @26:3
│        ├─ params
│        │  └─ Param 'by' @26:13
│        │     └─ decl_type
│        │        └─ TypeRef 'UInt64' @26:18
│        ├─ return_type
│        │  └─ TypeRef 'Void' @26:30
│        └─ body
│           ├─ ExprStmt @27:5
│           │  └─ expr
│           │     └─ Assign '=' @27:12
│           │        ├─ target
│           │        │  └─ InstanceVar '@total' @27:5
│           │        └─ value
│           │           └─ Binary '+' @27:21
│           │              ├─ lhs
│           │              │  └─ InstanceVar '@total' @27:14
│           │              └─ rhs
│           │                 └─ Identifier 'by' @27:23
│           ├─ LocalDecl 'local' @28:5
│           │  ├─ decl_type
│           │  │  └─ TypeRef 'UInt64' @28:13
│           │  └─ init
│           │     └─ IntLiteral '1' @28:22
│           └─ ExprStmt @29:5
│              └─ expr
│                 └─ Assign '=' @29:11
│                    ├─ target
│                    │  └─ Identifier 'local' @29:5
│                    └─ value
│                       └─ Binary '+' @29:19
│                          ├─ lhs
│                          │  └─ Identifier 'local' @29:13
│                          └─ rhs
│                             └─ Identifier 'by' @29:21
├─ Method 'explicit_return' @34:1
│  ├─ return_type
│  │  └─ TypeRef 'String' @34:24
│  └─ body
│     └─ Return @35:3
│        └─ value
│           └─ StringLiteral 'done' @35:10
├─ Method 'trailing' @39:1
│  ├─ return_type
│  │  └─ TypeRef 'Bool' @39:17
│  └─ body
│     └─ ExprStmt @40:3
│        └─ expr
│           └─ Binary '==' @40:5
│              ├─ lhs
│              │  └─ IntLiteral '1' @40:3
│              └─ rhs
│                 └─ IntLiteral '1' @40:8
├─ Method 'void_discards_its_tail' @45:1
│  ├─ return_type
│  │  └─ TypeRef 'Void' @45:31
│  └─ body
│     └─ ExprStmt @46:3
│        └─ expr
│           └─ IntLiteral '99' @46:3
├─ Method 'defaulted' @50:1
│  ├─ params
│  │  ├─ Param 'n' @50:16
│  │  │  ├─ decl_type
│  │  │  │  └─ TypeRef 'Int32' @50:20
│  │  │  └─ default
│  │  │     └─ IntLiteral '5' @50:28
│  │  ├─ Param 'label' @50:31
│  │  │  ├─ decl_type
│  │  │  │  └─ TypeRef 'String' @50:39
│  │  │  └─ default
│  │  │     └─ StringLiteral 'x' @50:48
│  │  └─ Param 'wide' @50:53
│  │     ├─ decl_type
│  │     │  └─ TypeRef 'UInt64' @50:60
│  │     └─ default
│  │        └─ IntLiteral '1' @50:69
│  ├─ return_type
│  │  └─ TypeRef 'Int32' @50:76
│  └─ body
│     └─ ExprStmt @51:3
│        └─ expr
│           └─ Identifier 'n' @51:3
├─ Method 'widening' @57:1
│  ├─ return_type
│  │  └─ TypeRef 'UInt64' @57:17
│  └─ body
│     ├─ LocalDecl 'small' @58:3
│     │  ├─ decl_type
│     │  │  └─ TypeRef 'Int8' @58:11
│     │  └─ init
│     │     └─ IntLiteral '3' @58:18
│     └─ ExprStmt @59:3
│        └─ expr
│           └─ Identifier 'small' @59:3
└─ Method 'nil_into_pointer' @64:1
   ├─ return_type
   │  └─ TypeRef 'Void' @64:25
   └─ body
      ├─ LocalDecl 'buf' @65:3
      │  ├─ decl_type
      │  │  └─ TypeRef 'Pointer' @65:9
      │  │     └─ generics
      │  │        └─ TypeRef 'UInt8' @65:17
      │  └─ init
      │     └─ Call @65:47
      │        ├─ callee
      │        │  └─ Member 'malloc' @65:40
      │        │     └─ object
      │        │        └─ GenericInst @65:33
      │        │           ├─ base
      │        │           │  └─ Identifier 'Pointer' @65:26
      │        │           └─ args
      │        │              └─ TypeRef 'UInt8' @65:34
      │        └─ args
      │           └─ IntLiteral '8' @65:49
      └─ If @66:3
         ├─ cond
         │  └─ Binary '!=' @66:10
         │     ├─ lhs
         │     │  └─ Identifier 'buf' @66:6
         │     └─ rhs
         │        └─ NilLiteral @66:13
         └─ then
            └─ ExprStmt @67:5
               └─ expr
                  └─ Member 'free' @67:8
                     └─ object
                        └─ Identifier 'buf' @67:5
--- exit 0 ---
