Program 'samples/Sema/CompoundAssignReceiver.vl'
├─ Method 'make' @12:1
│  ├─ return_type
│  │  └─ TypeRef 'Array' @12:13
│  │     └─ generics
│  │        └─ TypeRef 'Int32' @12:19
│  └─ body
│     └─ ExprStmt @13:3
│        └─ expr
│           └─ ArrayLit @13:3
│              └─ elements
│                 ├─ IntLiteral '1' @13:5
│                 ├─ IntLiteral '2' @13:8
│                 └─ IntLiteral '3' @13:11
└─ Method 'probe' @16:1
   ├─ return_type
   │  └─ TypeRef 'Int32' @16:14
   └─ body
      ├─ ExprStmt @17:3
      │  └─ expr
      │     └─ Assign '+=' @17:13
      │        ├─ target
      │        │  └─ Index @17:9
      │        │     ├─ object
      │        │     │  └─ Call @17:7
      │        │     │     └─ callee
      │        │     │        └─ Identifier 'make' @17:3
      │        │     └─ args
      │        │        └─ IntLiteral '0' @17:10
      │        └─ value
      │           └─ IntLiteral '1' @17:16
      └─ ExprStmt @18:3
         └─ expr
            └─ IntLiteral '0' @18:3
--- exit 0 ---
