Program 'samples/Sema/EnumExplicitReceiver.vl'
├─ Enum 'TrafficLight' @6:1
│  └─ body
│     ├─ EnumCase 'Red' @7:3
│     │  └─ value
│     │     └─ IntLiteral '0' @7:3
│     ├─ EnumCase 'Yellow' @8:3
│     │  └─ value
│     │     └─ IntLiteral '1' @8:3
│     └─ EnumCase 'Green' @9:3
│        └─ value
│           └─ IntLiteral '2' @9:3
├─ Method 'describe' @12:1
│  ├─ params
│  │  └─ Param 'light' @12:16
│  │     └─ decl_type
│  │        └─ TypeRef 'TrafficLight' @12:24
│  ├─ return_type
│  │  └─ TypeRef 'String' @12:42
│  └─ body
│     └─ ExprStmt @13:3
│        └─ expr
│           └─ CaseExpr @13:3
│              ├─ scrutinee
│              │  └─ Identifier 'light' @13:8
│              └─ clauses
│                 ├─ WhenClause @14:3
│                 │  ├─ patterns
│                 │  │  └─ Binary '===' @14:20
│                 │  │     ├─ lhs
│                 │  │     │  └─ Member 'Red' @14:20
│                 │  │     │     └─ object
│                 │  │     │        └─ Identifier 'TrafficLight' @14:8
│                 │  │     └─ rhs
│                 │  │        └─ Identifier 'light' @13:8
│                 │  └─ body
│                 │     └─ ExprStmt @14:34
│                 │        └─ expr
│                 │           └─ StringLiteral 'stop' @14:34
│                 ├─ WhenClause @15:3
│                 │  ├─ patterns
│                 │  │  └─ Binary '===' @15:20
│                 │  │     ├─ lhs
│                 │  │     │  └─ Member 'Yellow' @15:20
│                 │  │     │     └─ object
│                 │  │     │        └─ Identifier 'TrafficLight' @15:8
│                 │  │     └─ rhs
│                 │  │        └─ Identifier 'light' @13:8
│                 │  └─ body
│                 │     └─ ExprStmt @15:34
│                 │        └─ expr
│                 │           └─ StringLiteral 'caution' @15:34
│                 └─ WhenClause @16:3
│                    ├─ patterns
│                    │  └─ Binary '===' @16:20
│                    │     ├─ lhs
│                    │     │  └─ Member 'Green' @16:20
│                    │     │     └─ object
│                    │     │        └─ Identifier 'TrafficLight' @16:8
│                    │     └─ rhs
│                    │        └─ Identifier 'light' @13:8
│                    └─ body
│                       └─ ExprStmt @16:34
│                          └─ expr
│                             └─ StringLiteral 'go' @16:34
└─ ExprStmt @20:1
   └─ expr
      └─ Call @20:9
         ├─ callee
         │  └─ Identifier 'describe' @20:1
         └─ args
            └─ Member 'Red' @20:23
               └─ object
                  └─ Identifier 'TrafficLight' @20:11
--- exit 0 ---
