Program 'samples/Sema/IndexLowering.vl'
├─ Method 'index_read' @13:1
│  ├─ return_type
│  │  └─ TypeRef 'Int32' @13:19
│  └─ body
│     ├─ ExprStmt @14:3
│     │  └─ expr
│     │     └─ Assign '=' @14:11
│     │        ├─ target
│     │        │  └─ Identifier 'numbers' @14:3
│     │        └─ value
│     │           └─ ArrayLit @14:13
│     │              └─ elements
│     │                 ├─ IntLiteral '10' @14:15
│     │                 ├─ IntLiteral '20' @14:19
│     │                 └─ IntLiteral '30' @14:23
│     └─ ExprStmt @15:3
│        └─ expr
│           └─ Binary '+' @15:14
│              ├─ lhs
│              │  └─ Call @15:10
│              │     ├─ callee
│              │     │  └─ Member '[]' @15:10
│              │     │     └─ object
│              │     │        └─ Identifier 'numbers' @15:3
│              │     └─ args
│              │        └─ IntLiteral '0' @15:11
│              └─ rhs
│                 └─ Call @15:23
│                    ├─ callee
│                    │  └─ Member '[]' @15:23
│                    │     └─ object
│                    │        └─ Identifier 'numbers' @15:16
│                    └─ args
│                       └─ IntLiteral '2' @15:24
├─ Method 'index_write' @18:1
│  ├─ return_type
│  │  └─ TypeRef 'Int32' @18:20
│  └─ body
│     ├─ ExprStmt @19:3
│     │  └─ expr
│     │     └─ Assign '=' @19:11
│     │        ├─ target
│     │        │  └─ Identifier 'numbers' @19:3
│     │        └─ value
│     │           └─ ArrayLit @19:13
│     │              └─ elements
│     │                 ├─ IntLiteral '10' @19:15
│     │                 ├─ IntLiteral '20' @19:19
│     │                 └─ IntLiteral '30' @19:23
│     ├─ ExprStmt @20:3
│     │  └─ expr
│     │     └─ Call @20:14
│     │        ├─ callee
│     │        │  └─ Member '[]=' @20:10
│     │        │     └─ object
│     │        │        └─ Identifier 'numbers' @20:3
│     │        └─ args
│     │           ├─ IntLiteral '1' @20:11
│     │           └─ IntLiteral '99' @20:16
│     └─ ExprStmt @21:3
│        └─ expr
│           └─ Call @21:10
│              ├─ callee
│              │  └─ Member '[]' @21:10
│              │     └─ object
│              │        └─ Identifier 'numbers' @21:3
│              └─ args
│                 └─ IntLiteral '1' @21:11
├─ Method 'index_compound' @24:1
│  ├─ return_type
│  │  └─ TypeRef 'Int32' @24:23
│  └─ body
│     ├─ ExprStmt @25:3
│     │  └─ expr
│     │     └─ Assign '=' @25:11
│     │        ├─ target
│     │        │  └─ Identifier 'numbers' @25:3
│     │        └─ value
│     │           └─ ArrayLit @25:13
│     │              └─ elements
│     │                 ├─ IntLiteral '10' @25:15
│     │                 ├─ IntLiteral '20' @25:19
│     │                 └─ IntLiteral '30' @25:23
│     ├─ ExprStmt @26:3
│     │  └─ expr
│     │     └─ Call @26:14
│     │        ├─ callee
│     │        │  └─ Member '[]=' @26:10
│     │        │     └─ object
│     │        │        └─ Identifier 'numbers' @26:3
│     │        └─ args
│     │           ├─ IntLiteral '2' @26:11
│     │           └─ Binary '+' @26:14
│     │              ├─ lhs
│     │              │  └─ Call @26:10
│     │              │     ├─ callee
│     │              │     │  └─ Member '[]' @26:10
│     │              │     │     └─ object
│     │              │     │        └─ Identifier 'numbers' @26:3
│     │              │     └─ args
│     │              │        └─ IntLiteral '2' @26:11
│     │              └─ rhs
│     │                 └─ IntLiteral '5' @26:17
│     └─ ExprStmt @27:3
│        └─ expr
│           └─ Call @27:10
│              ├─ callee
│              │  └─ Member '[]' @27:10
│              │     └─ object
│              │        └─ Identifier 'numbers' @27:3
│              └─ args
│                 └─ IntLiteral '2' @27:11
├─ Method 'index_on_string' @30:1
│  ├─ return_type
│  │  └─ TypeRef 'UInt8' @30:24
│  └─ body
│     ├─ ExprStmt @31:3
│     │  └─ expr
│     │     └─ Assign '=' @31:8
│     │        ├─ target
│     │        │  └─ Identifier 'text' @31:3
│     │        └─ value
│     │           └─ StringLiteral 'volt' @31:10
│     └─ ExprStmt @32:3
│        └─ expr
│           └─ Call @32:7
│              ├─ callee
│              │  └─ Member '[]' @32:7
│              │     └─ object
│              │        └─ Identifier 'text' @32:3
│              └─ args
│                 └─ IntLiteral '0' @32:8
└─ Method 'compound_on_local' @35:1
   ├─ return_type
   │  └─ TypeRef 'Int32' @35:26
   └─ body
      ├─ ExprStmt @36:3
      │  └─ expr
      │     └─ Assign '=' @36:9
      │        ├─ target
      │        │  └─ Identifier 'total' @36:3
      │        └─ value
      │           └─ IntLiteral '0' @36:11
      ├─ ExprStmt @37:3
      │  └─ expr
      │     └─ Assign '=' @37:9
      │        ├─ target
      │        │  └─ Identifier 'total' @37:3
      │        └─ value
      │           └─ Binary '+' @37:9
      │              ├─ lhs
      │              │  └─ Identifier 'total' @37:3
      │              └─ rhs
      │                 └─ IntLiteral '7' @37:12
      ├─ ExprStmt @38:3
      │  └─ expr
      │     └─ Assign '=' @38:9
      │        ├─ target
      │        │  └─ Identifier 'total' @38:3
      │        └─ value
      │           └─ Binary '-' @38:9
      │              ├─ lhs
      │              │  └─ Identifier 'total' @38:3
      │              └─ rhs
      │                 └─ IntLiteral '2' @38:12
      ├─ ExprStmt @39:3
      │  └─ expr
      │     └─ Assign '=' @39:9
      │        ├─ target
      │        │  └─ Identifier 'total' @39:3
      │        └─ value
      │           └─ Binary '*' @39:9
      │              ├─ lhs
      │              │  └─ Identifier 'total' @39:3
      │              └─ rhs
      │                 └─ IntLiteral '3' @39:12
      └─ ExprStmt @40:3
         └─ expr
            └─ Identifier 'total' @40:3
--- exit 0 ---
