Program 'samples/Sema/NonExhaustiveCase.vl'
├─ Enum 'Color' @4:1
│  └─ body
│     ├─ EnumCase 'Red' @5:3
│     │  └─ value
│     │     └─ IntLiteral '0' @5:3
│     ├─ EnumCase 'Green' @6:3
│     │  └─ value
│     │     └─ IntLiteral '1' @6:3
│     ├─ EnumCase 'Blue' @7:3
│     │  └─ value
│     │     └─ IntLiteral '2' @7:3
│     ├─ Method 'name' @9:3
│     │  ├─ return_type
│     │  │  └─ TypeRef 'String' @9:15
│     │  └─ body
│     │     └─ ExprStmt @10:5
│     │        └─ expr
│     │           └─ CaseExpr @10:5
│     │              ├─ target
│     │              │  └─ SelfExpr @10:10
│     │              └─ clauses
│     │                 ├─ WhenClause @11:5
│     │                 │  ├─ patterns
│     │                 │  │  └─ DotCall 'Red' @11:10
│     │                 │  └─ body
│     │                 │     └─ ExprStmt @11:22
│     │                 │        └─ expr
│     │                 │           └─ StringLiteral 'red' @11:22
│     │                 └─ WhenClause @12:5
│     │                    ├─ patterns
│     │                    │  └─ DotCall 'Green' @12:10
│     │                    └─ body
│     │                       └─ ExprStmt @12:22
│     │                          └─ expr
│     │                             └─ StringLiteral 'green' @12:22
│     └─ Method 'to_value' @4:1
│        └─ body
│           └─ ExprStmt @4:1
│              └─ expr
│                 └─ SelfExpr @4:1
├─ LocalDecl 'color' @17:1
│  ├─ decl_type
│  │  └─ TypeRef 'Color' @17:9
│  └─ init
│     └─ Member 'Red' @17:22
│        └─ object
│           └─ Identifier 'Color' @17:17
└─ ExprStmt @18:1
   └─ expr
      └─ Member 'name' @18:6
         └─ object
            └─ Identifier 'color' @18:1
--- exit 0 ---
