Program 'samples/Circuits/TwoDeps/Source/Components/Logger.vl'
├─ Annotation 'Link' @1:1
│  └─ args
│     └─ StringLiteral 'Models' @1:8
└─ Module 'Components' @4:1
   └─ body
      └─ Class 'UserLogger' @7:3
         └─ body
            ├─ Field 'prefix' @9:5
            │  └─ decl_type
            │     └─ TypeRef 'String' @9:14
            ├─ Method 'initialize' @11:5
            │  └─ params
            │     └─ Param 'prefix' instance_var
            │        └─ decl_type
            │           └─ TypeRef 'String' @11:31
            └─ Method 'log_user' @14:5
               ├─ params
               │  └─ Param 'user'
               │     └─ decl_type
               │        └─ TypeRef 'Models::User' @14:26
               ├─ return_type
               │  └─ TypeRef 'Void' @14:44
               └─ body
                  ├─ ExprStmt @15:7
                  │  └─ expr
                  │     └─ Call @15:11
                  │        ├─ callee
                  │        │  └─ Identifier 'puts' @15:7
                  │        └─ args
                  │           └─ InstanceVar '@prefix' @15:13
                  └─ ExprStmt @16:7
                     └─ expr
                        └─ Call @16:11
                           ├─ callee
                           │  └─ Identifier 'puts' @16:7
                           └─ args
                              └─ Member 'name' @16:17
                                 └─ object
                                    └─ Identifier 'user' @16:13
--- exit 0 ---
