Program 'samples/Syntax/ControlFlow/IfUnless.vl'
├─ Method 'assert!' @1:1
│  ├─ params
│  │  └─ Param 'condition'
│  │     └─ decl_type
│  │        └─ TypeRef 'Bool' @1:26
│  ├─ return_type
│  │  └─ TypeRef 'Void' @1:36
│  └─ body
│     └─ If @2:3
│        ├─ cond
│        │  └─ Unary 'not' @2:6
│        │     └─ operand
│        │        └─ Identifier 'condition' @2:10
│        └─ then
│           └─ ExprStmt @3:5
│              └─ expr
│                 └─ RaiseExpr @3:5
│                    └─ exception
│                       └─ Interp @3:11
│                          └─ parts
│                             ├─ StringLiteral 'Assertion failed ' @3:11
│                             ├─ Identifier '__FILE__' @3:31
│                             ├─ StringLiteral ':' @3:11
│                             └─ Identifier '__LINE__' @3:43
├─ Method 'check_if_statement' @9:1
│  ├─ params
│  │  └─ Param 'score'
│  │     └─ decl_type
│  │        └─ TypeRef 'Int32' @9:33
│  ├─ return_type
│  │  └─ TypeRef 'Int32' @9:44
│  └─ body
│     └─ If @10:3
│        ├─ cond
│        │  └─ Binary '>' @10:12
│        │     ├─ lhs
│        │     │  └─ Identifier 'score' @10:6
│        │     └─ rhs
│        │        └─ IntLiteral '90' @10:14
│        ├─ then
│        │  └─ ExprStmt @11:5
│        │     └─ expr
│        │        └─ IntLiteral '1' @11:5
│        └─ else
│           └─ If @12:3
│              ├─ cond
│              │  └─ Binary '>' @12:15
│              │     ├─ lhs
│              │     │  └─ Identifier 'score' @12:9
│              │     └─ rhs
│              │        └─ IntLiteral '50' @12:17
│              ├─ then
│              │  └─ ExprStmt @13:5
│              │     └─ expr
│              │        └─ IntLiteral '2' @13:5
│              └─ else
│                 └─ ExprStmt @15:5
│                    └─ expr
│                       └─ IntLiteral '3' @15:5
├─ Method 'check_ternary_operator' @19:1
│  ├─ params
│  │  └─ Param 'score'
│  │     └─ decl_type
│  │        └─ TypeRef 'Int32' @19:37
│  ├─ return_type
│  │  └─ TypeRef 'String' @19:48
│  └─ body
│     └─ ExprStmt @20:3
│        └─ expr
│           └─ Ternary @20:15
│              ├─ cond
│              │  └─ Binary '>=' @20:9
│              │     ├─ lhs
│              │     │  └─ Identifier 'score' @20:3
│              │     └─ rhs
│              │        └─ IntLiteral '50' @20:12
│              ├─ then
│              │  └─ StringLiteral 'pass' @20:17
│              └─ else
│                 └─ StringLiteral 'fail' @20:26
├─ Method 'check_inline_if_modifier' @23:1
│  ├─ params
│  │  ├─ Param 'amount'
│  │  │  └─ decl_type
│  │  │     └─ TypeRef 'Int32' @23:40
│  │  └─ Param 'active'
│  │     └─ decl_type
│  │        └─ TypeRef 'Bool' @23:56
│  ├─ return_type
│  │  └─ TypeRef 'Int32' @23:66
│  └─ body
│     ├─ ExprStmt @24:3
│     │  └─ expr
│     │     └─ Assign '=' @24:9
│     │        ├─ target
│     │        │  └─ Identifier 'total' @24:3
│     │        └─ value
│     │           └─ IntLiteral '100' @24:11
│     ├─ If @25:19
│     │  ├─ cond
│     │  │  └─ Identifier 'active' @25:22
│     │  └─ then
│     │     └─ ExprStmt @25:3
│     │        └─ expr
│     │           └─ Assign '+=' @25:9
│     │              ├─ target
│     │              │  └─ Identifier 'total' @25:3
│     │              └─ value
│     │                 └─ Identifier 'amount' @25:12
│     └─ ExprStmt @26:3
│        └─ expr
│           └─ Identifier 'total' @26:3
├─ Method 'check_inline_unless_modifier' @29:1
│  ├─ params
│  │  ├─ Param 'amount'
│  │  │  └─ decl_type
│  │  │     └─ TypeRef 'Int32' @29:44
│  │  └─ Param 'disabled'
│  │     └─ decl_type
│  │        └─ TypeRef 'Bool' @29:62
│  ├─ return_type
│  │  └─ TypeRef 'Int32' @29:72
│  └─ body
│     ├─ ExprStmt @30:3
│     │  └─ expr
│     │     └─ Assign '=' @30:9
│     │        ├─ target
│     │        │  └─ Identifier 'total' @30:3
│     │        └─ value
│     │           └─ IntLiteral '100' @30:11
│     ├─ If @31:19
│     │  ├─ cond
│     │  │  └─ Unary '!' @31:19
│     │  │     └─ operand
│     │  │        └─ Identifier 'disabled' @31:26
│     │  └─ then
│     │     └─ ExprStmt @31:3
│     │        └─ expr
│     │           └─ Assign '+=' @31:9
│     │              ├─ target
│     │              │  └─ Identifier 'total' @31:3
│     │              └─ value
│     │                 └─ Identifier 'amount' @31:12
│     └─ ExprStmt @32:3
│        └─ expr
│           └─ Identifier 'total' @32:3
├─ ExprStmt @37:1
│  └─ expr
│     └─ Call @37:8
│        ├─ callee
│        │  └─ Identifier 'assert!' @37:1
│        └─ args
│           └─ Binary '==' @37:35
│              ├─ lhs
│              │  └─ Call @37:28
│              │     ├─ callee
│              │     │  └─ Identifier 'check_if_statement' @37:10
│              │     └─ args
│              │        └─ IntLiteral '95' @37:30
│              └─ rhs
│                 └─ IntLiteral '1' @37:38
├─ ExprStmt @38:1
│  └─ expr
│     └─ Call @38:8
│        ├─ callee
│        │  └─ Identifier 'assert!' @38:1
│        └─ args
│           └─ Binary '==' @38:35
│              ├─ lhs
│              │  └─ Call @38:28
│              │     ├─ callee
│              │     │  └─ Identifier 'check_if_statement' @38:10
│              │     └─ args
│              │        └─ IntLiteral '70' @38:30
│              └─ rhs
│                 └─ IntLiteral '2' @38:38
├─ ExprStmt @39:1
│  └─ expr
│     └─ Call @39:8
│        ├─ callee
│        │  └─ Identifier 'assert!' @39:1
│        └─ args
│           └─ Binary '==' @39:35
│              ├─ lhs
│              │  └─ Call @39:28
│              │     ├─ callee
│              │     │  └─ Identifier 'check_if_statement' @39:10
│              │     └─ args
│              │        └─ IntLiteral '30' @39:30
│              └─ rhs
│                 └─ IntLiteral '3' @39:38
├─ ExprStmt @41:1
│  └─ expr
│     └─ Call @41:8
│        ├─ callee
│        │  └─ Identifier 'assert!' @41:1
│        └─ args
│           └─ Binary '==' @41:39
│              ├─ lhs
│              │  └─ Call @41:32
│              │     ├─ callee
│              │     │  └─ Identifier 'check_ternary_operator' @41:10
│              │     └─ args
│              │        └─ IntLiteral '75' @41:34
│              └─ rhs
│                 └─ StringLiteral 'pass' @41:42
├─ ExprStmt @42:1
│  └─ expr
│     └─ Call @42:8
│        ├─ callee
│        │  └─ Identifier 'assert!' @42:1
│        └─ args
│           └─ Binary '==' @42:39
│              ├─ lhs
│              │  └─ Call @42:32
│              │     ├─ callee
│              │     │  └─ Identifier 'check_ternary_operator' @42:10
│              │     └─ args
│              │        └─ IntLiteral '40' @42:34
│              └─ rhs
│                 └─ StringLiteral 'fail' @42:42
├─ ExprStmt @44:1
│  └─ expr
│     └─ Call @44:8
│        ├─ callee
│        │  └─ Identifier 'assert!' @44:1
│        └─ args
│           └─ Binary '==' @44:47
│              ├─ lhs
│              │  └─ Call @44:34
│              │     ├─ callee
│              │     │  └─ Identifier 'check_inline_if_modifier' @44:10
│              │     └─ args
│              │        ├─ IntLiteral '50' @44:36
│              │        └─ BoolLiteral true @44:40
│              └─ rhs
│                 └─ IntLiteral '150' @44:50
├─ ExprStmt @45:1
│  └─ expr
│     └─ Call @45:8
│        ├─ callee
│        │  └─ Identifier 'assert!' @45:1
│        └─ args
│           └─ Binary '==' @45:48
│              ├─ lhs
│              │  └─ Call @45:34
│              │     ├─ callee
│              │     │  └─ Identifier 'check_inline_if_modifier' @45:10
│              │     └─ args
│              │        ├─ IntLiteral '50' @45:36
│              │        └─ BoolLiteral false @45:40
│              └─ rhs
│                 └─ IntLiteral '100' @45:51
├─ ExprStmt @47:1
│  └─ expr
│     └─ Call @47:8
│        ├─ callee
│        │  └─ Identifier 'assert!' @47:1
│        └─ args
│           └─ Binary '==' @47:52
│              ├─ lhs
│              │  └─ Call @47:38
│              │     ├─ callee
│              │     │  └─ Identifier 'check_inline_unless_modifier' @47:10
│              │     └─ args
│              │        ├─ IntLiteral '50' @47:40
│              │        └─ BoolLiteral false @47:44
│              └─ rhs
│                 └─ IntLiteral '150' @47:55
└─ ExprStmt @48:1
   └─ expr
      └─ Call @48:8
         ├─ callee
         │  └─ Identifier 'assert!' @48:1
         └─ args
            └─ Binary '==' @48:51
               ├─ lhs
               │  └─ Call @48:38
               │     ├─ callee
               │     │  └─ Identifier 'check_inline_unless_modifier' @48:10
               │     └─ args
               │        ├─ IntLiteral '50' @48:40
               │        └─ BoolLiteral true @48:44
               └─ rhs
                  └─ IntLiteral '100' @48:54
--- exit 0 ---
