Program 'samples/Syntax/ControlFlow/Pipeline.vl'
├─ Method 'assert!' @1:1
│  ├─ params
│  │  └─ Param 'condition'
│  │     └─ decl_type
│  │        └─ TypeRef 'Bool' @1:26
│  ├─ return_type
│  │  └─ TypeRef 'Void' @1:36
│  └─ body
│     └─ If @2:3
│        ├─ cond
│        │  └─ Unary 'not' @2:6
│        │     └─ operand
│        │        └─ Identifier 'condition' @2:10
│        └─ then
│           └─ ExprStmt @3:5
│              └─ expr
│                 └─ RaiseExpr @3:5
│                    └─ exception
│                       └─ Interp @3:11
│                          └─ parts
│                             ├─ StringLiteral 'Assertion failed ' @3:11
│                             ├─ StringLiteral 'samples/Syntax/ControlFlow/Pipeline.vl' @3:31
│                             ├─ StringLiteral ':' @3:11
│                             └─ IntLiteral '3' @3:43
├─ Method 'double' @8:1
│  ├─ params
│  │  └─ Param 'x'
│  │     └─ decl_type
│  │        └─ TypeRef 'Int32' @8:16
│  ├─ return_type
│  │  └─ TypeRef 'Int32' @8:26
│  └─ body
│     └─ ExprStmt @9:3
│        └─ expr
│           └─ Binary '*' @9:5
│              ├─ lhs
│              │  └─ Identifier 'x' @9:3
│              └─ rhs
│                 └─ IntLiteral '2' @9:7
├─ Method 'add_three' @12:1
│  ├─ params
│  │  └─ Param 'x'
│  │     └─ decl_type
│  │        └─ TypeRef 'Int32' @12:19
│  ├─ return_type
│  │  └─ TypeRef 'Int32' @12:29
│  └─ body
│     └─ ExprStmt @13:3
│        └─ expr
│           └─ Binary '+' @13:5
│              ├─ lhs
│              │  └─ Identifier 'x' @13:3
│              └─ rhs
│                 └─ IntLiteral '3' @13:7
├─ Method 'scale' @16:1
│  ├─ params
│  │  ├─ Param 'x'
│  │  │  └─ decl_type
│  │  │     └─ TypeRef 'Int32' @16:15
│  │  ├─ Param 'factor'
│  │  │  └─ decl_type
│  │  │     └─ TypeRef 'Int32' @16:31
│  │  └─ Param 'offset'
│  │     └─ decl_type
│  │        └─ TypeRef 'Int32' @16:47
│  ├─ return_type
│  │  └─ TypeRef 'Int32' @16:57
│  └─ body
│     └─ ExprStmt @17:3
│        └─ expr
│           └─ Binary '+' @17:16
│              ├─ lhs
│              │  └─ Binary '*' @17:6
│              │     ├─ lhs
│              │     │  └─ Identifier 'x' @17:4
│              │     └─ rhs
│              │        └─ Identifier 'factor' @17:8
│              └─ rhs
│                 └─ Identifier 'offset' @17:18
├─ Module 'MathHelper' @21:1
│  └─ body
│     ├─ Method 'square' self @24:3
│     │  ├─ params
│     │  │  └─ Param 'x'
│     │  │     └─ decl_type
│     │  │        └─ TypeRef 'Int32' @24:23
│     │  ├─ return_type
│     │  │  └─ TypeRef 'Int32' @24:33
│     │  └─ body
│     │     └─ ExprStmt @25:5
│     │        └─ expr
│     │           └─ Binary '*' @25:7
│     │              ├─ lhs
│     │              │  └─ Identifier 'x' @25:5
│     │              └─ rhs
│     │                 └─ Identifier 'x' @25:9
│     └─ Method 'add_constant' self @28:3
│        ├─ params
│        │  ├─ Param 'x'
│        │  │  └─ decl_type
│        │  │     └─ TypeRef 'Int32' @28:29
│        │  └─ Param 'const'
│        │     └─ decl_type
│        │        └─ TypeRef 'Int32' @28:44
│        ├─ return_type
│        │  └─ TypeRef 'Int32' @28:54
│        └─ body
│           └─ ExprStmt @29:5
│              └─ expr
│                 └─ Binary '+' @29:7
│                    ├─ lhs
│                    │  └─ Identifier 'x' @29:5
│                    └─ rhs
│                       └─ Identifier 'const' @29:9
├─ ExprStmt @37:1
│  └─ expr
│     └─ Assign '=' @37:15
│        ├─ target
│        │  └─ Identifier 'res_no_parens' @37:1
│        └─ value
│           └─ Call @37:32
│              ├─ callee
│              │  └─ Identifier 'double' @37:35
│              └─ args
│                 └─ Call @37:19
│                    ├─ callee
│                    │  └─ Identifier 'add_three' @37:22
│                    └─ args
│                       └─ IntLiteral '5' @37:17
├─ ExprStmt @38:1
│  └─ expr
│     └─ Call @38:8
│        ├─ callee
│        │  └─ Identifier 'assert!' @38:1
│        └─ args
│           └─ Binary '==' @38:23
│              ├─ lhs
│              │  └─ Identifier 'res_no_parens' @38:9
│              └─ rhs
│                 └─ IntLiteral '16' @38:26
├─ ExprStmt @42:1
│  └─ expr
│     └─ Assign '=' @42:16
│        ├─ target
│        │  └─ Identifier 'res_precedence' @42:1
│        └─ value
│           └─ Call @42:24
│              ├─ callee
│              │  └─ Identifier 'double' @42:27
│              └─ args
│                 └─ Binary '+' @42:20
│                    ├─ lhs
│                    │  └─ IntLiteral '1' @42:18
│                    └─ rhs
│                       └─ IntLiteral '2' @42:22
├─ ExprStmt @43:1
│  └─ expr
│     └─ Call @43:8
│        ├─ callee
│        │  └─ Identifier 'assert!' @43:1
│        └─ args
│           └─ Binary '==' @43:24
│              ├─ lhs
│              │  └─ Identifier 'res_precedence' @43:9
│              └─ rhs
│                 └─ IntLiteral '6' @43:27
├─ ExprStmt @47:1
│  └─ expr
│     └─ Assign '=' @47:3
│        ├─ target
│        │  └─ Identifier 'x' @47:1
│        └─ value
│           └─ Call @47:7
│              ├─ callee
│              │  └─ Identifier 'double' @47:10
│              └─ args
│                 └─ IntLiteral '5' @47:5
├─ ExprStmt @48:1
│  └─ expr
│     └─ Call @48:8
│        ├─ callee
│        │  └─ Identifier 'assert!' @48:1
│        └─ args
│           └─ Binary '==' @48:11
│              ├─ lhs
│              │  └─ Identifier 'x' @48:9
│              └─ rhs
│                 └─ IntLiteral '10' @48:14
├─ ExprStmt @52:1
│  └─ expr
│     └─ Assign '=' @52:16
│        ├─ target
│        │  └─ Identifier 'res_multi_args' @52:1
│        └─ value
│           └─ Call @52:21
│              ├─ callee
│              │  └─ Identifier 'scale' @52:24
│              └─ args
│                 ├─ IntLiteral '10' @52:18
│                 ├─ IntLiteral '3' @52:30
│                 └─ IntLiteral '5' @52:33
├─ ExprStmt @53:1
│  └─ expr
│     └─ Call @53:8
│        ├─ callee
│        │  └─ Identifier 'assert!' @53:1
│        └─ args
│           └─ Binary '==' @53:24
│              ├─ lhs
│              │  └─ Identifier 'res_multi_args' @53:9
│              └─ rhs
│                 └─ IntLiteral '35' @53:27
├─ ExprStmt @57:1
│  └─ expr
│     └─ Assign '=' @57:12
│        ├─ target
│        │  └─ Identifier 'res_module' @57:1
│        └─ value
│           └─ Call @59:3
│              ├─ callee
│              │  └─ Member 'add_constant' @59:16
│              │     └─ object
│              │        └─ Identifier 'MathHelper' @59:6
│              └─ args
│                 ├─ Call @58:3
│                 │  ├─ callee
│                 │  │  └─ Member 'square' @58:16
│                 │  │     └─ object
│                 │  │        └─ Identifier 'MathHelper' @58:6
│                 │  └─ args
│                 │     └─ IntLiteral '4' @57:14
│                 └─ IntLiteral '10' @59:30
├─ ExprStmt @60:1
│  └─ expr
│     └─ Call @60:8
│        ├─ callee
│        │  └─ Identifier 'assert!' @60:1
│        └─ args
│           └─ Binary '==' @60:20
│              ├─ lhs
│              │  └─ Identifier 'res_module' @60:9
│              └─ rhs
│                 └─ IntLiteral '26' @60:23
├─ ExprStmt @64:1
│  └─ expr
│     └─ Assign '=' @64:15
│        ├─ target
│        │  └─ Identifier 'res_multiline' @64:1
│        └─ value
│           └─ Call @66:3
│              ├─ callee
│              │  └─ Identifier 'add_three' @66:6
│              └─ args
│                 └─ Call @65:3
│                    ├─ callee
│                    │  └─ Identifier 'double' @65:6
│                    └─ args
│                       └─ IntLiteral '2' @64:17
└─ ExprStmt @67:1
   └─ expr
      └─ Call @67:8
         ├─ callee
         │  └─ Identifier 'assert!' @67:1
         └─ args
            └─ Binary '==' @67:23
               ├─ lhs
               │  └─ Identifier 'res_multiline' @67:9
               └─ rhs
                  └─ IntLiteral '7' @67:26
--- exit 0 ---
