// ==== samples/Circuits/TwoDeps/Project.vl ====
(Circuit
  Name='TwoDepsApp'
  Body=[
    (ExprStmt
      Expr=(Call
        Callee=(Identifier
          Name='runtime')
        Args=[
          (StringLiteral
            Value='0.1.0')
        ]
        ArgNames=[
          ''
        ]))
    (ExprStmt
      Expr=(Call
        Callee=(Identifier
          Name='entrypoint')
        Args=[
          (StringLiteral
            Value='Source/Main.vl')
        ]
        ArgNames=[
          ''
        ]))
    (ExprStmt
      Expr=(Call
        Callee=(Identifier
          Name='modules')
        Args=[
          (Binary
            Op==>
            Lhs=(StringLiteral
              Value='Models')
            Rhs=(StringLiteral
              Value='Source/Models'))
          (Binary
            Op==>
            Lhs=(StringLiteral
              Value='Components')
            Rhs=(StringLiteral
              Value='Source/Components'))
        ]
        ArgNames=[
          ''
          ''
        ]))
  ])
[Volt] 1 file(s), 0 error(s)
--- exit 0 ---
