Program 'samples/Tests/Exceptions/ExceptionMessage.vl'
├─ Method 'level3' @1:1
│  ├─ return_type
│  │  └─ TypeRef 'Void' @1:15
│  └─ body
│     └─ ExprStmt @2:3
│        └─ expr
│           └─ RaiseExpr @2:3
│              └─ exception
│                 └─ Call @2:26
│                    ├─ callee
│                    │  └─ Member 'new' @2:22
│                    │     └─ object
│                    │        └─ Identifier 'ArgumentError' @2:9
│                    └─ args
│                       └─ StringLiteral 'deep message\tsurvives' @2:28
├─ Method 'level2' @6:1
│  ├─ return_type
│  │  └─ TypeRef 'Void' @6:15
│  └─ body
│     └─ ExprStmt @7:3
│        └─ expr
│           └─ Identifier 'level3' @7:3
├─ Method 'quiet' @11:1
│  └─ return_type
│     └─ TypeRef 'Void' @11:14
├─ Method 'main' @15:1
│  ├─ return_type
│  │  └─ TypeRef 'Int32' @15:13
│  └─ body
│     ├─ ExprStmt @16:3
│     │  └─ expr
│     │     └─ Assign '=' @16:9
│     │        ├─ target
│     │        │  └─ Identifier 'total' @16:3
│     │        └─ value
│     │           └─ IntLiteral '0' @16:11
│     ├─ ExprStmt @18:3
│     │  └─ expr
│     │     └─ BeginExpr @18:3
│     │        ├─ body
│     │        │  └─ ExprStmt @19:5
│     │        │     └─ expr
│     │        │        └─ Identifier 'level2' @19:5
│     │        └─ rescue_clauses
│     │           └─ RescueClause 'e' @20:10
│     │              ├─ exception_type
│     │              │  └─ TypeRef 'ArgumentError' @20:14
│     │              └─ body
│     │                 └─ ExprStmt @21:5
│     │                    └─ expr
│     │                       └─ Assign '=' @21:11
│     │                          ├─ target
│     │                          │  └─ Identifier 'total' @21:5
│     │                          └─ value
│     │                             └─ Ternary @21:38
│     │                                ├─ cond
│     │                                │  └─ Binary '==' @21:28
│     │                                │     ├─ lhs
│     │                                │     │  └─ Member 'size' @21:22
│     │                                │     │     └─ object
│     │                                │     │        └─ Member 'message' @21:14
│     │                                │     │           └─ object
│     │                                │     │              └─ Identifier 'e' @21:13
│     │                                │     └─ rhs
│     │                                │        └─ IntLiteral '21_u64' @21:31
│     │                                ├─ then
│     │                                │  └─ IntLiteral '5' @21:40
│     │                                └─ else
│     │                                   └─ IntLiteral '0' @21:44
│     ├─ ExprStmt @24:3
│     │  └─ expr
│     │     └─ BeginExpr @24:3
│     │        ├─ body
│     │        │  └─ ExprStmt @25:5
│     │        │     └─ expr
│     │        │        └─ Identifier 'quiet' @25:5
│     │        └─ rescue_clauses
│     │           └─ RescueClause 'e' @26:10
│     │              ├─ exception_type
│     │              │  └─ TypeRef 'Exception' @26:14
│     │              └─ body
│     │                 └─ ExprStmt @27:5
│     │                    └─ expr
│     │                       └─ Assign '=' @27:11
│     │                          ├─ target
│     │                          │  └─ Identifier 'total' @27:5
│     │                          └─ value
│     │                             └─ Binary '+' @27:19
│     │                                ├─ lhs
│     │                                │  └─ Identifier 'total' @27:13
│     │                                └─ rhs
│     │                                   └─ IntLiteral '100' @27:21
│     └─ ExprStmt @30:3
│        └─ expr
│           └─ Binary '+' @30:9
│              ├─ lhs
│              │  └─ Identifier 'total' @30:3
│              └─ rhs
│                 └─ IntLiteral '2' @30:11
└─ ExprStmt @34:1
   └─ expr
      └─ Call @34:10
         ├─ callee
         │  └─ Member 'exit' @34:5
         │     └─ object
         │        └─ Identifier 'LibC' @34:1
         └─ args
            └─ Identifier 'main' @34:12
--- exit 0 ---
