Program 'samples/Tests/Exceptions/Exceptions.vl'
├─ Method 'deep' @1:1
│  ├─ return_type
│  │  └─ TypeRef 'Void' @1:13
│  └─ body
│     └─ ExprStmt @2:3
│        └─ expr
│           └─ RaiseExpr @2:3
│              └─ exception
│                 └─ Call @2:26
│                    ├─ callee
│                    │  └─ Member 'new' @2:22
│                    │     └─ object
│                    │        └─ Identifier 'ArgumentError' @2:9
│                    └─ args
│                       └─ StringLiteral 'from deep' @2:28
├─ Method 'main' @6:1
│  ├─ return_type
│  │  └─ TypeRef 'Int32' @6:13
│  └─ body
│     ├─ ExprStmt @7:3
│     │  └─ expr
│     │     └─ Assign '=' @7:9
│     │        ├─ target
│     │        │  └─ Identifier 'total' @7:3
│     │        └─ value
│     │           └─ IntLiteral '0' @7:11
│     ├─ ExprStmt @9:3
│     │  └─ expr
│     │     └─ BeginExpr @9:3
│     │        ├─ body
│     │        │  ├─ ExprStmt @10:5
│     │        │  │  └─ expr
│     │        │  │     └─ Call @10:9
│     │        │  │        └─ callee
│     │        │  │           └─ Identifier 'deep' @10:5
│     │        │  └─ ExprStmt @11:5
│     │        │     └─ expr
│     │        │        └─ Assign '=' @11:11
│     │        │           ├─ target
│     │        │           │  └─ Identifier 'total' @11:5
│     │        │           └─ value
│     │        │              └─ Binary '+' @11:19
│     │        │                 ├─ lhs
│     │        │                 │  └─ Identifier 'total' @11:13
│     │        │                 └─ rhs
│     │        │                    └─ IntLiteral '100' @11:21
│     │        ├─ rescue_clauses
│     │        │  ├─ RescueClause 'e' @12:10
│     │        │  │  ├─ exception_type
│     │        │  │  │  └─ TypeRef 'IndexError' @12:14
│     │        │  │  └─ body
│     │        │  │     └─ ExprStmt @13:5
│     │        │  │        └─ expr
│     │        │  │           └─ Assign '=' @13:11
│     │        │  │              ├─ target
│     │        │  │              │  └─ Identifier 'total' @13:5
│     │        │  │              └─ value
│     │        │  │                 └─ Binary '+' @13:19
│     │        │  │                    ├─ lhs
│     │        │  │                    │  └─ Identifier 'total' @13:13
│     │        │  │                    └─ rhs
│     │        │  │                       └─ IntLiteral '200' @13:21
│     │        │  └─ RescueClause 'e' @14:10
│     │        │     ├─ exception_type
│     │        │     │  └─ TypeRef 'ArgumentError' @14:14
│     │        │     └─ body
│     │        │        └─ ExprStmt @15:5
│     │        │           └─ expr
│     │        │              └─ Assign '=' @15:11
│     │        │                 ├─ target
│     │        │                 │  └─ Identifier 'total' @15:5
│     │        │                 └─ value
│     │        │                    └─ Binary '+' @15:19
│     │        │                       ├─ lhs
│     │        │                       │  └─ Identifier 'total' @15:13
│     │        │                       └─ rhs
│     │        │                          └─ IntLiteral '1' @15:21
│     │        └─ ensure_body
│     │           └─ ExprStmt @17:5
│     │              └─ expr
│     │                 └─ Assign '=' @17:11
│     │                    ├─ target
│     │                    │  └─ Identifier 'total' @17:5
│     │                    └─ value
│     │                       └─ Binary '+' @17:19
│     │                          ├─ lhs
│     │                          │  └─ Identifier 'total' @17:13
│     │                          └─ rhs
│     │                             └─ IntLiteral '2' @17:21
│     ├─ ExprStmt @20:3
│     │  └─ expr
│     │     └─ BeginExpr @20:3
│     │        ├─ body
│     │        │  └─ ExprStmt @21:5
│     │        │     └─ expr
│     │        │        └─ RaiseExpr @21:5
│     │        │           └─ exception
│     │        │              └─ Call @21:23
│     │        │                 ├─ callee
│     │        │                 │  └─ Member 'new' @21:19
│     │        │                 │     └─ object
│     │        │                 │        └─ Identifier 'KeyError' @21:11
│     │        │                 └─ args
│     │        │                    └─ StringLiteral 'sub' @21:25
│     │        └─ rescue_clauses
│     │           └─ RescueClause 'e' @22:10
│     │              ├─ exception_type
│     │              │  └─ TypeRef 'Exception' @22:14
│     │              └─ body
│     │                 └─ ExprStmt @23:5
│     │                    └─ expr
│     │                       └─ Assign '=' @23:11
│     │                          ├─ target
│     │                          │  └─ Identifier 'total' @23:5
│     │                          └─ value
│     │                             └─ Binary '+' @23:19
│     │                                ├─ lhs
│     │                                │  └─ Identifier 'total' @23:13
│     │                                └─ rhs
│     │                                   └─ IntLiteral '4' @23:21
│     ├─ ExprStmt @26:3
│     │  └─ expr
│     │     └─ BeginExpr @26:3
│     │        ├─ body
│     │        │  └─ ExprStmt @27:5
│     │        │     └─ expr
│     │        │        └─ Assign '=' @27:11
│     │        │           ├─ target
│     │        │           │  └─ Identifier 'total' @27:5
│     │        │           └─ value
│     │        │              └─ Binary '+' @27:19
│     │        │                 ├─ lhs
│     │        │                 │  └─ Identifier 'total' @27:13
│     │        │                 └─ rhs
│     │        │                    └─ IntLiteral '8' @27:21
│     │        ├─ rescue_clauses
│     │        │  └─ RescueClause 'e' @28:10
│     │        │     ├─ exception_type
│     │        │     │  └─ TypeRef 'Exception' @28:14
│     │        │     └─ body
│     │        │        └─ ExprStmt @29:5
│     │        │           └─ expr
│     │        │              └─ Assign '=' @29:11
│     │        │                 ├─ target
│     │        │                 │  └─ Identifier 'total' @29:5
│     │        │                 └─ value
│     │        │                    └─ Binary '+' @29:19
│     │        │                       ├─ lhs
│     │        │                       │  └─ Identifier 'total' @29:13
│     │        │                       └─ rhs
│     │        │                          └─ IntLiteral '400' @29:21
│     │        └─ ensure_body
│     │           └─ ExprStmt @31:5
│     │              └─ expr
│     │                 └─ Assign '=' @31:11
│     │                    ├─ target
│     │                    │  └─ Identifier 'total' @31:5
│     │                    └─ value
│     │                       └─ Binary '+' @31:19
│     │                          ├─ lhs
│     │                          │  └─ Identifier 'total' @31:13
│     │                          └─ rhs
│     │                             └─ IntLiteral '16' @31:21
│     └─ ExprStmt @34:3
│        └─ expr
│           └─ Identifier 'total' @34:3
└─ ExprStmt @37:1
   └─ expr
      └─ Call @37:10
         ├─ callee
         │  └─ Member 'exit' @37:5
         │     └─ object
         │        └─ Identifier 'LibC' @37:1
         └─ args
            └─ Identifier 'main' @37:12
--- exit 0 ---
