Program 'samples/Bench/ArrayFinalize.vl'
├─ Method 'bench_array_finalize' @1:1
│  ├─ return_type
│  │  └─ TypeRef 'UInt64' @1:29
│  └─ body
│     ├─ ExprStmt @3:3
│     │  └─ expr
│     │     └─ Assign '=' @3:9
│     │        ├─ target
│     │        │  └─ Identifier 'total' @3:3
│     │        └─ value
│     │           └─ IntLiteral '0' @3:11
│     ├─ ExprStmt @5:3
│     │  └─ expr
│     │     └─ Call @5:13
│     │        ├─ callee
│     │        │  └─ Member 'times' @5:6
│     │        │     └─ object
│     │        │        └─ IntLiteral '1000000' @5:3
│     │        └─ block_arg
│     │           └─ Block @5:13
│     │              └─ body
│     │                 ├─ ExprStmt @6:5
│     │                 │  └─ expr
│     │                 │     └─ Assign '=' @6:9
│     │                 │        ├─ target
│     │                 │        │  └─ Identifier 'arr' @6:5
│     │                 │        └─ value
│     │                 │           └─ Call @6:27
│     │                 │              ├─ callee
│     │                 │              │  └─ Member 'new' @6:23
│     │                 │              │     └─ object
│     │                 │              │        └─ GenericInst @6:16
│     │                 │              │           ├─ base
│     │                 │              │           │  └─ Identifier 'Array' @6:11
│     │                 │              │           └─ args
│     │                 │              │              └─ TypeRef 'Int32' @6:17
│     │                 │              └─ args
│     │                 │                 └─ IntLiteral '200' @6:29
│     │                 ├─ ExprStmt @7:5
│     │                 │  └─ expr
│     │                 │     └─ Call @7:14
│     │                 │        ├─ callee
│     │                 │        │  └─ Member 'times' @7:7
│     │                 │        │     └─ object
│     │                 │        │        └─ IntLiteral '50' @7:5
│     │                 │        └─ block_arg
│     │                 │           └─ Block @7:14
│     │                 │              ├─ params
│     │                 │              │  └─ Param 'i'
│     │                 │              └─ body
│     │                 │                 └─ ExprStmt @7:22
│     │                 │                    └─ expr
│     │                 │                       └─ Binary '<<' @7:26
│     │                 │                          ├─ lhs
│     │                 │                          │  └─ Identifier 'arr' @7:22
│     │                 │                          └─ rhs
│     │                 │                             └─ Identifier 'i' @7:29
│     │                 └─ ExprStmt @8:5
│     │                    └─ expr
│     │                       └─ Assign '+=' @8:11
│     │                          ├─ target
│     │                          │  └─ Identifier 'total' @8:5
│     │                          └─ value
│     │                             └─ Member 'size' @8:17
│     │                                └─ object
│     │                                   └─ Identifier 'arr' @8:14
│     └─ ExprStmt @11:3
│        └─ expr
│           └─ Identifier 'total' @11:3
└─ ExprStmt @16:1
   └─ expr
      └─ Call @16:1
         ├─ callee
         │  └─ Identifier 'assert!' @16:1
         └─ args
            └─ Binary '==' @16:30
               ├─ lhs
               │  └─ Identifier 'bench_array_finalize' @16:9
               └─ rhs
                  └─ IntLiteral '50000000' @16:33
--- exit 0 ---
