Program 'samples/Syntax/OOP/Classes.vl'
├─ Method 'assert!' @1:1
│  ├─ params
│  │  └─ Param 'condition'
│  │     └─ decl_type
│  │        └─ TypeRef 'Bool' @1:26
│  ├─ return_type
│  │  └─ TypeRef 'Void' @1:36
│  └─ body
│     └─ If @2:3
│        ├─ cond
│        │  └─ Unary 'not' @2:6
│        │     └─ operand
│        │        └─ Identifier 'condition' @2:10
│        └─ then
│           └─ ExprStmt @3:5
│              └─ expr
│                 └─ RaiseExpr @3:5
│                    └─ exception
│                       └─ Interp @3:11
│                          └─ parts
│                             ├─ StringLiteral 'Assertion failed ' @3:11
│                             ├─ StringLiteral 'samples/Syntax/OOP/Classes.vl' @3:31
│                             ├─ StringLiteral ':' @3:11
│                             └─ IntLiteral '3' @3:43
├─ Class 'UserAccount' @7:1
│  └─ body
│     ├─ Field 'name' getter @8:3
│     │  └─ decl_type
│     │     └─ TypeRef 'String' @8:19
│     ├─ Field 'email' getter @9:3
│     │  └─ decl_type
│     │     └─ TypeRef 'String' @9:19
│     ├─ Field 'role' getter @10:3
│     │  └─ decl_type
│     │     └─ TypeRef 'String' @10:19
│     ├─ Method 'initialize' @12:3
│     │  └─ params
│     │     ├─ Param 'name' instance_var
│     │     │  └─ decl_type
│     │     │     └─ TypeRef 'String' @12:27
│     │     ├─ Param 'email' instance_var
│     │     │  └─ decl_type
│     │     │     └─ TypeRef 'String' @12:44
│     │     └─ Param 'role' instance_var
│     │        ├─ decl_type
│     │        │  └─ TypeRef 'String' @12:60
│     │        └─ default
│     │           └─ StringLiteral 'user' @12:69
│     └─ Method 'admin?' @15:3
│        └─ body
│           └─ ExprStmt @16:5
│              └─ expr
│                 └─ Binary '==' @16:11
│                    ├─ lhs
│                    │  └─ InstanceVar '@role' @16:5
│                    └─ rhs
│                       └─ StringLiteral 'admin' @16:14
├─ ExprStmt @20:1
│  └─ expr
│     └─ Assign '=' @20:6
│        ├─ target
│        │  └─ Identifier 'user' @20:1
│        └─ value
│           └─ Call @20:23
│              ├─ callee
│              │  └─ Member 'new' @20:19
│              │     └─ object
│              │        └─ Identifier 'UserAccount' @20:8
│              └─ args
│                 ├─ StringLiteral 'Alice' @20:25
│                 ├─ StringLiteral 'alice@domain.com' @20:34
│                 └─ StringLiteral 'admin' @20:54
├─ ExprStmt @21:1
│  └─ expr
│     └─ Call @21:8
│        ├─ callee
│        │  └─ Identifier 'assert!' @21:1
│        └─ args
│           └─ Binary '==' @21:20
│              ├─ lhs
│              │  └─ Member 'name' @21:14
│              │     └─ object
│              │        └─ Identifier 'user' @21:10
│              └─ rhs
│                 └─ StringLiteral 'Alice' @21:23
├─ ExprStmt @22:1
│  └─ expr
│     └─ Call @22:8
│        ├─ callee
│        │  └─ Identifier 'assert!' @22:1
│        └─ args
│           └─ Binary '==' @22:21
│              ├─ lhs
│              │  └─ Member 'email' @22:14
│              │     └─ object
│              │        └─ Identifier 'user' @22:10
│              └─ rhs
│                 └─ StringLiteral 'alice@domain.com' @22:24
└─ ExprStmt @23:1
   └─ expr
      └─ Call @23:8
         ├─ callee
         │  └─ Identifier 'assert!' @23:1
         └─ args
            └─ Member 'admin?' @23:14
               └─ object
                  └─ Identifier 'user' @23:10
--- exit 0 ---
