Program 'samples/Syntax/OOP/Enums.vl'
├─ Method 'assert!' @1:1
│  ├─ params
│  │  └─ Param 'condition'
│  │     └─ decl_type
│  │        └─ TypeRef 'Bool' @1:26
│  ├─ return_type
│  │  └─ TypeRef 'Void' @1:36
│  └─ body
│     └─ If @2:3
│        ├─ cond
│        │  └─ Unary 'not' @2:6
│        │     └─ operand
│        │        └─ Identifier 'condition' @2:10
│        └─ then
│           └─ ExprStmt @3:5
│              └─ expr
│                 └─ Call @3:5
│                    ├─ callee
│                    │  └─ Identifier 'raise' @3:5
│                    └─ args
│                       └─ Interp @3:11
│                          └─ parts
│                             ├─ StringLiteral 'Assertion failed ' @3:11
│                             ├─ StringLiteral 'samples/Syntax/OOP/Enums.vl' @3:31
│                             ├─ StringLiteral ':' @3:11
│                             └─ IntLiteral '3' @3:43
├─ Enum 'Color' @9:1
│  └─ body
│     ├─ EnumCase 'Red' @10:3
│     │  └─ value
│     │     └─ IntLiteral '0' @10:3
│     ├─ EnumCase 'Green' @11:3
│     │  └─ value
│     │     └─ IntLiteral '1' @11:3
│     └─ EnumCase 'Blue' @12:3
│        └─ value
│           └─ IntLiteral '2' @12:3
├─ Enum 'UserRole' @17:1
│  ├─ underlying
│  │  └─ TypeRef 'UInt8' @17:17
│  └─ body
│     ├─ EnumCase 'Guest' @18:3
│     │  └─ value
│     │     └─ IntLiteral '0' @18:3
│     ├─ EnumCase 'Member' @19:3
│     │  └─ value
│     │     └─ IntLiteral '1' @19:3
│     ├─ EnumCase 'Moderator' @20:3
│     │  └─ value
│     │     └─ IntLiteral '2' @20:3
│     └─ EnumCase 'Admin' @21:3
│        └─ value
│           └─ IntLiteral '3' @21:3
├─ Enum 'HttpStatus' @26:1
│  ├─ underlying
│  │  └─ TypeRef 'Int32' @26:19
│  └─ body
│     ├─ EnumCase 'Ok' @27:3
│     │  └─ value
│     │     └─ IntLiteral '200' @27:17
│     ├─ EnumCase 'Created' @28:3
│     │  └─ value
│     │     └─ IntLiteral '201' @28:17
│     ├─ EnumCase 'BadRequest' @29:3
│     │  └─ value
│     │     └─ IntLiteral '400' @29:17
│     ├─ EnumCase 'NotFound' @30:3
│     │  └─ value
│     │     └─ IntLiteral '404' @30:17
│     └─ EnumCase 'InternalErr' @31:3
│        └─ value
│           └─ IntLiteral '500' @31:17
├─ Enum 'TaskStatus' @36:1
│  └─ body
│     ├─ EnumCase 'Todo' @37:3
│     │  └─ value
│     │     └─ IntLiteral '0' @37:3
│     ├─ EnumCase 'InProgress' @38:3
│     │  └─ value
│     │     └─ IntLiteral '1' @38:3
│     ├─ EnumCase 'Done' @39:3
│     │  └─ value
│     │     └─ IntLiteral '2' @39:3
│     └─ Method 'next_step' @41:3
│        ├─ return_type
│        │  └─ TypeRef 'self' @41:20
│        └─ body
│           └─ ExprStmt @42:5
│              └─ expr
│                 └─ CaseExpr @42:5
│                    ├─ target
│                    │  └─ SelfExpr @42:10
│                    └─ clauses
│                       ├─ WhenClause @43:5
│                       │  ├─ patterns
│                       │  │  └─ Call @43:10
│                       │  │     └─ callee
│                       │  │        └─ Member 'Todo' @43:10
│                       │  │           └─ object
│                       │  │              └─ SelfExpr @42:10
│                       │  └─ body
│                       │     └─ ExprStmt @43:27
│                       │        └─ expr
│                       │           └─ Member 'InProgress' @43:37
│                       │              └─ object
│                       │                 └─ Identifier 'TaskStatus' @43:27
│                       ├─ WhenClause @44:5
│                       │  ├─ patterns
│                       │  │  └─ Call @44:10
│                       │  │     └─ callee
│                       │  │        └─ Member 'InProgress' @44:10
│                       │  │           └─ object
│                       │  │              └─ SelfExpr @42:10
│                       │  └─ body
│                       │     └─ ExprStmt @44:27
│                       │        └─ expr
│                       │           └─ Member 'Done' @44:37
│                       │              └─ object
│                       │                 └─ Identifier 'TaskStatus' @44:27
│                       └─ WhenClause @45:5
│                          ├─ patterns
│                          │  └─ Call @45:10
│                          │     └─ callee
│                          │        └─ Member 'Done' @45:10
│                          │           └─ object
│                          │              └─ SelfExpr @42:10
│                          └─ body
│                             └─ ExprStmt @45:27
│                                └─ expr
│                                   └─ Member 'Done' @45:37
│                                      └─ object
│                                         └─ Identifier 'TaskStatus' @45:27
├─ Enum 'Optional' [T] @52:1
│  └─ body
│     ├─ EnumCase 'None' @53:3
│     │  └─ value
│     │     └─ IntLiteral '0' @53:3
│     ├─ EnumCase 'Some' @54:3
│     │  ├─ payload
│     │  │  └─ Param 'value'
│     │  │     └─ decl_type
│     │  │        └─ TypeRef 'T' @54:17
│     │  └─ value
│     │     └─ IntLiteral '1' @54:3
│     └─ Method 'value_or' @56:3
│        ├─ params
│        │  └─ Param 'default_val'
│        │     └─ decl_type
│        │        └─ TypeRef 'T' @56:31
│        ├─ return_type
│        │  └─ TypeRef 'T' @56:38
│        └─ body
│           └─ ExprStmt @57:5
│              └─ expr
│                 └─ CaseExpr @57:5
│                    ├─ target
│                    │  └─ SelfExpr @57:10
│                    └─ clauses
│                       ├─ WhenClause @58:5
│                       │  ├─ patterns
│                       │  │  └─ Call @58:10
│                       │  │     ├─ callee
│                       │  │     │  └─ Member 'Some' @58:10
│                       │  │     │     └─ object
│                       │  │     │        └─ SelfExpr @57:10
│                       │  │     └─ args
│                       │  │        └─ Identifier 'val' @58:16
│                       │  └─ body
│                       │     └─ ExprStmt @58:26
│                       │        └─ expr
│                       │           └─ Identifier 'val' @58:26
│                       └─ WhenClause @59:5
│                          ├─ patterns
│                          │  └─ Call @59:10
│                          │     └─ callee
│                          │        └─ Member 'None' @59:10
│                          │           └─ object
│                          │              └─ SelfExpr @57:10
│                          └─ body
│                             └─ ExprStmt @59:26
│                                └─ expr
│                                   └─ Identifier 'default_val' @59:26
├─ ExprStmt @66:1
│  └─ expr
│     └─ Assign '=' @66:11
│        ├─ target
│        │  └─ Identifier 'color_red' @66:1
│        └─ value
│           └─ Member 'Red' @66:18
│              └─ object
│                 └─ Identifier 'Color' @66:13
├─ ExprStmt @67:1
│  └─ expr
│     └─ Assign '=' @67:12
│        ├─ target
│        │  └─ Identifier 'color_blue' @67:1
│        └─ value
│           └─ Member 'Blue' @67:19
│              └─ object
│                 └─ Identifier 'Color' @67:14
├─ ExprStmt @68:1
│  └─ expr
│     └─ Call @68:8
│        ├─ callee
│        │  └─ Identifier 'assert!' @68:1
│        └─ args
│           └─ Binary '==' @68:29
│              ├─ lhs
│              │  └─ Member 'to_value' @68:19
│              │     └─ object
│              │        └─ Identifier 'color_red' @68:10
│              └─ rhs
│                 └─ IntLiteral '0' @68:32
├─ ExprStmt @69:1
│  └─ expr
│     └─ Call @69:8
│        ├─ callee
│        │  └─ Identifier 'assert!' @69:1
│        └─ args
│           └─ Binary '==' @69:30
│              ├─ lhs
│              │  └─ Member 'to_value' @69:20
│              │     └─ object
│              │        └─ Identifier 'color_blue' @69:10
│              └─ rhs
│                 └─ IntLiteral '2' @69:33
├─ ExprStmt @71:1
│  └─ expr
│     └─ Assign '=' @71:6
│        ├─ target
│        │  └─ Identifier 'role' @71:1
│        └─ value
│           └─ Member 'Moderator' @71:16
│              └─ object
│                 └─ Identifier 'UserRole' @71:8
├─ ExprStmt @72:1
│  └─ expr
│     └─ Call @72:8
│        ├─ callee
│        │  └─ Identifier 'assert!' @72:1
│        └─ args
│           └─ Binary '==' @72:24
│              ├─ lhs
│              │  └─ Member 'to_value' @72:14
│              │     └─ object
│              │        └─ Identifier 'role' @72:10
│              └─ rhs
│                 └─ IntLiteral '2' @72:27
├─ ExprStmt @74:1
│  └─ expr
│     └─ Assign '=' @74:11
│        ├─ target
│        │  └─ Identifier 'status_ok' @74:1
│        └─ value
│           └─ Member 'Ok' @74:23
│              └─ object
│                 └─ Identifier 'HttpStatus' @74:13
├─ ExprStmt @75:1
│  └─ expr
│     └─ Assign '=' @75:18
│        ├─ target
│        │  └─ Identifier 'status_not_found' @75:1
│        └─ value
│           └─ Member 'NotFound' @75:30
│              └─ object
│                 └─ Identifier 'HttpStatus' @75:20
├─ ExprStmt @76:1
│  └─ expr
│     └─ Call @76:8
│        ├─ callee
│        │  └─ Identifier 'assert!' @76:1
│        └─ args
│           └─ Binary '==' @76:29
│              ├─ lhs
│              │  └─ Member 'to_value' @76:19
│              │     └─ object
│              │        └─ Identifier 'status_ok' @76:10
│              └─ rhs
│                 └─ IntLiteral '200' @76:32
├─ ExprStmt @77:1
│  └─ expr
│     └─ Call @77:8
│        ├─ callee
│        │  └─ Identifier 'assert!' @77:1
│        └─ args
│           └─ Binary '==' @77:36
│              ├─ lhs
│              │  └─ Member 'to_value' @77:26
│              │     └─ object
│              │        └─ Identifier 'status_not_found' @77:10
│              └─ rhs
│                 └─ IntLiteral '404' @77:39
├─ ExprStmt @79:1
│  └─ expr
│     └─ Assign '=' @79:6
│        ├─ target
│        │  └─ Identifier 'task' @79:1
│        └─ value
│           └─ Member 'Todo' @79:18
│              └─ object
│                 └─ Identifier 'TaskStatus' @79:8
├─ ExprStmt @80:1
│  └─ expr
│     └─ Call @80:8
│        ├─ callee
│        │  └─ Identifier 'assert!' @80:1
│        └─ args
│           └─ Binary '==' @80:25
│              ├─ lhs
│              │  └─ Member 'next_step' @80:14
│              │     └─ object
│              │        └─ Identifier 'task' @80:10
│              └─ rhs
│                 └─ Member 'InProgress' @80:38
│                    └─ object
│                       └─ Identifier 'TaskStatus' @80:28
├─ LocalDecl 'maybe_name' @82:1
│  ├─ decl_type
│  │  └─ TypeRef 'Optional' @82:14
│  │     └─ generics
│  │        └─ TypeRef 'String' @82:23
│  └─ init
│     └─ Call @82:47
│        ├─ callee
│        │  └─ Member 'Some' @82:41
│        │     └─ object
│        │        └─ Identifier 'Optional' @82:33
│        └─ args
│           └─ StringLiteral 'Yutsuna' @82:49
├─ LocalDecl 'maybe_age' @83:1
│  ├─ decl_type
│  │  └─ TypeRef 'Optional' @83:13
│  │     └─ generics
│  │        └─ TypeRef 'Int32' @83:22
│  └─ init
│     └─ Member 'None' @83:39
│        └─ object
│           └─ Identifier 'Optional' @83:31
├─ ExprStmt @85:1
│  └─ expr
│     └─ Call @85:8
│        ├─ callee
│        │  └─ Identifier 'assert!' @85:1
│        └─ args
│           └─ Binary '==' @85:43
│              ├─ lhs
│              │  └─ Call @85:29
│              │     ├─ callee
│              │     │  └─ Member 'value_or' @85:20
│              │     │     └─ object
│              │     │        └─ Identifier 'maybe_name' @85:10
│              │     └─ args
│              │        └─ StringLiteral 'Inconnu' @85:31
│              └─ rhs
│                 └─ StringLiteral 'Yutsuna' @85:46
└─ ExprStmt @86:1
   └─ expr
      └─ Call @86:8
         ├─ callee
         │  └─ Identifier 'assert!' @86:1
         └─ args
            └─ Binary '==' @86:35
               ├─ lhs
               │  └─ Call @86:28
               │     ├─ callee
               │     │  └─ Member 'value_or' @86:19
               │     │     └─ object
               │     │        └─ Identifier 'maybe_age' @86:10
               │     └─ args
               │        └─ IntLiteral '18' @86:30
               └─ rhs
                  └─ IntLiteral '18' @86:38
--- exit 0 ---
