Program 'samples/Functional/FunctionalSpec.vl'
├─ MacroDef 'assert!' '-> Void
  if not condition
    raise "Assertion failed"
  end
' @1:1
│  └─ params
│     └─ Param 'condition'
│        └─ decl_type
│           └─ TypeRef 'Bool' @1:32
├─ Module 'PointFreeDemo' @43:1
│  └─ body
│     └─ Method 'run' self @45:3
│        ├─ return_type
│        │  └─ TypeRef 'Void' @45:19
│        └─ body
│           ├─ ExprStmt @46:5
│           │  └─ expr
│           │     └─ Assign '=' @46:13
│           │        ├─ target
│           │        │  └─ Identifier 'numbers' @46:5
│           │        └─ value
│           │           └─ ArrayLit @46:15
│           │              └─ elements
│           │                 ├─ IntLiteral '1' @46:17
│           │                 ├─ IntLiteral '2' @46:20
│           │                 ├─ IntLiteral '3' @46:23
│           │                 ├─ IntLiteral '4' @46:26
│           │                 └─ IntLiteral '5' @46:29
│           ├─ ExprStmt @50:5
│           │  └─ expr
│           │     └─ Assign '=' @50:13
│           │        ├─ target
│           │        │  └─ Identifier 'results' @50:5
│           │        └─ value
│           │           └─ Call @50:26
│           │              ├─ callee
│           │              │  └─ Member 'map' @50:22
│           │              │     └─ object
│           │              │        └─ Identifier 'numbers' @50:15
│           │              └─ block_arg
│           │                 └─ Composition @50:39
│           │                    ├─ lhs
│           │                    │  └─ Section operator '+' @50:30
│           │                    │     └─ args
│           │                    │        └─ IntLiteral '10' @50:34
│           │                    └─ rhs
│           │                       └─ Section operator '*' @50:44
│           │                          └─ args
│           │                             └─ IntLiteral '2' @50:48
│           ├─ ExprStmt @52:5
│           │  └─ expr
│           │     └─ Call @52:12
│           │        ├─ callee
│           │        │  └─ Identifier 'assert!' @52:5
│           │        └─ args
│           │           └─ Binary '==' @52:25
│           │              ├─ lhs
│           │              │  └─ Index @52:21
│           │              │     ├─ object
│           │              │     │  └─ Identifier 'results' @52:14
│           │              │     └─ args
│           │              │        └─ IntLiteral '0' @52:22
│           │              └─ rhs
│           │                 └─ IntLiteral '22' @52:28
│           ├─ ExprStmt @53:5
│           │  └─ expr
│           │     └─ Call @53:12
│           │        ├─ callee
│           │        │  └─ Identifier 'assert!' @53:5
│           │        └─ args
│           │           └─ Binary '==' @53:25
│           │              ├─ lhs
│           │              │  └─ Index @53:21
│           │              │     ├─ object
│           │              │     │  └─ Identifier 'results' @53:14
│           │              │     └─ args
│           │              │        └─ IntLiteral '1' @53:22
│           │              └─ rhs
│           │                 └─ IntLiteral '24' @53:28
│           ├─ ExprStmt @54:5
│           │  └─ expr
│           │     └─ Call @54:12
│           │        ├─ callee
│           │        │  └─ Identifier 'assert!' @54:5
│           │        └─ args
│           │           └─ Binary '==' @54:25
│           │              ├─ lhs
│           │              │  └─ Index @54:21
│           │              │     ├─ object
│           │              │     │  └─ Identifier 'results' @54:14
│           │              │     └─ args
│           │              │        └─ IntLiteral '2' @54:22
│           │              └─ rhs
│           │                 └─ IntLiteral '26' @54:28
│           ├─ ExprStmt @60:5
│           │  └─ expr
│           │     └─ Assign '=' @60:15
│           │        ├─ target
│           │        │  └─ Identifier 'transform' @60:5
│           │        └─ value
│           │           └─ Composition @60:26
│           │              ├─ lhs
│           │              │  └─ Section instance_method 'trim' @60:18
│           │              └─ rhs
│           │                 └─ Section instance_method 'prefix' @60:30
│           │                    └─ args
│           │                       └─ StringLiteral 'usr_' @60:39
│           ├─ ExprStmt @62:5
│           │  └─ expr
│           │     └─ Assign '=' @62:15
│           │        ├─ target
│           │        │  └─ Identifier 'raw_users' @62:5
│           │        └─ value
│           │           └─ ArrayLit @62:17
│           │              └─ elements
│           │                 ├─ StringLiteral ' alice ' @62:19
│           │                 ├─ StringLiteral ' bob ' @62:30
│           │                 └─ StringLiteral '   ' @62:39
│           ├─ ExprStmt @65:5
│           │  └─ expr
│           │     └─ Assign '=' @65:17
│           │        ├─ target
│           │        │  └─ Identifier 'clean_users' @65:5
│           │        └─ value
│           │           └─ Identifier 'raw_users' @65:19
│           ├─ ExprStmt @66:7
│           │  └─ expr
│           │     └─ DotCall 'filter' @66:7
│           │        └─ args
│           │           └─ Section instance_method 'empty?' negated @66:17
│           ├─ ExprStmt @67:7
│           │  └─ expr
│           │     └─ DotCall 'map' @67:7
│           │        └─ args
│           │           └─ Identifier 'transform' @67:13
│           ├─ ExprStmt @69:5
│           │  └─ expr
│           │     └─ Call @69:12
│           │        ├─ callee
│           │        │  └─ Identifier 'assert!' @69:5
│           │        └─ args
│           │           └─ Binary '==' @69:29
│           │              ├─ lhs
│           │              │  └─ Index @69:25
│           │              │     ├─ object
│           │              │     │  └─ Identifier 'clean_users' @69:14
│           │              │     └─ args
│           │              │        └─ IntLiteral '0' @69:26
│           │              └─ rhs
│           │                 └─ StringLiteral 'usr_alice' @69:32
│           └─ ExprStmt @70:5
│              └─ expr
│                 └─ Call @70:12
│                    ├─ callee
│                    │  └─ Identifier 'assert!' @70:5
│                    └─ args
│                       └─ Binary '==' @70:29
│                          ├─ lhs
│                          │  └─ Index @70:25
│                          │     ├─ object
│                          │     │  └─ Identifier 'clean_users' @70:14
│                          │     └─ args
│                          │        └─ IntLiteral '1' @70:26
│                          └─ rhs
│                             └─ StringLiteral 'usr_bob' @70:32
├─ ExprStmt @9:1
│  └─ expr
│     └─ Assign '=' @9:8
│        ├─ target
│        │  └─ Identifier 'double' @9:1
│        └─ value
│           └─ Lambda @9:10
│              ├─ params
│              │  └─ Param 'x'
│              │     └─ decl_type
│              │        └─ TypeRef 'Int32' @9:16
│              └─ body
│                 └─ Binary '*' @9:31
│                    ├─ lhs
│                    │  └─ Identifier 'x' @9:29
│                    └─ rhs
│                       └─ IntLiteral '2' @9:33
├─ ExprStmt @10:1
│  └─ expr
│     └─ Assign '=' @10:10
│        ├─ target
│        │  └─ Identifier 'add_five' @10:1
│        └─ value
│           └─ Section operator '+' @10:14
│              └─ args
│                 └─ IntLiteral '5' @10:18
├─ ExprStmt @13:1
│  └─ expr
│     └─ Call @13:8
│        ├─ callee
│        │  └─ Identifier 'assert!' @13:1
│        └─ args
│           └─ Binary '==' @13:22
│              ├─ lhs
│              │  └─ Call @13:16
│              │     ├─ callee
│              │     │  └─ Identifier 'double' @13:10
│              │     └─ args
│              │        └─ IntLiteral '4' @13:18
│              └─ rhs
│                 └─ IntLiteral '8' @13:25
├─ ExprStmt @14:1
│  └─ expr
│     └─ Call @14:8
│        ├─ callee
│        │  └─ Identifier 'assert!' @14:1
│        └─ args
│           └─ Pipeline @14:12
│              ├─ lhs
│              │  └─ IntLiteral '4' @14:10
│              └─ rhs
│                 └─ Binary '==' @14:22
│                    ├─ lhs
│                    │  └─ Identifier 'double' @14:15
│                    └─ rhs
│                       └─ IntLiteral '8' @14:25
├─ ExprStmt @16:1
│  └─ expr
│     └─ Call @16:8
│        ├─ callee
│        │  └─ Identifier 'assert!' @16:1
│        └─ args
│           └─ Binary '==' @16:25
│              ├─ lhs
│              │  └─ Call @16:18
│              │     ├─ callee
│              │     │  └─ Identifier 'add_five' @16:10
│              │     └─ args
│              │        └─ IntLiteral '10' @16:20
│              └─ rhs
│                 └─ IntLiteral '15' @16:28
├─ ExprStmt @17:1
│  └─ expr
│     └─ Call @17:8
│        ├─ callee
│        │  └─ Identifier 'assert!' @17:1
│        └─ args
│           └─ Pipeline @17:13
│              ├─ lhs
│              │  └─ IntLiteral '10' @17:10
│              └─ rhs
│                 └─ Binary '==' @17:25
│                    ├─ lhs
│                    │  └─ Identifier 'add_five' @17:16
│                    └─ rhs
│                       └─ IntLiteral '15' @17:28
├─ ExprStmt @21:1
│  └─ expr
│     └─ Assign '=' @21:14
│        ├─ target
│        │  └─ Identifier 'calc_pointed' @21:1
│        └─ value
│           └─ Lambda @21:16
│              ├─ params
│              │  └─ Param 'x'
│              │     └─ decl_type
│              │        └─ TypeRef 'Int32' @21:22
│              └─ body
│                 └─ Binary '*' @21:44
│                    ├─ lhs
│                    │  └─ Binary '+' @21:38
│                    │     ├─ lhs
│                    │     │  └─ Identifier 'x' @21:36
│                    │     └─ rhs
│                    │        └─ IntLiteral '10' @21:40
│                    └─ rhs
│                       └─ IntLiteral '2' @21:46
├─ ExprStmt @24:1
│  └─ expr
│     └─ Assign '=' @24:16
│        ├─ target
│        │  └─ Identifier 'calc_pointfree' @24:1
│        └─ value
│           └─ Composition @24:29
│              ├─ lhs
│              │  └─ Section operator '+' @24:20
│              │     └─ args
│              │        └─ IntLiteral '10' @24:24
│              └─ rhs
│                 └─ Section operator '*' @24:34
│                    └─ args
│                       └─ IntLiteral '2' @24:38
├─ ExprStmt @26:1
│  └─ expr
│     └─ Call @26:8
│        ├─ callee
│        │  └─ Identifier 'assert!' @26:1
│        └─ args
│           └─ Binary '==' @26:28
│              ├─ lhs
│              │  └─ Call @26:22
│              │     ├─ callee
│              │     │  └─ Identifier 'calc_pointed' @26:10
│              │     └─ args
│              │        └─ IntLiteral '2' @26:24
│              └─ rhs
│                 └─ IntLiteral '24' @26:31
├─ ExprStmt @27:1
│  └─ expr
│     └─ Call @27:8
│        ├─ callee
│        │  └─ Identifier 'assert!' @27:1
│        └─ args
│           └─ Binary '==' @27:30
│              ├─ lhs
│              │  └─ Call @27:24
│              │     ├─ callee
│              │     │  └─ Identifier 'calc_pointfree' @27:10
│              │     └─ args
│              │        └─ IntLiteral '2' @27:26
│              └─ rhs
│                 └─ IntLiteral '24' @27:33
├─ ExprStmt @28:1
│  └─ expr
│     └─ Call @28:8
│        ├─ callee
│        │  └─ Identifier 'assert!' @28:1
│        └─ args
│           └─ Pipeline @28:12
│              ├─ lhs
│              │  └─ IntLiteral '2' @28:10
│              └─ rhs
│                 └─ Binary '==' @28:30
│                    ├─ lhs
│                    │  └─ Identifier 'calc_pointfree' @28:15
│                    └─ rhs
│                       └─ IntLiteral '24' @28:33
├─ ExprStmt @32:1
│  └─ expr
│     └─ Assign '=' @32:15
│        ├─ target
│        │  └─ Identifier 'clean_pointed' @32:1
│        └─ value
│           └─ Lambda @32:17
│              ├─ params
│              │  └─ Param 's'
│              │     └─ decl_type
│              │        └─ TypeRef 'String' @32:23
│              └─ body
│                 └─ Call @32:59
│                    ├─ callee
│                    │  └─ Member 'prefix' @32:52
│                    │     └─ object
│                    │        └─ Member 'downcase' @32:43
│                    │           └─ object
│                    │              └─ Member 'trim' @32:38
│                    │                 └─ object
│                    │                    └─ Identifier 's' @32:37
│                    └─ args
│                       └─ StringLiteral '[user]: ' @32:60
├─ ExprStmt @35:1
│  └─ expr
│     └─ Assign '=' @35:17
│        ├─ target
│        │  └─ Identifier 'clean_pointfree' @35:1
│        └─ value
│           └─ Composition @37:16
│              ├─ lhs
│              │  └─ Composition @36:16
│              │     ├─ lhs
│              │     │  └─ Section instance_method 'trim' @35:20
│              │     └─ rhs
│              │        └─ Section instance_method 'downcase' @36:20
│              └─ rhs
│                 └─ Section instance_method 'prefix' @37:20
│                    └─ args
│                       └─ StringLiteral '[user]: ' @37:29
├─ ExprStmt @39:1
│  └─ expr
│     └─ Call @39:8
│        ├─ callee
│        │  └─ Identifier 'assert!' @39:1
│        └─ args
│           └─ Binary '==' @39:38
│              ├─ lhs
│              │  └─ Call @39:25
│              │     ├─ callee
│              │     │  └─ Identifier 'clean_pointfree' @39:10
│              │     └─ args
│              │        └─ StringLiteral '  ALICE ' @39:26
│              └─ rhs
│                 └─ StringLiteral '[user]: alice' @39:41
├─ ExprStmt @40:1
│  └─ expr
│     └─ Call @40:8
│        ├─ callee
│        │  └─ Identifier 'assert!' @40:1
│        └─ args
│           └─ Pipeline @40:19
│              ├─ lhs
│              │  └─ StringLiteral '  BOB ' @40:10
│              └─ rhs
│                 └─ Binary '==' @40:38
│                    ├─ lhs
│                    │  └─ Identifier 'clean_pointfree' @40:22
│                    └─ rhs
│                       └─ StringLiteral '[user]: bob' @40:41
└─ ExprStmt @75:1
   └─ expr
      └─ Member 'run' @75:14
         └─ object
            └─ Identifier 'PointFreeDemo' @75:1
--- exit 0 ---
