Program 'samples/Tests/RAII/NestedReturnFinalize.vl'
├─ Method 'assert!' @1:1
│  ├─ params
│  │  └─ Param 'condition' @1:14
│  │     └─ decl_type
│  │        └─ TypeRef 'Bool' @1:26
│  ├─ return_type
│  │  └─ TypeRef 'Void' @1:36
│  └─ body
│     └─ ExprStmt @2:3
│        └─ expr
│           └─ If @2:3
│              ├─ cond
│              │  └─ Unary 'not' @2:6
│              │     └─ operand
│              │        └─ Identifier 'condition' @2:10
│              └─ then
│                 └─ ExprStmt @3:5
│                    └─ expr
│                       └─ RaiseExpr @3:5
│                          └─ exception
│                             └─ Interp @3:11
│                                └─ parts
│                                   ├─ StringLiteral 'Assertion failed ' @3:11
│                                   ├─ Identifier '__FILE__' @3:31
│                                   ├─ StringLiteral ':' @3:11
│                                   └─ Identifier '__LINE__' @3:43
├─ Class 'Tracked' @9:1
│  └─ body
│     ├─ Field 'id' @10:3
│     │  └─ decl_type
│     │     └─ TypeRef 'Int32' @10:8
│     ├─ Field 'log' @11:3
│     │  └─ decl_type
│     │     └─ TypeRef 'Pointer' @11:9
│     │        └─ generics
│     │           └─ TypeRef 'Int32' @11:17
│     ├─ Field 'cursor' @12:3
│     │  └─ decl_type
│     │     └─ TypeRef 'Pointer' @12:12
│     │        └─ generics
│     │           └─ TypeRef 'Int32' @12:20
│     ├─ Method 'initialize' @14:3
│     │  └─ params
│     │     ├─ Param 'id' instance_var @14:19
│     │     │  └─ decl_type
│     │     │     └─ TypeRef 'Int32' @14:25
│     │     ├─ Param 'log' instance_var @14:32
│     │     │  └─ decl_type
│     │     │     └─ TypeRef 'Pointer' @14:39
│     │     │        └─ generics
│     │     │           └─ TypeRef 'Int32' @14:47
│     │     └─ Param 'cursor' instance_var @14:55
│     │        └─ decl_type
│     │           └─ TypeRef 'Pointer' @14:65
│     │              └─ generics
│     │                 └─ TypeRef 'Int32' @14:73
│     └─ Method 'finalize' @16:3
│        ├─ return_type
│        │  └─ TypeRef 'Void' @16:19
│        └─ body
│           ├─ ExprStmt @17:5
│           │  └─ expr
│           │     └─ Assign '=' @17:10
│           │        ├─ target
│           │        │  └─ Identifier 'slot' @17:5
│           │        └─ value
│           │           └─ Deref @17:12
│           │              └─ operand
│           │                 └─ InstanceVar '@cursor' @17:13
│           ├─ ExprStmt @18:5
│           │  └─ expr
│           │     └─ Assign '=' @18:22
│           │        ├─ target
│           │        │  └─ Deref @18:5
│           │        │     └─ operand
│           │        │        └─ Binary '+' @18:13
│           │        │           ├─ lhs
│           │        │           │  └─ InstanceVar '@log' @18:8
│           │        │           └─ rhs
│           │        │              └─ Identifier 'slot' @18:15
│           │        └─ value
│           │           └─ InstanceVar '@id' @18:24
│           └─ ExprStmt @19:5
│              └─ expr
│                 └─ Assign '=' @19:14
│                    ├─ target
│                    │  └─ Deref @19:5
│                    │     └─ operand
│                    │        └─ InstanceVar '@cursor' @19:6
│                    └─ value
│                       └─ Binary '+' @19:21
│                          ├─ lhs
│                          │  └─ Identifier 'slot' @19:16
│                          └─ rhs
│                             └─ IntLiteral '1' @19:23
├─ Method 'nested_return' @23:1
│  ├─ params
│  │  ├─ Param 'log' @23:20
│  │  │  └─ decl_type
│  │  │     └─ TypeRef 'Pointer' @23:26
│  │  │        └─ generics
│  │  │           └─ TypeRef 'Int32' @23:34
│  │  └─ Param 'cursor' @23:42
│  │     └─ decl_type
│  │        └─ TypeRef 'Pointer' @23:51
│  │           └─ generics
│  │              └─ TypeRef 'Int32' @23:59
│  ├─ return_type
│  │  └─ TypeRef 'Int32' @23:71
│  └─ body
│     ├─ ExprStmt @24:3
│     │  └─ expr
│     │     └─ Assign '=' @24:9
│     │        ├─ target
│     │        │  └─ Identifier 'outer' @24:3
│     │        └─ value
│     │           └─ Call @24:22
│     │              ├─ callee
│     │              │  └─ Member 'new' @24:18
│     │              │     └─ object
│     │              │        └─ Identifier 'Tracked' @24:11
│     │              └─ args
│     │                 ├─ IntLiteral '1' @24:24
│     │                 ├─ Identifier 'log' @24:27
│     │                 └─ Identifier 'cursor' @24:32
│     ├─ ExprStmt @25:3
│     │  └─ expr
│     │     └─ If @25:3
│     │        ├─ cond
│     │        │  └─ BoolLiteral true @25:6
│     │        └─ then
│     │           ├─ ExprStmt @26:5
│     │           │  └─ expr
│     │           │     └─ Assign '=' @26:11
│     │           │        ├─ target
│     │           │        │  └─ Identifier 'inner' @26:5
│     │           │        └─ value
│     │           │           └─ Call @26:24
│     │           │              ├─ callee
│     │           │              │  └─ Member 'new' @26:20
│     │           │              │     └─ object
│     │           │              │        └─ Identifier 'Tracked' @26:13
│     │           │              └─ args
│     │           │                 ├─ IntLiteral '2' @26:26
│     │           │                 ├─ Identifier 'log' @26:29
│     │           │                 └─ Identifier 'cursor' @26:34
│     │           └─ Return @27:5
│     │              └─ value
│     │                 └─ IntLiteral '99' @27:12
│     ├─ ExprStmt @29:3
│     │  └─ expr
│     │     └─ Assign '=' @29:9
│     │        ├─ target
│     │        │  └─ Identifier 'after' @29:3
│     │        └─ value
│     │           └─ Call @29:22
│     │              ├─ callee
│     │              │  └─ Member 'new' @29:18
│     │              │     └─ object
│     │              │        └─ Identifier 'Tracked' @29:11
│     │              └─ args
│     │                 ├─ IntLiteral '3' @29:24
│     │                 ├─ Identifier 'log' @29:27
│     │                 └─ Identifier 'cursor' @29:32
│     └─ ExprStmt @30:3
│        └─ expr
│           └─ IntLiteral '0' @30:3
├─ ExprStmt @33:1
│  └─ expr
│     └─ Assign '=' @33:8
│        ├─ target
│        │  └─ Identifier 'cursor' @33:1
│        └─ value
│           └─ Call @33:31
│              ├─ callee
│              │  └─ Member 'malloc' @33:24
│              │     └─ object
│              │        └─ GenericInst @33:17
│              │           ├─ base
│              │           │  └─ Identifier 'Pointer' @33:10
│              │           └─ args
│              │              └─ TypeRef 'Int32' @33:18
│              └─ args
│                 └─ IntLiteral '1' @33:33
├─ ExprStmt @34:1
│  └─ expr
│     └─ Assign '=' @34:9
│        ├─ target
│        │  └─ Deref @34:1
│        │     └─ operand
│        │        └─ Identifier 'cursor' @34:2
│        └─ value
│           └─ IntLiteral '0' @34:11
├─ ExprStmt @35:1
│  └─ expr
│     └─ Assign '=' @35:5
│        ├─ target
│        │  └─ Identifier 'log' @35:1
│        └─ value
│           └─ Call @35:28
│              ├─ callee
│              │  └─ Member 'malloc' @35:21
│              │     └─ object
│              │        └─ GenericInst @35:14
│              │           ├─ base
│              │           │  └─ Identifier 'Pointer' @35:7
│              │           └─ args
│              │              └─ TypeRef 'Int32' @35:15
│              └─ args
│                 └─ IntLiteral '2' @35:30
├─ ExprStmt @37:1
│  └─ expr
│     └─ Assign '=' @37:8
│        ├─ target
│        │  └─ Identifier 'result' @37:1
│        └─ value
│           └─ Call @37:23
│              ├─ callee
│              │  └─ Identifier 'nested_return' @37:10
│              └─ args
│                 ├─ Identifier 'log' @37:25
│                 └─ Identifier 'cursor' @37:30
├─ ExprStmt @39:1
│  └─ expr
│     └─ Call @39:8
│        ├─ callee
│        │  └─ Identifier 'assert!' @39:1
│        └─ args
│           └─ Binary '==' @39:17
│              ├─ lhs
│              │  └─ Identifier 'result' @39:10
│              └─ rhs
│                 └─ IntLiteral '99' @39:20
├─ ExprStmt @40:1
│  └─ expr
│     └─ Call @40:8
│        ├─ callee
│        │  └─ Identifier 'assert!' @40:1
│        └─ args
│           └─ Binary '==' @40:18
│              ├─ lhs
│              │  └─ Deref @40:10
│              │     └─ operand
│              │        └─ Identifier 'cursor' @40:11
│              └─ rhs
│                 └─ IntLiteral '2' @40:21
├─ ExprStmt @41:1
│  └─ expr
│     └─ Call @41:8
│        ├─ callee
│        │  └─ Identifier 'assert!' @41:1
│        └─ args
│           └─ Binary '==' @41:23
│              ├─ lhs
│              │  └─ Deref @41:10
│              │     └─ operand
│              │        └─ Binary '+' @41:17
│              │           ├─ lhs
│              │           │  └─ Identifier 'log' @41:13
│              │           └─ rhs
│              │              └─ IntLiteral '0' @41:19
│              └─ rhs
│                 └─ IntLiteral '2' @41:26
├─ ExprStmt @42:1
│  └─ expr
│     └─ Call @42:8
│        ├─ callee
│        │  └─ Identifier 'assert!' @42:1
│        └─ args
│           └─ Binary '==' @42:23
│              ├─ lhs
│              │  └─ Deref @42:10
│              │     └─ operand
│              │        └─ Binary '+' @42:17
│              │           ├─ lhs
│              │           │  └─ Identifier 'log' @42:13
│              │           └─ rhs
│              │              └─ IntLiteral '1' @42:19
│              └─ rhs
│                 └─ IntLiteral '1' @42:26
├─ ExprStmt @44:1
│  └─ expr
│     └─ Member 'free' @44:4
│        └─ object
│           └─ Identifier 'log' @44:1
└─ ExprStmt @45:1
   └─ expr
      └─ Member 'free' @45:7
         └─ object
            └─ Identifier 'cursor' @45:1
--- exit 0 ---
