Program 'samples/Tests/RAII/ReturnUnrelated.vl'
├─ Method 'assert!' @1:1
│  ├─ params
│  │  └─ Param 'condition' @1:14
│  │     └─ decl_type
│  │        └─ TypeRef 'Bool' @1:26
│  ├─ return_type
│  │  └─ TypeRef 'Void' @1:36
│  └─ body
│     └─ ExprStmt @2:3
│        └─ expr
│           └─ If @2:3
│              ├─ cond
│              │  └─ Unary 'not' @2:6
│              │     └─ operand
│              │        └─ Identifier 'condition' @2:10
│              └─ then
│                 └─ ExprStmt @3:5
│                    └─ expr
│                       └─ RaiseExpr @3:5
│                          └─ exception
│                             └─ Binary '+' @3:11
│                                ├─ lhs
│                                │  └─ Binary '+' @3:11
│                                │     ├─ lhs
│                                │     │  └─ Binary '+' @3:11
│                                │     │     ├─ lhs
│                                │     │     │  └─ StringLiteral 'Assertion failed ' @3:11
│                                │     │     └─ rhs
│                                │     │        └─ StringLiteral 'samples/Tests/RAII/ReturnUnrelated.vl' @3:31
│                                │     └─ rhs
│                                │        └─ StringLiteral ':' @3:11
│                                └─ rhs
│                                   └─ Call @3:11
│                                      └─ callee
│                                         └─ Member 'to_string' @3:11
│                                            └─ object
│                                               └─ IntLiteral '3' @3:43
├─ Class 'Tracked' @9:1
│  └─ body
│     ├─ Field 'id' @10:3
│     │  └─ decl_type
│     │     └─ TypeRef 'Int32' @10:8
│     ├─ Field 'log' @11:3
│     │  └─ decl_type
│     │     └─ TypeRef 'Pointer' @11:9
│     │        └─ generics
│     │           └─ TypeRef 'Int32' @11:17
│     ├─ Field 'cursor' @12:3
│     │  └─ decl_type
│     │     └─ TypeRef 'Pointer' @12:12
│     │        └─ generics
│     │           └─ TypeRef 'Int32' @12:20
│     ├─ Method 'initialize' @14:3
│     │  └─ params
│     │     ├─ Param 'id' instance_var @14:19
│     │     │  └─ decl_type
│     │     │     └─ TypeRef 'Int32' @14:25
│     │     ├─ Param 'log' instance_var @14:32
│     │     │  └─ decl_type
│     │     │     └─ TypeRef 'Pointer' @14:39
│     │     │        └─ generics
│     │     │           └─ TypeRef 'Int32' @14:47
│     │     └─ Param 'cursor' instance_var @14:55
│     │        └─ decl_type
│     │           └─ TypeRef 'Pointer' @14:65
│     │              └─ generics
│     │                 └─ TypeRef 'Int32' @14:73
│     └─ Method 'finalize' @16:3
│        ├─ return_type
│        │  └─ TypeRef 'Void' @16:19
│        └─ body
│           ├─ ExprStmt @17:5
│           │  └─ expr
│           │     └─ Assign '=' @17:10
│           │        ├─ target
│           │        │  └─ Identifier 'slot' @17:5
│           │        └─ value
│           │           └─ Deref @17:12
│           │              └─ operand
│           │                 └─ InstanceVar '@cursor' @17:13
│           ├─ ExprStmt @18:5
│           │  └─ expr
│           │     └─ Assign '=' @18:22
│           │        ├─ target
│           │        │  └─ Deref @18:5
│           │        │     └─ operand
│           │        │        └─ Binary '+' @18:13
│           │        │           ├─ lhs
│           │        │           │  └─ InstanceVar '@log' @18:8
│           │        │           └─ rhs
│           │        │              └─ Identifier 'slot' @18:15
│           │        └─ value
│           │           └─ InstanceVar '@id' @18:24
│           └─ ExprStmt @19:5
│              └─ expr
│                 └─ Assign '=' @19:14
│                    ├─ target
│                    │  └─ Deref @19:5
│                    │     └─ operand
│                    │        └─ InstanceVar '@cursor' @19:6
│                    └─ value
│                       └─ Binary '+' @19:21
│                          ├─ lhs
│                          │  └─ Identifier 'slot' @19:16
│                          └─ rhs
│                             └─ IntLiteral '1' @19:23
├─ Method 'build_and_return_early' @23:1
│  ├─ params
│  │  ├─ Param 'log' @23:29
│  │  │  └─ decl_type
│  │  │     └─ TypeRef 'Pointer' @23:35
│  │  │        └─ generics
│  │  │           └─ TypeRef 'Int32' @23:43
│  │  └─ Param 'cursor' @23:51
│  │     └─ decl_type
│  │        └─ TypeRef 'Pointer' @23:60
│  │           └─ generics
│  │              └─ TypeRef 'Int32' @23:68
│  ├─ return_type
│  │  └─ TypeRef 'Int32' @23:80
│  └─ body
│     ├─ ExprStmt @24:3
│     │  └─ expr
│     │     └─ Assign '=' @24:9
│     │        ├─ target
│     │        │  └─ Identifier 'first' @24:3
│     │        └─ value
│     │           └─ Call @24:22
│     │              ├─ callee
│     │              │  └─ Member 'new' @24:18
│     │              │     └─ object
│     │              │        └─ Identifier 'Tracked' @24:11
│     │              └─ args
│     │                 ├─ IntLiteral '1' @24:24
│     │                 ├─ Identifier 'log' @24:27
│     │                 └─ Identifier 'cursor' @24:32
│     ├─ ExprStmt @25:3
│     │  └─ expr
│     │     └─ Assign '=' @25:10
│     │        ├─ target
│     │        │  └─ Identifier 'second' @25:3
│     │        └─ value
│     │           └─ Call @25:23
│     │              ├─ callee
│     │              │  └─ Member 'new' @25:19
│     │              │     └─ object
│     │              │        └─ Identifier 'Tracked' @25:12
│     │              └─ args
│     │                 ├─ IntLiteral '2' @25:25
│     │                 ├─ Identifier 'log' @25:28
│     │                 └─ Identifier 'cursor' @25:33
│     ├─ Return @26:3
│     │  └─ value
│     │     └─ IntLiteral '42' @26:10
│     ├─ ExprStmt @27:3
│     │  └─ expr
│     │     └─ Assign '=' @27:9
│     │        ├─ target
│     │        │  └─ Identifier 'third' @27:3
│     │        └─ value
│     │           └─ Call @27:22
│     │              ├─ callee
│     │              │  └─ Member 'new' @27:18
│     │              │     └─ object
│     │              │        └─ Identifier 'Tracked' @27:11
│     │              └─ args
│     │                 ├─ IntLiteral '3' @27:24
│     │                 ├─ Identifier 'log' @27:27
│     │                 └─ Identifier 'cursor' @27:32
│     └─ ExprStmt @28:3
│        └─ expr
│           └─ IntLiteral '0' @28:3
├─ ExprStmt @31:1
│  └─ expr
│     └─ Assign '=' @31:8
│        ├─ target
│        │  └─ Identifier 'cursor' @31:1
│        └─ value
│           └─ Call @31:31
│              ├─ callee
│              │  └─ Member 'malloc' @31:24
│              │     └─ object
│              │        └─ GenericInst @31:17
│              │           ├─ base
│              │           │  └─ Identifier 'Pointer' @31:10
│              │           └─ args
│              │              └─ TypeRef 'Int32' @31:18
│              └─ args
│                 └─ IntLiteral '1' @31:33
├─ ExprStmt @32:1
│  └─ expr
│     └─ Assign '=' @32:9
│        ├─ target
│        │  └─ Deref @32:1
│        │     └─ operand
│        │        └─ Identifier 'cursor' @32:2
│        └─ value
│           └─ IntLiteral '0' @32:11
├─ ExprStmt @33:1
│  └─ expr
│     └─ Assign '=' @33:5
│        ├─ target
│        │  └─ Identifier 'log' @33:1
│        └─ value
│           └─ Call @33:28
│              ├─ callee
│              │  └─ Member 'malloc' @33:21
│              │     └─ object
│              │        └─ GenericInst @33:14
│              │           ├─ base
│              │           │  └─ Identifier 'Pointer' @33:7
│              │           └─ args
│              │              └─ TypeRef 'Int32' @33:15
│              └─ args
│                 └─ IntLiteral '2' @33:30
├─ ExprStmt @35:1
│  └─ expr
│     └─ Assign '=' @35:8
│        ├─ target
│        │  └─ Identifier 'result' @35:1
│        └─ value
│           └─ Call @35:32
│              ├─ callee
│              │  └─ Identifier 'build_and_return_early' @35:10
│              └─ args
│                 ├─ Identifier 'log' @35:34
│                 └─ Identifier 'cursor' @35:39
├─ ExprStmt @37:1
│  └─ expr
│     └─ Call @37:8
│        ├─ callee
│        │  └─ Identifier 'assert!' @37:1
│        └─ args
│           └─ Binary '==' @37:17
│              ├─ lhs
│              │  └─ Identifier 'result' @37:10
│              └─ rhs
│                 └─ IntLiteral '42' @37:20
├─ ExprStmt @38:1
│  └─ expr
│     └─ Call @38:8
│        ├─ callee
│        │  └─ Identifier 'assert!' @38:1
│        └─ args
│           └─ Binary '==' @38:18
│              ├─ lhs
│              │  └─ Deref @38:10
│              │     └─ operand
│              │        └─ Identifier 'cursor' @38:11
│              └─ rhs
│                 └─ IntLiteral '2' @38:21
├─ ExprStmt @39:1
│  └─ expr
│     └─ Call @39:8
│        ├─ callee
│        │  └─ Identifier 'assert!' @39:1
│        └─ args
│           └─ Binary '==' @39:23
│              ├─ lhs
│              │  └─ Deref @39:10
│              │     └─ operand
│              │        └─ Binary '+' @39:17
│              │           ├─ lhs
│              │           │  └─ Identifier 'log' @39:13
│              │           └─ rhs
│              │              └─ IntLiteral '0' @39:19
│              └─ rhs
│                 └─ IntLiteral '2' @39:26
├─ ExprStmt @40:1
│  └─ expr
│     └─ Call @40:8
│        ├─ callee
│        │  └─ Identifier 'assert!' @40:1
│        └─ args
│           └─ Binary '==' @40:23
│              ├─ lhs
│              │  └─ Deref @40:10
│              │     └─ operand
│              │        └─ Binary '+' @40:17
│              │           ├─ lhs
│              │           │  └─ Identifier 'log' @40:13
│              │           └─ rhs
│              │              └─ IntLiteral '1' @40:19
│              └─ rhs
│                 └─ IntLiteral '1' @40:26
├─ ExprStmt @42:1
│  └─ expr
│     └─ Member 'free' @42:4
│        └─ object
│           └─ Identifier 'log' @42:1
└─ ExprStmt @43:1
   └─ expr
      └─ Member 'free' @43:7
         └─ object
            └─ Identifier 'cursor' @43:1
--- exit 0 ---
