Program 'samples/Codegen/PointerParam.vl'
├─ Annotation 'External' @7:1
│  └─ args
│     ├─ StringLiteral 'libc' @7:13
│     └─ StringLiteral 'exit' @7:21
├─ Method 'libc_exit' external @8:10
│  ├─ params
│  │  └─ Param 'value' @8:25
│  │     └─ decl_type
│  │        └─ TypeRef 'Int32' @8:33
│  └─ return_type
│     └─ TypeRef 'Void' @8:44
├─ Method 'is_nil' @10:1
│  ├─ params
│  │  └─ Param 'p' @10:13
│  │     └─ decl_type
│  │        └─ TypeRef 'Pointer' @10:17
│  │           └─ generics
│  │              └─ TypeRef 'Int32' @10:25
│  ├─ return_type
│  │  └─ TypeRef 'Bool' @10:37
│  └─ body
│     └─ ExprStmt @11:3
│        └─ expr
│           └─ Binary '==' @11:5
│              ├─ lhs
│              │  └─ Identifier 'p' @11:3
│              └─ rhs
│                 └─ NilLiteral @11:8
├─ Method 'main' @14:1
│  ├─ return_type
│  │  └─ TypeRef 'Int32' @14:13
│  └─ body
│     └─ ExprStmt @15:3
│        └─ expr
│           └─ Ternary @15:17
│              ├─ cond
│              │  └─ Call @15:9
│              │     ├─ callee
│              │     │  └─ Identifier 'is_nil' @15:3
│              │     └─ args
│              │        └─ NilLiteral @15:11
│              ├─ then
│              │  └─ IntLiteral '9' @15:19
│              └─ else
│                 └─ IntLiteral '0' @15:23
└─ ExprStmt @18:1
   └─ expr
      └─ Call @18:10
         ├─ callee
         │  └─ Identifier 'libc_exit' @18:1
         └─ args
            └─ Call @18:16
               └─ callee
                  └─ Identifier 'main' @18:12
--- exit 0 ---
