// ==== samples/JSX/Components/Counter.vlx ====
(Component
  Name='Counter'
  Params=[
    (Param
      Name='count'
      DeclType=(TypeRef
        Path=[
          'Int'
        ]
        Generics=[])
      Default=nil
      bInstanceVar=false)
    (Param
      Name='on_increment'
      DeclType=(FuncType
        Params=[]
        Return=(TypeRef
          Path=[
            'Void'
          ]
          Generics=[]))
      Default=nil
      bInstanceVar=false)
  ]
  Body=[
    (ExprStmt
      Expr=(Call
        Callee=(Member
          Object=(Member
            Object=(Identifier
              Name='Volt')
            Name='JSX')
          Name='create_element')
        Args=[
          (StringLiteral
            Value='div')
          (HashLit
            Keys=[
              (StringLiteral
                Value='class')
            ]
            Values=[
              (StringLiteral
                Value='counter')
            ]
            KeyType=nil
            ValueType=nil)
          (ArrayLit
            Elements=[
              (Call
                Callee=(Member
                  Object=(Member
                    Object=(Identifier
                      Name='Volt')
                    Name='JSX')
                  Name='create_element')
                Args=[
                  (StringLiteral
                    Value='button')
                  (HashLit
                    Keys=[
                      (StringLiteral
                        Value='on:click')
                    ]
                    Values=[
                      (Identifier
                        Name='on_increment')
                    ]
                    KeyType=nil
                    ValueType=nil)
                  (ArrayLit
                    Elements=[
                      (Call
                        Callee=(Member
                          Object=(Member
                            Object=(Identifier
                              Name='Volt')
                            Name='JSX')
                          Name='text')
                        Args=[
                          (StringLiteral
                            Value='+1')
                        ]
                        ArgNames=[
                          ''
                        ])
                    ]
                    ElemType=nil)
                ]
                ArgNames=[
                  ''
                  ''
                  ''
                ])
              (Call
                Callee=(Member
                  Object=(Member
                    Object=(Identifier
                      Name='Volt')
                    Name='JSX')
                  Name='create_element')
                Args=[
                  (StringLiteral
                    Value='span')
                  (HashLit
                    Keys=[]
                    Values=[]
                    KeyType=nil
                    ValueType=nil)
                  (ArrayLit
                    Elements=[
                      (Call
                        Callee=(Member
                          Object=(Member
                            Object=(Identifier
                              Name='Volt')
                            Name='JSX')
                          Name='text')
                        Args=[
                          (StringLiteral
                            Value='Count:')
                        ]
                        ArgNames=[
                          ''
                        ])
                      (Identifier
                        Name='count')
                    ]
                    ElemType=nil)
                ]
                ArgNames=[
                  ''
                  ''
                  ''
                ])
            ]
            ElemType=nil)
        ]
        ArgNames=[
          ''
          ''
          ''
        ]))
  ])
[Volt] 1 file(s), 0 error(s), 5 jsx node(s) lowered, 1 exported decl(s)
--- exit 0 ---
