Program 'samples/JSX/Components/Header.vlx'
└─ Component 'Header' @1:1
   ├─ params
   │  └─ Param 'title' @1:19
   │     └─ decl_type
   │        └─ TypeRef 'String' @1:27
   └─ body
      └─ ExprStmt @3:3
         └─ expr
            └─ Call @3:3
               ├─ callee
               │  └─ Member 'create_element' @3:3
               │     └─ object
               │        └─ Member 'JSX' @3:3
               │           └─ object
               │              └─ Identifier 'Volt' @3:3
               └─ args
                  ├─ StringLiteral 'header' @3:3
                  ├─ HashLit @3:3
                  └─ ArrayLit @3:3
                     └─ elements
                        └─ Call @4:5
                           ├─ callee
                           │  └─ Member 'create_element' @4:5
                           │     └─ object
                           │        └─ Member 'JSX' @4:5
                           │           └─ object
                           │              └─ Identifier 'Volt' @4:5
                           └─ args
                              ├─ StringLiteral 'h1' @4:5
                              ├─ HashLit @4:5
                              └─ ArrayLit @4:5
                                 └─ elements
                                    └─ Identifier 'title' @4:10
--- exit 0 ---
