Program 'samples/Tests/OOP/Classes.vl'
├─ Class 'UserAccount' @1:1
│  └─ body
│     ├─ Field 'name' getter @2:3
│     │  └─ decl_type
│     │     └─ TypeRef 'String' @2:19
│     ├─ Field 'email' getter @3:3
│     │  └─ decl_type
│     │     └─ TypeRef 'String' @3:19
│     ├─ Field 'role' getter @4:3
│     │  └─ decl_type
│     │     └─ TypeRef 'String' @4:19
│     ├─ Method 'initialize' @6:3
│     │  └─ params
│     │     ├─ Param 'name' instance_var @6:19
│     │     │  └─ decl_type
│     │     │     └─ TypeRef 'String' @6:27
│     │     ├─ Param 'email' instance_var @6:35
│     │     │  └─ decl_type
│     │     │     └─ TypeRef 'String' @6:44
│     │     └─ Param 'role' instance_var @6:52
│     │        ├─ decl_type
│     │        │  └─ TypeRef 'String' @6:60
│     │        └─ default
│     │           └─ StringLiteral 'user' @6:69
│     └─ Method 'admin?' @9:3
│        ├─ return_type
│        │  └─ TypeRef 'Bool' @9:17
│        └─ body
│           └─ ExprStmt @10:5
│              └─ expr
│                 └─ Binary '==' @10:11
│                    ├─ lhs
│                    │  └─ InstanceVar '@role' @10:5
│                    └─ rhs
│                       └─ StringLiteral 'admin' @10:14
├─ ExprStmt @14:1
│  └─ expr
│     └─ Assign '=' @14:6
│        ├─ target
│        │  └─ Identifier 'user' @14:1
│        └─ value
│           └─ Call @14:23
│              ├─ callee
│              │  └─ Member 'new' @14:19
│              │     └─ object
│              │        └─ Identifier 'UserAccount' @14:8
│              └─ args
│                 ├─ StringLiteral 'Alice' @14:25
│                 ├─ StringLiteral 'alice@domain.com' @14:34
│                 └─ StringLiteral 'admin' @14:54
├─ ExprStmt @15:1
│  └─ expr
│     └─ Call @15:8
│        ├─ callee
│        │  └─ Identifier 'assert!' @15:1
│        └─ args
│           └─ Binary '==' @15:20
│              ├─ lhs
│              │  └─ Member 'name' @15:14
│              │     └─ object
│              │        └─ Identifier 'user' @15:10
│              └─ rhs
│                 └─ StringLiteral 'Alice' @15:23
├─ ExprStmt @16:1
│  └─ expr
│     └─ Call @16:8
│        ├─ callee
│        │  └─ Identifier 'assert!' @16:1
│        └─ args
│           └─ Binary '==' @16:21
│              ├─ lhs
│              │  └─ Member 'email' @16:14
│              │     └─ object
│              │        └─ Identifier 'user' @16:10
│              └─ rhs
│                 └─ StringLiteral 'alice@domain.com' @16:24
└─ ExprStmt @17:1
   └─ expr
      └─ Call @17:8
         ├─ callee
         │  └─ Identifier 'assert!' @17:1
         └─ args
            └─ Member 'admin?' @17:14
               └─ object
                  └─ Identifier 'user' @17:10
--- exit 0 ---
