Program 'samples/Tests/OOP/InheritanceRAIIFinalize.vl'
├─ Method 'assert!' @1:1
│  ├─ params
│  │  └─ Param 'condition' @1:14
│  │     └─ decl_type
│  │        └─ TypeRef 'Bool' @1:26
│  ├─ return_type
│  │  └─ TypeRef 'Void' @1:36
│  └─ body
│     └─ ExprStmt @2:3
│        └─ expr
│           └─ If @2:3
│              ├─ cond
│              │  └─ Unary 'not' @2:6
│              │     └─ operand
│              │        └─ Identifier 'condition' @2:10
│              └─ then
│                 └─ ExprStmt @3:5
│                    └─ expr
│                       └─ RaiseExpr @3:5
│                          └─ exception
│                             └─ Interp @3:11
│                                └─ parts
│                                   ├─ StringLiteral 'Assertion failed ' @3:11
│                                   ├─ Identifier '__FILE__' @3:31
│                                   ├─ StringLiteral ':' @3:11
│                                   └─ Identifier '__LINE__' @3:43
├─ Class 'BaseResource' @8:1
│  └─ body
│     ├─ Field 'base_id' @9:3
│     │  └─ decl_type
│     │     └─ TypeRef 'Int32' @9:13
│     ├─ Field 'log' @10:3
│     │  └─ decl_type
│     │     └─ TypeRef 'Pointer' @10:9
│     │        └─ generics
│     │           └─ TypeRef 'Int32' @10:17
│     ├─ Field 'cursor' @11:3
│     │  └─ decl_type
│     │     └─ TypeRef 'Pointer' @11:12
│     │        └─ generics
│     │           └─ TypeRef 'Int32' @11:20
│     ├─ Method 'initialize' @13:3
│     │  └─ params
│     │     ├─ Param 'base_id' instance_var @13:19
│     │     │  └─ decl_type
│     │     │     └─ TypeRef 'Int32' @13:30
│     │     ├─ Param 'log' instance_var @13:37
│     │     │  └─ decl_type
│     │     │     └─ TypeRef 'Pointer' @13:44
│     │     │        └─ generics
│     │     │           └─ TypeRef 'Int32' @13:52
│     │     └─ Param 'cursor' instance_var @13:60
│     │        └─ decl_type
│     │           └─ TypeRef 'Pointer' @13:70
│     │              └─ generics
│     │                 └─ TypeRef 'Int32' @13:78
│     └─ Method 'finalize' @16:3
│        ├─ return_type
│        │  └─ TypeRef 'Void' @16:19
│        └─ body
│           ├─ ExprStmt @17:5
│           │  └─ expr
│           │     └─ Assign '=' @17:10
│           │        ├─ target
│           │        │  └─ Identifier 'slot' @17:5
│           │        └─ value
│           │           └─ Deref @17:12
│           │              └─ operand
│           │                 └─ InstanceVar '@cursor' @17:13
│           ├─ ExprStmt @18:5
│           │  └─ expr
│           │     └─ Assign '=' @18:22
│           │        ├─ target
│           │        │  └─ Deref @18:5
│           │        │     └─ operand
│           │        │        └─ Binary '+' @18:13
│           │        │           ├─ lhs
│           │        │           │  └─ InstanceVar '@log' @18:8
│           │        │           └─ rhs
│           │        │              └─ Identifier 'slot' @18:15
│           │        └─ value
│           │           └─ InstanceVar '@base_id' @18:24
│           └─ ExprStmt @19:5
│              └─ expr
│                 └─ Assign '=' @19:14
│                    ├─ target
│                    │  └─ Deref @19:5
│                    │     └─ operand
│                    │        └─ InstanceVar '@cursor' @19:6
│                    └─ value
│                       └─ Binary '+' @19:21
│                          ├─ lhs
│                          │  └─ Identifier 'slot' @19:16
│                          └─ rhs
│                             └─ IntLiteral '1' @19:23
├─ Class 'DerivedResource' @24:1
│  ├─ super
│  │  └─ TypeRef 'BaseResource' @24:25
│  └─ body
│     ├─ Field 'derived_id' @25:3
│     │  └─ decl_type
│     │     └─ TypeRef 'Int32' @25:16
│     ├─ Method 'initialize' @27:3
│     │  ├─ params
│     │  │  ├─ Param 'base_id' @27:19
│     │  │  │  └─ decl_type
│     │  │  │     └─ TypeRef 'Int32' @27:29
│     │  │  ├─ Param 'derived_id' instance_var @27:36
│     │  │  │  └─ decl_type
│     │  │  │     └─ TypeRef 'Int32' @27:50
│     │  │  ├─ Param 'log' @27:57
│     │  │  │  └─ decl_type
│     │  │  │     └─ TypeRef 'Pointer' @27:63
│     │  │  │        └─ generics
│     │  │  │           └─ TypeRef 'Int32' @27:71
│     │  │  └─ Param 'cursor' @27:79
│     │  │     └─ decl_type
│     │  │        └─ TypeRef 'Pointer' @27:88
│     │  │           └─ generics
│     │  │              └─ TypeRef 'Int32' @27:96
│     │  └─ body
│     │     └─ ExprStmt @28:5
│     │        └─ expr
│     │           └─ Call @28:5
│     │              ├─ callee
│     │              │  └─ SuperExpr @28:5
│     │              └─ args
│     │                 ├─ Identifier 'base_id' @28:12
│     │                 ├─ Identifier 'log' @28:21
│     │                 └─ Identifier 'cursor' @28:26
│     └─ Method 'finalize' @31:3
│        ├─ return_type
│        │  └─ TypeRef 'Void' @31:19
│        └─ body
│           ├─ ExprStmt @32:5
│           │  └─ expr
│           │     └─ Assign '=' @32:10
│           │        ├─ target
│           │        │  └─ Identifier 'slot' @32:5
│           │        └─ value
│           │           └─ Deref @32:12
│           │              └─ operand
│           │                 └─ InstanceVar '@cursor' @32:13
│           ├─ ExprStmt @33:5
│           │  └─ expr
│           │     └─ Assign '=' @33:22
│           │        ├─ target
│           │        │  └─ Deref @33:5
│           │        │     └─ operand
│           │        │        └─ Binary '+' @33:13
│           │        │           ├─ lhs
│           │        │           │  └─ InstanceVar '@log' @33:8
│           │        │           └─ rhs
│           │        │              └─ Identifier 'slot' @33:15
│           │        └─ value
│           │           └─ InstanceVar '@derived_id' @33:24
│           └─ ExprStmt @34:5
│              └─ expr
│                 └─ Assign '=' @34:14
│                    ├─ target
│                    │  └─ Deref @34:5
│                    │     └─ operand
│                    │        └─ InstanceVar '@cursor' @34:6
│                    └─ value
│                       └─ Binary '+' @34:21
│                          ├─ lhs
│                          │  └─ Identifier 'slot' @34:16
│                          └─ rhs
│                             └─ IntLiteral '1' @34:23
├─ Method 'run_scope' @39:1
│  ├─ params
│  │  ├─ Param 'log' @39:16
│  │  │  └─ decl_type
│  │  │     └─ TypeRef 'Pointer' @39:22
│  │  │        └─ generics
│  │  │           └─ TypeRef 'Int32' @39:30
│  │  └─ Param 'cursor' @39:38
│  │     └─ decl_type
│  │        └─ TypeRef 'Pointer' @39:47
│  │           └─ generics
│  │              └─ TypeRef 'Int32' @39:55
│  ├─ return_type
│  │  └─ TypeRef 'Void' @39:67
│  └─ body
│     └─ ExprStmt @40:3
│        └─ expr
│           └─ Assign '=' @40:7
│              ├─ target
│              │  └─ Identifier 'res' @40:3
│              └─ value
│                 └─ Call @40:28
│                    ├─ callee
│                    │  └─ Member 'new' @40:24
│                    │     └─ object
│                    │        └─ Identifier 'DerivedResource' @40:9
│                    └─ args
│                       ├─ IntLiteral '10' @40:30
│                       ├─ IntLiteral '20' @40:34
│                       ├─ Identifier 'log' @40:38
│                       └─ Identifier 'cursor' @40:43
├─ ExprStmt @44:1
│  └─ expr
│     └─ Assign '=' @44:8
│        ├─ target
│        │  └─ Identifier 'cursor' @44:1
│        └─ value
│           └─ Call @44:31
│              ├─ callee
│              │  └─ Member 'malloc' @44:24
│              │     └─ object
│              │        └─ GenericInst @44:17
│              │           ├─ base
│              │           │  └─ Identifier 'Pointer' @44:10
│              │           └─ args
│              │              └─ TypeRef 'Int32' @44:18
│              └─ args
│                 └─ IntLiteral '1_u64' @44:33
├─ ExprStmt @45:1
│  └─ expr
│     └─ Assign '=' @45:9
│        ├─ target
│        │  └─ Deref @45:1
│        │     └─ operand
│        │        └─ Identifier 'cursor' @45:2
│        └─ value
│           └─ IntLiteral '0' @45:11
├─ ExprStmt @46:1
│  └─ expr
│     └─ Assign '=' @46:5
│        ├─ target
│        │  └─ Identifier 'log' @46:1
│        └─ value
│           └─ Call @46:28
│              ├─ callee
│              │  └─ Member 'malloc' @46:21
│              │     └─ object
│              │        └─ GenericInst @46:14
│              │           ├─ base
│              │           │  └─ Identifier 'Pointer' @46:7
│              │           └─ args
│              │              └─ TypeRef 'Int32' @46:15
│              └─ args
│                 └─ IntLiteral '4_u64' @46:30
├─ ExprStmt @49:1
│  └─ expr
│     └─ Call @49:10
│        ├─ callee
│        │  └─ Identifier 'run_scope' @49:1
│        └─ args
│           ├─ Identifier 'log' @49:12
│           └─ Identifier 'cursor' @49:17
├─ ExprStmt @50:1
│  └─ expr
│     └─ Call @50:8
│        ├─ callee
│        │  └─ Identifier 'assert!' @50:1
│        └─ args
│           └─ Binary '==' @50:18
│              ├─ lhs
│              │  └─ Deref @50:10
│              │     └─ operand
│              │        └─ Identifier 'cursor' @50:11
│              └─ rhs
│                 └─ IntLiteral '2' @50:21
├─ ExprStmt @51:1
│  └─ expr
│     └─ Call @51:8
│        ├─ callee
│        │  └─ Identifier 'assert!' @51:1
│        └─ args
│           └─ Binary '==' @51:23
│              ├─ lhs
│              │  └─ Deref @51:10
│              │     └─ operand
│              │        └─ Binary '+' @51:17
│              │           ├─ lhs
│              │           │  └─ Identifier 'log' @51:13
│              │           └─ rhs
│              │              └─ IntLiteral '0' @51:19
│              └─ rhs
│                 └─ IntLiteral '20' @51:26
├─ ExprStmt @52:1
│  └─ expr
│     └─ Call @52:8
│        ├─ callee
│        │  └─ Identifier 'assert!' @52:1
│        └─ args
│           └─ Binary '==' @52:23
│              ├─ lhs
│              │  └─ Deref @52:10
│              │     └─ operand
│              │        └─ Binary '+' @52:17
│              │           ├─ lhs
│              │           │  └─ Identifier 'log' @52:13
│              │           └─ rhs
│              │              └─ IntLiteral '1' @52:19
│              └─ rhs
│                 └─ IntLiteral '10' @52:26
├─ ExprStmt @55:1
│  └─ expr
│     └─ Member 'free' @55:4
│        └─ object
│           └─ Identifier 'log' @55:1
└─ ExprStmt @56:1
   └─ expr
      └─ Member 'free' @56:7
         └─ object
            └─ Identifier 'cursor' @56:1
--- exit 0 ---
