Program 'samples/Tests/OOP/Inheritance.vl'
├─ Annotation 'External' @1:1
│  └─ args
│     ├─ StringLiteral 'libc' @1:13
│     └─ StringLiteral 'exit' @1:21
├─ Method 'libc_exit' external @2:10
│  ├─ params
│  │  └─ Param 'value' @2:25
│  │     └─ decl_type
│  │        └─ TypeRef 'Int32' @2:33
│  └─ return_type
│     └─ TypeRef 'Void' @2:44
├─ Class 'Base' @6:1
│  └─ body
│     ├─ Field 'a' getter @7:3
│     │  └─ decl_type
│     │     └─ TypeRef 'Int32' @7:14
│     ├─ Field 'b' getter @8:3
│     │  └─ decl_type
│     │     └─ TypeRef 'Int32' @8:14
│     ├─ Method 'initialize' @10:3
│     │  └─ params
│     │     ├─ Param 'a' instance_var @10:19
│     │     │  └─ decl_type
│     │     │     └─ TypeRef 'Int32' @10:24
│     │     └─ Param 'b' instance_var @10:31
│     │        └─ decl_type
│     │           └─ TypeRef 'Int32' @10:36
│     └─ Method 'sum' @13:3
│        ├─ return_type
│        │  └─ TypeRef 'Int32' @13:14
│        └─ body
│           └─ ExprStmt @14:5
│              └─ expr
│                 └─ Binary '+' @14:8
│                    ├─ lhs
│                    │  └─ InstanceVar '@a' @14:5
│                    └─ rhs
│                       └─ InstanceVar '@b' @14:10
├─ Class 'Derived' @19:1
│  ├─ super
│  │  └─ TypeRef 'Base' @19:17
│  └─ body
│     ├─ Field 'c' getter @20:3
│     │  └─ decl_type
│     │     └─ TypeRef 'Int32' @20:14
│     ├─ Method 'initialize' @22:3
│     │  ├─ params
│     │  │  ├─ Param 'a' @22:19
│     │  │  │  └─ decl_type
│     │  │  │     └─ TypeRef 'Int32' @22:23
│     │  │  ├─ Param 'b' @22:30
│     │  │  │  └─ decl_type
│     │  │  │     └─ TypeRef 'Int32' @22:34
│     │  │  └─ Param 'c' instance_var @22:41
│     │  │     └─ decl_type
│     │  │        └─ TypeRef 'Int32' @22:46
│     │  └─ body
│     │     └─ ExprStmt @23:5
│     │        └─ expr
│     │           └─ Call @23:5
│     │              ├─ callee
│     │              │  └─ SuperExpr @23:5
│     │              └─ args
│     │                 ├─ Identifier 'a' @23:12
│     │                 └─ Identifier 'b' @23:15
│     └─ Method 'total' @26:3
│        ├─ return_type
│        │  └─ TypeRef 'Int32' @26:16
│        └─ body
│           └─ ExprStmt @27:5
│              └─ expr
│                 └─ Binary '+' @27:11
│                    ├─ lhs
│                    │  └─ Call @27:8
│                    │     └─ callee
│                    │        └─ Identifier 'sum' @27:5
│                    └─ rhs
│                       └─ InstanceVar '@c' @27:13
├─ Method 'main' @32:1
│  ├─ return_type
│  │  └─ TypeRef 'Int32' @32:13
│  └─ body
│     ├─ ExprStmt @33:3
│     │  └─ expr
│     │     └─ Assign '=' @33:5
│     │        ├─ target
│     │        │  └─ Identifier 'd' @33:3
│     │        └─ value
│     │           └─ Call @33:18
│     │              ├─ callee
│     │              │  └─ Member 'new' @33:14
│     │              │     └─ object
│     │              │        └─ Identifier 'Derived' @33:7
│     │              └─ args
│     │                 ├─ IntLiteral '3' @33:20
│     │                 ├─ IntLiteral '4' @33:23
│     │                 └─ IntLiteral '5' @33:26
│     └─ ExprStmt @34:3
│        └─ expr
│           └─ Binary '+' @34:13
│              ├─ lhs
│              │  └─ Call @34:10
│              │     └─ callee
│              │        └─ Member 'total' @34:4
│              │           └─ object
│              │              └─ Identifier 'd' @34:3
│              └─ rhs
│                 └─ Member 'a' @34:16
│                    └─ object
│                       └─ Identifier 'd' @34:15
└─ ExprStmt @38:1
   └─ expr
      └─ Call @38:10
         ├─ callee
         │  └─ Identifier 'libc_exit' @38:1
         └─ args
            └─ Identifier 'main' @38:12
--- exit 0 ---
