Program 'samples/Tests/OOP/MixinPrecedenceAndShadowing.vl'
├─ Mixin 'Greeter' @1:1
│  └─ body
│     ├─ Method 'greet' @2:3
│     │  ├─ return_type
│     │  │  └─ TypeRef 'String' @2:16
│     │  └─ body
│     │     └─ ExprStmt @3:5
│     │        └─ expr
│     │           └─ StringLiteral 'Hello from Greeter' @3:5
│     └─ Method 'salute' @6:3
│        ├─ return_type
│        │  └─ TypeRef 'String' @6:17
│        └─ body
│           └─ ExprStmt @7:5
│              └─ expr
│                 └─ StringLiteral 'Salute from Greeter' @7:5
├─ Mixin 'FormalGreeter' @12:1
│  └─ body
│     └─ Method 'greet' @13:3
│        ├─ return_type
│        │  └─ TypeRef 'String' @13:16
│        └─ body
│           └─ ExprStmt @14:5
│              └─ expr
│                 └─ StringLiteral 'Good day from FormalGreeter' @14:5
├─ Class 'Entity' @19:1
│  └─ body
│     ├─ Method 'greet' @20:3
│     │  ├─ return_type
│     │  │  └─ TypeRef 'String' @20:16
│     │  └─ body
│     │     └─ ExprStmt @21:5
│     │        └─ expr
│     │           └─ StringLiteral 'Hello from Entity' @21:5
│     ├─ Method 'entity_id' @24:3
│     │  ├─ return_type
│     │  │  └─ TypeRef 'Int32' @24:20
│     │  └─ body
│     │     └─ ExprStmt @25:5
│     │        └─ expr
│     │           └─ IntLiteral '100' @25:5
│     └─ Method 'initialize' @19:1
├─ Class 'Person' @30:1
│  ├─ super
│  │  └─ TypeRef 'Entity' @30:16
│  └─ body
│     ├─ Include @31:3
│     │  └─ target
│     │     └─ TypeRef 'Greeter' @31:11
│     ├─ Method 'greet' @33:3
│     │  ├─ return_type
│     │  │  └─ TypeRef 'String' @33:16
│     │  └─ body
│     │     └─ ExprStmt @34:5
│     │        └─ expr
│     │           └─ StringLiteral 'Hello from Person' @34:5
│     └─ Method 'initialize' @30:1
├─ Class 'Ambassador' @39:1
│  ├─ super
│  │  └─ TypeRef 'Entity' @39:20
│  └─ body
│     ├─ Include @40:3
│     │  └─ target
│     │     └─ TypeRef 'Greeter' @40:11
│     ├─ Include @41:3
│     │  └─ target
│     │     └─ TypeRef 'FormalGreeter' @41:11
│     └─ Method 'initialize' @39:1
├─ ExprStmt @45:1
│  └─ expr
│     └─ Assign '=' @45:3
│        ├─ target
│        │  └─ Identifier 'p' @45:1
│        └─ value
│           └─ Member 'new' @45:11
│              └─ object
│                 └─ Identifier 'Person' @45:5
├─ ExprStmt @46:1
│  └─ expr
│     └─ Call @46:8
│        ├─ callee
│        │  └─ Identifier 'assert!' @46:1
│        └─ args
│           └─ Binary '==' @46:18
│              ├─ lhs
│              │  └─ Member 'greet' @46:11
│              │     └─ object
│              │        └─ Identifier 'p' @46:10
│              └─ rhs
│                 └─ StringLiteral 'Hello from Person' @46:21
├─ ExprStmt @47:1
│  └─ expr
│     └─ Call @47:8
│        ├─ callee
│        │  └─ Identifier 'assert!' @47:1
│        └─ args
│           └─ Binary '==' @47:19
│              ├─ lhs
│              │  └─ Member 'salute' @47:11
│              │     └─ object
│              │        └─ Identifier 'p' @47:10
│              └─ rhs
│                 └─ StringLiteral 'Salute from Greeter' @47:22
├─ ExprStmt @48:1
│  └─ expr
│     └─ Call @48:8
│        ├─ callee
│        │  └─ Identifier 'assert!' @48:1
│        └─ args
│           └─ Binary '==' @48:22
│              ├─ lhs
│              │  └─ Member 'entity_id' @48:11
│              │     └─ object
│              │        └─ Identifier 'p' @48:10
│              └─ rhs
│                 └─ IntLiteral '100' @48:25
├─ ExprStmt @50:1
│  └─ expr
│     └─ Assign '=' @50:3
│        ├─ target
│        │  └─ Identifier 'a' @50:1
│        └─ value
│           └─ Member 'new' @50:15
│              └─ object
│                 └─ Identifier 'Ambassador' @50:5
├─ ExprStmt @51:1
│  └─ expr
│     └─ Call @51:8
│        ├─ callee
│        │  └─ Identifier 'assert!' @51:1
│        └─ args
│           └─ Binary '==' @51:18
│              ├─ lhs
│              │  └─ Member 'greet' @51:11
│              │     └─ object
│              │        └─ Identifier 'a' @51:10
│              └─ rhs
│                 └─ StringLiteral 'Good day from FormalGreeter' @51:21
└─ ExprStmt @52:1
   └─ expr
      └─ Call @52:8
         ├─ callee
         │  └─ Identifier 'assert!' @52:1
         └─ args
            └─ Binary '==' @52:19
               ├─ lhs
               │  └─ Member 'salute' @52:11
               │     └─ object
               │        └─ Identifier 'a' @52:10
               └─ rhs
                  └─ StringLiteral 'Salute from Greeter' @52:22
--- exit 0 ---
