Program 'samples/Tests/OOP/Struct.vl'
├─ Annotation 'External' @1:1
│  └─ args
│     ├─ StringLiteral 'libc' @1:13
│     └─ StringLiteral 'exit' @1:21
├─ Method 'libc_exit' external @2:10
│  ├─ params
│  │  └─ Param 'value' @2:25
│  │     └─ decl_type
│  │        └─ TypeRef 'Int32' @2:33
│  └─ return_type
│     └─ TypeRef 'Void' @2:44
├─ Struct 'Vec2' @5:1
│  └─ body
│     ├─ Field 'x' getter @6:3
│     │  └─ decl_type
│     │     └─ TypeRef 'Int32' @6:14
│     ├─ Field 'y' getter @7:3
│     │  └─ decl_type
│     │     └─ TypeRef 'Int32' @7:14
│     ├─ Method 'initialize' @9:3
│     │  └─ params
│     │     ├─ Param 'x' instance_var @9:19
│     │     │  └─ decl_type
│     │     │     └─ TypeRef 'Int32' @9:24
│     │     └─ Param 'y' instance_var @9:31
│     │        └─ decl_type
│     │           └─ TypeRef 'Int32' @9:36
│     ├─ Method 'sum' @12:3
│     │  ├─ return_type
│     │  │  └─ TypeRef 'Int32' @12:14
│     │  └─ body
│     │     └─ ExprStmt @13:5
│     │        └─ expr
│     │           └─ Binary '+' @13:8
│     │              ├─ lhs
│     │              │  └─ InstanceVar '@x' @13:5
│     │              └─ rhs
│     │                 └─ InstanceVar '@y' @13:10
│     └─ Method 'shifted' @16:3
│        ├─ params
│        │  └─ Param 'delta' @16:16
│        │     └─ decl_type
│        │        └─ TypeRef 'Int32' @16:24
│        ├─ return_type
│        │  └─ TypeRef 'Int32' @16:35
│        └─ body
│           └─ ExprStmt @17:5
│              └─ expr
│                 └─ Binary '+' @17:13
│                    ├─ lhs
│                    │  └─ Binary '+' @17:8
│                    │     ├─ lhs
│                    │     │  └─ InstanceVar '@x' @17:5
│                    │     └─ rhs
│                    │        └─ InstanceVar '@y' @17:10
│                    └─ rhs
│                       └─ Identifier 'delta' @17:15
├─ Method 'main' @22:1
│  ├─ return_type
│  │  └─ TypeRef 'Int32' @22:13
│  └─ body
│     ├─ ExprStmt @23:3
│     │  └─ expr
│     │     └─ Assign '=' @23:5
│     │        ├─ target
│     │        │  └─ Identifier 'v' @23:3
│     │        └─ value
│     │           └─ Call @23:15
│     │              ├─ callee
│     │              │  └─ Member 'new' @23:11
│     │              │     └─ object
│     │              │        └─ Identifier 'Vec2' @23:7
│     │              └─ args
│     │                 ├─ IntLiteral '3' @23:17
│     │                 └─ IntLiteral '4' @23:20
│     └─ ExprStmt @24:3
│        └─ expr
│           └─ Binary '+' @24:9
│              ├─ lhs
│              │  └─ Member 'sum' @24:4
│              │     └─ object
│              │        └─ Identifier 'v' @24:3
│              └─ rhs
│                 └─ Call @24:20
│                    ├─ callee
│                    │  └─ Member 'shifted' @24:12
│                    │     └─ object
│                    │        └─ Identifier 'v' @24:11
│                    └─ args
│                       └─ IntLiteral '5' @24:22
└─ ExprStmt @28:1
   └─ expr
      └─ Call @28:10
         ├─ callee
         │  └─ Identifier 'libc_exit' @28:1
         └─ args
            └─ Identifier 'main' @28:12
--- exit 0 ---
