Program 'samples/Tests/OOP/Struct.vl'
├─ Struct 'Vec2' @1:1
│  └─ body
│     ├─ Field 'x' getter @2:3
│     │  └─ decl_type
│     │     └─ TypeRef 'Int32' @2:14
│     ├─ Field 'y' getter @3:3
│     │  └─ decl_type
│     │     └─ TypeRef 'Int32' @3:14
│     ├─ Method 'initialize' @5:3
│     │  └─ params
│     │     ├─ Param 'x' instance_var @5:19
│     │     │  └─ decl_type
│     │     │     └─ TypeRef 'Int32' @5:24
│     │     └─ Param 'y' instance_var @5:31
│     │        └─ decl_type
│     │           └─ TypeRef 'Int32' @5:36
│     ├─ Method 'sum' @8:3
│     │  ├─ return_type
│     │  │  └─ TypeRef 'Int32' @8:14
│     │  └─ body
│     │     └─ ExprStmt @9:5
│     │        └─ expr
│     │           └─ Binary '+' @9:8
│     │              ├─ lhs
│     │              │  └─ InstanceVar '@x' @9:5
│     │              └─ rhs
│     │                 └─ InstanceVar '@y' @9:10
│     └─ Method 'shifted' @12:3
│        ├─ params
│        │  └─ Param 'delta' @12:16
│        │     └─ decl_type
│        │        └─ TypeRef 'Int32' @12:24
│        ├─ return_type
│        │  └─ TypeRef 'Int32' @12:35
│        └─ body
│           └─ ExprStmt @13:5
│              └─ expr
│                 └─ Binary '+' @13:13
│                    ├─ lhs
│                    │  └─ Binary '+' @13:8
│                    │     ├─ lhs
│                    │     │  └─ InstanceVar '@x' @13:5
│                    │     └─ rhs
│                    │        └─ InstanceVar '@y' @13:10
│                    └─ rhs
│                       └─ Identifier 'delta' @13:15
├─ Method 'main' @18:1
│  ├─ return_type
│  │  └─ TypeRef 'Int32' @18:13
│  └─ body
│     ├─ ExprStmt @19:3
│     │  └─ expr
│     │     └─ Assign '=' @19:5
│     │        ├─ target
│     │        │  └─ Identifier 'v' @19:3
│     │        └─ value
│     │           └─ Call @19:15
│     │              ├─ callee
│     │              │  └─ Member 'new' @19:11
│     │              │     └─ object
│     │              │        └─ Identifier 'Vec2' @19:7
│     │              └─ args
│     │                 ├─ IntLiteral '3' @19:17
│     │                 └─ IntLiteral '4' @19:20
│     └─ ExprStmt @20:3
│        └─ expr
│           └─ Binary '+' @20:9
│              ├─ lhs
│              │  └─ Member 'sum' @20:4
│              │     └─ object
│              │        └─ Identifier 'v' @20:3
│              └─ rhs
│                 └─ Call @20:20
│                    ├─ callee
│                    │  └─ Member 'shifted' @20:12
│                    │     └─ object
│                    │        └─ Identifier 'v' @20:11
│                    └─ args
│                       └─ IntLiteral '5' @20:22
└─ ExprStmt @24:1
   └─ expr
      └─ Call @24:10
         ├─ callee
         │  └─ Member 'exit' @24:5
         │     └─ object
         │        └─ Identifier 'LibC' @24:1
         └─ args
            └─ Identifier 'main' @24:12
--- exit 0 ---
