Program 'samples/Tests/Conditional/IfInline.vl'
├─ Method 'assert!' @1:1
│  ├─ params
│  │  └─ Param 'condition' @1:14
│  │     └─ decl_type
│  │        └─ TypeRef 'Bool' @1:26
│  ├─ return_type
│  │  └─ TypeRef 'Void' @1:36
│  └─ body
│     └─ ExprStmt @2:3
│        └─ expr
│           └─ If @2:3
│              ├─ cond
│              │  └─ Unary 'not' @2:6
│              │     └─ operand
│              │        └─ Identifier 'condition' @2:10
│              └─ then
│                 └─ ExprStmt @3:5
│                    └─ expr
│                       └─ RaiseExpr @3:5
│                          └─ exception
│                             └─ Interp @3:11
│                                └─ parts
│                                   ├─ StringLiteral 'FAIL ' @3:11
│                                   ├─ Identifier '__FILE__' @3:19
│                                   ├─ StringLiteral ':\tCalled by ' @3:11
│                                   ├─ Identifier '__FUNCTION__' @3:43
│                                   ├─ StringLiteral ' at ' @3:11
│                                   ├─ Identifier '__LINE__' @3:62
│                                   ├─ StringLiteral ':' @3:11
│                                   └─ Identifier '__COLUMN__' @3:74
├─ ExprStmt @8:1
│  └─ expr
│     └─ Assign '=' @8:9
│        ├─ target
│        │  └─ Identifier 'counter' @8:1
│        └─ value
│           └─ IntLiteral '0' @8:11
├─ ExprStmt @9:15
│  └─ expr
│     └─ If @9:15
│        ├─ cond
│        │  └─ BoolLiteral true @9:18
│        └─ then
│           └─ ExprStmt @9:1
│              └─ expr
│                 └─ Assign '+=' @9:9
│                    ├─ target
│                    │  └─ Identifier 'counter' @9:1
│                    └─ value
│                       └─ IntLiteral '10' @9:12
├─ ExprStmt @10:1
│  └─ expr
│     └─ Call @10:8
│        ├─ callee
│        │  └─ Identifier 'assert!' @10:1
│        └─ args
│           └─ Binary '==' @10:18
│              ├─ lhs
│              │  └─ Identifier 'counter' @10:10
│              └─ rhs
│                 └─ IntLiteral '10' @10:21
├─ ExprStmt @13:15
│  └─ expr
│     └─ If @13:15
│        ├─ cond
│        │  └─ BoolLiteral false @13:18
│        └─ then
│           └─ ExprStmt @13:1
│              └─ expr
│                 └─ Assign '+=' @13:9
│                    ├─ target
│                    │  └─ Identifier 'counter' @13:1
│                    └─ value
│                       └─ IntLiteral '10' @13:12
├─ ExprStmt @14:1
│  └─ expr
│     └─ Call @14:8
│        ├─ callee
│        │  └─ Identifier 'assert!' @14:1
│        └─ args
│           └─ Binary '==' @14:18
│              ├─ lhs
│              │  └─ Identifier 'counter' @14:10
│              └─ rhs
│                 └─ IntLiteral '10' @14:21
├─ ExprStmt @17:24
│  └─ expr
│     └─ If @17:24
│        ├─ cond
│        │  └─ BoolLiteral true @17:27
│        └─ then
│           └─ ExprStmt @17:1
│              └─ expr
│                 └─ Assign '=' @17:12
│                    ├─ target
│                    │  └─ Identifier 'inline_res' @17:1
│                    └─ value
│                       └─ StringLiteral 'success' @17:14
├─ ExprStmt @18:1
│  └─ expr
│     └─ Call @18:8
│        ├─ callee
│        │  └─ Identifier 'assert!' @18:1
│        └─ args
│           └─ Binary '==' @18:21
│              ├─ lhs
│              │  └─ Identifier 'inline_res' @18:10
│              └─ rhs
│                 └─ StringLiteral 'success' @18:24
├─ ExprStmt @21:30
│  └─ expr
│     └─ If @21:30
│        ├─ cond
│        │  └─ BoolLiteral false @21:33
│        └─ then
│           └─ ExprStmt @21:1
│              └─ expr
│                 └─ Assign '=' @21:18
│                    ├─ target
│                    │  └─ Identifier 'inline_res_false' @21:1
│                    └─ value
│                       └─ StringLiteral 'success' @21:20
└─ ExprStmt @22:1
   └─ expr
      └─ Call @22:8
         ├─ callee
         │  └─ Identifier 'assert!' @22:1
         └─ args
            └─ Member 'empty?' @22:26
               └─ object
                  └─ Identifier 'inline_res_false' @22:10
--- exit 0 ---
