Program 'samples/Tests/Conditional/UnlessInline.vl'
├─ ExprStmt @1:1
│  └─ expr
│     └─ Assign '=' @1:12
│        ├─ target
│        │  └─ Identifier 'val_unless' @1:1
│        └─ value
│           └─ IntLiteral '50' @1:14
├─ ExprStmt @2:18
│  └─ expr
│     └─ If @2:18
│        ├─ cond
│        │  └─ Unary 'not' @2:18
│        │     └─ operand
│        │        └─ BoolLiteral false @2:25
│        └─ then
│           └─ ExprStmt @2:1
│              └─ expr
│                 └─ Assign '=' @2:12
│                    ├─ target
│                    │  └─ Identifier 'val_unless' @2:1
│                    └─ value
│                       └─ IntLiteral '100' @2:14
├─ ExprStmt @3:1
│  └─ expr
│     └─ Call @3:8
│        ├─ callee
│        │  └─ Identifier 'assert!' @3:1
│        └─ args
│           └─ Binary '==' @3:21
│              ├─ lhs
│              │  └─ Identifier 'val_unless' @3:10
│              └─ rhs
│                 └─ IntLiteral '100' @3:24
├─ ExprStmt @6:18
│  └─ expr
│     └─ If @6:18
│        ├─ cond
│        │  └─ Unary 'not' @6:18
│        │     └─ operand
│        │        └─ BoolLiteral true @6:25
│        └─ then
│           └─ ExprStmt @6:1
│              └─ expr
│                 └─ Assign '=' @6:12
│                    ├─ target
│                    │  └─ Identifier 'val_unless' @6:1
│                    └─ value
│                       └─ IntLiteral '200' @6:14
└─ ExprStmt @7:1
   └─ expr
      └─ Call @7:8
         ├─ callee
         │  └─ Identifier 'assert!' @7:1
         └─ args
            └─ Binary '==' @7:21
               ├─ lhs
               │  └─ Identifier 'val_unless' @7:10
               └─ rhs
                  └─ IntLiteral '100' @7:24
--- exit 0 ---
