Program 'samples/Tests/Conditional/UnlessElse.vl'
├─ ExprStmt @1:1
│  └─ expr
│     └─ Assign '=' @1:10
│        ├─ target
│        │  └─ Identifier 'executed' @1:1
│        └─ value
│           └─ BoolLiteral false @1:12
├─ ExprStmt @2:1
│  └─ expr
│     └─ If @2:1
│        ├─ cond
│        │  └─ Unary 'not' @2:1
│        │     └─ operand
│        │        └─ BoolLiteral false @2:8
│        └─ then
│           └─ ExprStmt @3:3
│              └─ expr
│                 └─ Assign '=' @3:12
│                    ├─ target
│                    │  └─ Identifier 'executed' @3:3
│                    └─ value
│                       └─ BoolLiteral true @3:14
├─ ExprStmt @5:1
│  └─ expr
│     └─ Call @5:8
│        ├─ callee
│        │  └─ Identifier 'assert!' @5:1
│        └─ args
│           └─ Binary '==' @5:19
│              ├─ lhs
│              │  └─ Identifier 'executed' @5:10
│              └─ rhs
│                 └─ BoolLiteral true @5:22
├─ ExprStmt @8:1
│  └─ expr
│     └─ Assign '=' @8:8
│        ├─ target
│        │  └─ Identifier 'status' @8:1
│        └─ value
│           └─ If @8:10
│              ├─ cond
│              │  └─ Unary 'not' @8:10
│              │     └─ operand
│              │        └─ BoolLiteral true @8:17
│              ├─ then
│              │  └─ ExprStmt @9:3
│              │     └─ expr
│              │        └─ StringLiteral 'active' @9:3
│              └─ else
│                 └─ ExprStmt @11:3
│                    └─ expr
│                       └─ StringLiteral 'inactive' @11:3
├─ ExprStmt @13:1
│  └─ expr
│     └─ Call @13:8
│        ├─ callee
│        │  └─ Identifier 'assert!' @13:1
│        └─ args
│           └─ Binary '==' @13:17
│              ├─ lhs
│              │  └─ Identifier 'status' @13:10
│              └─ rhs
│                 └─ StringLiteral 'inactive' @13:20
├─ ExprStmt @16:1
│  └─ expr
│     └─ Assign '=' @16:17
│        ├─ target
│        │  └─ Identifier 'res_unless_then' @16:1
│        └─ value
│           └─ If @16:19
│              ├─ cond
│              │  └─ Unary 'not' @16:19
│              │     └─ operand
│              │        └─ BoolLiteral false @16:26
│              ├─ then
│              │  └─ ExprStmt @16:37
│              │     └─ expr
│              │        └─ StringLiteral 'ok' @16:37
│              └─ else
│                 └─ ExprStmt @16:47
│                    └─ expr
│                       └─ StringLiteral 'ko' @16:47
└─ ExprStmt @17:1
   └─ expr
      └─ Call @17:8
         ├─ callee
         │  └─ Identifier 'assert!' @17:1
         └─ args
            └─ Binary '==' @17:26
               ├─ lhs
               │  └─ Identifier 'res_unless_then' @17:10
               └─ rhs
                  └─ StringLiteral 'ok' @17:29
--- exit 0 ---
