Program 'samples/Tests/Functional/Composition.vl'
├─ ExprStmt @1:1
│  └─ expr
│     └─ Assign '=' @1:10
│        ├─ target
│        │  └─ Identifier 'raw_name' @1:1
│        └─ value
│           └─ StringLiteral '  VoLt ' @1:12
├─ ExprStmt @2:1
│  └─ expr
│     └─ Assign '=' @2:6
│        ├─ target
│        │  └─ Identifier 'name' @2:1
│        └─ value
│           └─ Pipeline @2:17
│              ├─ lhs
│              │  └─ Identifier 'raw_name' @2:8
│              └─ rhs
│                 └─ Composition @2:29
│                    ├─ lhs
│                    │  └─ Section instance_method 'trim' @2:21
│                    └─ rhs
│                       └─ Section instance_method 'downcase' @2:33
├─ ExprStmt @3:1
│  └─ expr
│     └─ Call @3:8
│        ├─ callee
│        │  └─ Identifier 'assert!' @3:1
│        └─ args
│           └─ Binary '==' @3:15
│              ├─ lhs
│              │  └─ Identifier 'name' @3:10
│              └─ rhs
│                 └─ StringLiteral 'volt' @3:18
├─ ExprStmt @6:1
│  └─ expr
│     └─ Assign '=' @6:7
│        ├─ target
│        │  └─ Identifier 'users' @6:1
│        └─ value
│           └─ ArrayLit @6:9
│              └─ elements
│                 ├─ StringLiteral ' alice ' @6:11
│                 └─ StringLiteral '' @6:22
├─ ExprStmt @7:1
│  └─ expr
│     └─ Assign '=' @7:6
│        ├─ target
│        │  └─ Identifier 'kept' @7:1
│        └─ value
│           └─ Call @7:20
│              ├─ callee
│              │  └─ Member 'filter' @7:13
│              │     └─ object
│              │        └─ Identifier 'users' @7:8
│              └─ block_arg
│                 └─ Section instance_method 'empty?' negated @7:23
├─ ExprStmt @8:1
│  └─ expr
│     └─ Call @8:8
│        ├─ callee
│        │  └─ Identifier 'assert!' @8:1
│        └─ args
│           └─ Binary '==' @8:20
│              ├─ lhs
│              │  └─ Member 'size' @8:14
│              │     └─ object
│              │        └─ Identifier 'kept' @8:10
│              └─ rhs
│                 └─ IntLiteral '1' @8:23
├─ ExprStmt @10:1
│  └─ expr
│     └─ Assign '=' @10:6
│        ├─ target
│        │  └─ Identifier 'tidy' @10:1
│        └─ value
│           └─ Call @10:17
│              ├─ callee
│              │  └─ Member 'map' @10:13
│              │     └─ object
│              │        └─ Identifier 'users' @10:8
│              └─ block_arg
│                 └─ Composition @10:28
│                    ├─ lhs
│                    │  └─ Section instance_method 'trim' @10:20
│                    └─ rhs
│                       └─ Section instance_method 'prefix' @10:32
│                          └─ args
│                             └─ StringLiteral 'usr_' @10:41
└─ ExprStmt @11:1
   └─ expr
      └─ Call @11:8
         ├─ callee
         │  └─ Identifier 'assert!' @11:1
         └─ args
            └─ Binary '==' @11:20
               ├─ lhs
               │  └─ Index @11:14
               │     ├─ object
               │     │  └─ Identifier 'tidy' @11:10
               │     └─ args
               │        └─ IntLiteral '0' @11:16
               └─ rhs
                  └─ StringLiteral 'usr_alice' @11:23
--- exit 0 ---
