Program 'samples/Tests/Functional/Lambda.vl'
├─ Method 'add_five' [T_1] @2:14
│  ├─ params
│  │  └─ Param 'fn_tmp_0' @2:14
│  │     └─ decl_type
│  │        └─ TypeRef 'T_1' @2:14
│  ├─ return_type
│  │  └─ TypeRef 'T_1' @2:14
│  └─ body
│     └─ ExprStmt @2:14
│        └─ expr
│           └─ Binary '+' @2:14
│              ├─ lhs
│              │  └─ Identifier 'fn_tmp_0' @2:14
│              └─ rhs
│                 └─ IntLiteral '5' @2:18
├─ ExprStmt @1:1
│  └─ expr
│     └─ Assign '=' @1:8
│        ├─ target
│        │  └─ Identifier 'double' @1:1
│        └─ value
│           └─ Lambda @1:10
│              ├─ params
│              │  └─ Param 'x' @1:12
│              │     └─ decl_type
│              │        └─ TypeRef 'Int32' @1:16
│              └─ body
│                 └─ Binary '*' @1:31
│                    ├─ lhs
│                    │  └─ Identifier 'x' @1:29
│                    └─ rhs
│                       └─ IntLiteral '2' @1:33
├─ ExprStmt @4:1
│  └─ expr
│     └─ Call @4:8
│        ├─ callee
│        │  └─ Identifier 'assert!' @4:1
│        └─ args
│           └─ Binary '==' @4:22
│              ├─ lhs
│              │  └─ Call @4:16
│              │     ├─ callee
│              │     │  └─ Identifier 'double' @4:10
│              │     └─ args
│              │        └─ IntLiteral '4' @4:18
│              └─ rhs
│                 └─ IntLiteral '8' @4:25
├─ ExprStmt @5:1
│  └─ expr
│     └─ Call @5:8
│        ├─ callee
│        │  └─ Identifier 'assert!' @5:1
│        └─ args
│           └─ Binary '==' @5:22
│              ├─ lhs
│              │  └─ Pipeline @5:12
│              │     ├─ lhs
│              │     │  └─ IntLiteral '4' @5:10
│              │     └─ rhs
│              │        └─ Identifier 'double' @5:15
│              └─ rhs
│                 └─ IntLiteral '8' @5:25
├─ ExprStmt @6:1
│  └─ expr
│     └─ Call @6:8
│        ├─ callee
│        │  └─ Identifier 'assert!' @6:1
│        └─ args
│           └─ Binary '==' @6:25
│              ├─ lhs
│              │  └─ Call @6:18
│              │     ├─ callee
│              │     │  └─ Identifier 'add_five' @6:10
│              │     └─ args
│              │        └─ IntLiteral '10' @6:20
│              └─ rhs
│                 └─ IntLiteral '15' @6:28
└─ ExprStmt @7:1
   └─ expr
      └─ Call @7:8
         ├─ callee
         │  └─ Identifier 'assert!' @7:1
         └─ args
            └─ Binary '==' @7:25
               ├─ lhs
               │  └─ Pipeline @7:13
               │     ├─ lhs
               │     │  └─ IntLiteral '10' @7:10
               │     └─ rhs
               │        └─ Identifier 'add_five' @7:16
               └─ rhs
                  └─ IntLiteral '15' @7:28
--- exit 0 ---
