Program 'samples/Tests/Functional/Lambda.vl'
├─ Method 'assert!' @1:1
│  ├─ params
│  │  └─ Param 'condition' @1:14
│  │     └─ decl_type
│  │        └─ TypeRef 'Bool' @1:26
│  ├─ return_type
│  │  └─ TypeRef 'Void' @1:36
│  └─ body
│     └─ If @2:3
│        ├─ cond
│        │  └─ Unary 'not' @2:6
│        │     └─ operand
│        │        └─ Identifier 'condition' @2:10
│        └─ then
│           └─ ExprStmt @3:5
│              └─ expr
│                 └─ RaiseExpr @3:5
│                    └─ exception
│                       └─ Binary '+' @3:11
│                          ├─ lhs
│                          │  └─ Binary '+' @3:11
│                          │     ├─ lhs
│                          │     │  └─ Binary '+' @3:11
│                          │     │     ├─ lhs
│                          │     │     │  └─ Binary '+' @3:11
│                          │     │     │     ├─ lhs
│                          │     │     │     │  └─ Binary '+' @3:11
│                          │     │     │     │     ├─ lhs
│                          │     │     │     │     │  └─ Binary '+' @3:11
│                          │     │     │     │     │     ├─ lhs
│                          │     │     │     │     │     │  └─ Binary '+' @3:11
│                          │     │     │     │     │     │     ├─ lhs
│                          │     │     │     │     │     │     │  └─ StringLiteral 'FAIL ' @3:11
│                          │     │     │     │     │     │     └─ rhs
│                          │     │     │     │     │     │        └─ StringLiteral 'samples/Tests/Functional/Lambda.vl' @3:19
│                          │     │     │     │     │     └─ rhs
│                          │     │     │     │     │        └─ StringLiteral ':\tCalled by ' @3:11
│                          │     │     │     │     └─ rhs
│                          │     │     │     │        └─ StringLiteral 'assert!' @3:43
│                          │     │     │     └─ rhs
│                          │     │     │        └─ StringLiteral ' at ' @3:11
│                          │     │     └─ rhs
│                          │     │        └─ Call @3:11
│                          │     │           └─ callee
│                          │     │              └─ Member 'to_string' @3:11
│                          │     │                 └─ object
│                          │     │                    └─ IntLiteral '3' @3:62
│                          │     └─ rhs
│                          │        └─ StringLiteral ':' @3:11
│                          └─ rhs
│                             └─ Call @3:11
│                                └─ callee
│                                   └─ Member 'to_string' @3:11
│                                      └─ object
│                                         └─ IntLiteral '74' @3:74
├─ ExprStmt @8:1
│  └─ expr
│     └─ Assign '=' @8:8
│        ├─ target
│        │  └─ Identifier 'double' @8:1
│        └─ value
│           └─ Lambda @8:10
│              ├─ params
│              │  └─ Param 'x' @8:12
│              │     └─ decl_type
│              │        └─ TypeRef 'Int32' @8:16
│              └─ body
│                 └─ Binary '*' @8:31
│                    ├─ lhs
│                    │  └─ Identifier 'x' @8:29
│                    └─ rhs
│                       └─ IntLiteral '2' @8:33
├─ ExprStmt @9:1
│  └─ expr
│     └─ Assign '=' @9:10
│        ├─ target
│        │  └─ Identifier 'add_five' @9:1
│        └─ value
│           └─ Lambda @9:14
│              ├─ params
│              │  └─ Param 'fn_tmp_0' @9:14
│              └─ body
│                 └─ Call @9:14
│                    ├─ callee
│                    │  └─ Member '+' @9:14
│                    │     └─ object
│                    │        └─ Identifier 'fn_tmp_0' @9:14
│                    └─ args
│                       └─ IntLiteral '5' @9:18
├─ ExprStmt @11:1
│  └─ expr
│     └─ Call @11:8
│        ├─ callee
│        │  └─ Identifier 'assert!' @11:1
│        └─ args
│           └─ Binary '==' @11:22
│              ├─ lhs
│              │  └─ Call @11:16
│              │     ├─ callee
│              │     │  └─ Identifier 'double' @11:10
│              │     └─ args
│              │        └─ IntLiteral '4' @11:18
│              └─ rhs
│                 └─ IntLiteral '8' @11:25
├─ ExprStmt @12:1
│  └─ expr
│     └─ Call @12:8
│        ├─ callee
│        │  └─ Identifier 'assert!' @12:1
│        └─ args
│           └─ Binary '==' @12:22
│              ├─ lhs
│              │  └─ Call @12:12
│              │     ├─ callee
│              │     │  └─ Identifier 'double' @12:15
│              │     └─ args
│              │        └─ IntLiteral '4' @12:10
│              └─ rhs
│                 └─ IntLiteral '8' @12:25
├─ ExprStmt @13:1
│  └─ expr
│     └─ Call @13:8
│        ├─ callee
│        │  └─ Identifier 'assert!' @13:1
│        └─ args
│           └─ Binary '==' @13:25
│              ├─ lhs
│              │  └─ Call @13:18
│              │     ├─ callee
│              │     │  └─ Identifier 'add_five' @13:10
│              │     └─ args
│              │        └─ IntLiteral '10' @13:20
│              └─ rhs
│                 └─ IntLiteral '15' @13:28
└─ ExprStmt @14:1
   └─ expr
      └─ Call @14:8
         ├─ callee
         │  └─ Identifier 'assert!' @14:1
         └─ args
            └─ Binary '==' @14:25
               ├─ lhs
               │  └─ Call @14:13
               │     ├─ callee
               │     │  └─ Identifier 'add_five' @14:16
               │     └─ args
               │        └─ IntLiteral '10' @14:10
               └─ rhs
                  └─ IntLiteral '15' @14:28
--- exit 0 ---
