Program 'samples/Tests/Functional/ReversePipeline.vl'
├─ Method 'double' @1:1
│  ├─ params
│  │  └─ Param 'x' @1:12
│  │     └─ decl_type
│  │        └─ TypeRef 'Int32' @1:16
│  ├─ return_type
│  │  └─ TypeRef 'Int32' @1:26
│  └─ body
│     └─ ExprStmt @2:3
│        └─ expr
│           └─ Binary '*' @2:5
│              ├─ lhs
│              │  └─ Identifier 'x' @2:3
│              └─ rhs
│                 └─ IntLiteral '2' @2:7
├─ Method 'add_three' @5:1
│  ├─ params
│  │  └─ Param 'x' @5:15
│  │     └─ decl_type
│  │        └─ TypeRef 'Int32' @5:19
│  ├─ return_type
│  │  └─ TypeRef 'Int32' @5:29
│  └─ body
│     └─ ExprStmt @6:3
│        └─ expr
│           └─ Binary '+' @6:5
│              ├─ lhs
│              │  └─ Identifier 'x' @6:3
│              └─ rhs
│                 └─ IntLiteral '3' @6:7
├─ Method 'scale' @9:1
│  ├─ params
│  │  ├─ Param 'x' @9:11
│  │  │  └─ decl_type
│  │  │     └─ TypeRef 'Int32' @9:15
│  │  ├─ Param 'factor' @9:22
│  │  │  └─ decl_type
│  │  │     └─ TypeRef 'Int32' @9:31
│  │  └─ Param 'offset' @9:38
│  │     └─ decl_type
│  │        └─ TypeRef 'Int32' @9:47
│  ├─ return_type
│  │  └─ TypeRef 'Int32' @9:57
│  └─ body
│     └─ ExprStmt @10:3
│        └─ expr
│           └─ Binary '+' @10:16
│              ├─ lhs
│              │  └─ Binary '*' @10:6
│              │     ├─ lhs
│              │     │  └─ Identifier 'x' @10:4
│              │     └─ rhs
│              │        └─ Identifier 'factor' @10:8
│              └─ rhs
│                 └─ Identifier 'offset' @10:18
├─ Module 'MathHelper' @14:1
│  └─ body
│     ├─ Method 'square' self @17:3
│     │  ├─ params
│     │  │  └─ Param 'x' @17:19
│     │  │     └─ decl_type
│     │  │        └─ TypeRef 'Int32' @17:23
│     │  ├─ return_type
│     │  │  └─ TypeRef 'Int32' @17:33
│     │  └─ body
│     │     └─ ExprStmt @18:5
│     │        └─ expr
│     │           └─ Binary '*' @18:7
│     │              ├─ lhs
│     │              │  └─ Identifier 'x' @18:5
│     │              └─ rhs
│     │                 └─ Identifier 'x' @18:9
│     └─ Method 'add_constant' self @21:3
│        ├─ params
│        │  ├─ Param 'x' @21:25
│        │  │  └─ decl_type
│        │  │     └─ TypeRef 'Int32' @21:29
│        │  └─ Param 'const' @21:36
│        │     └─ decl_type
│        │        └─ TypeRef 'Int32' @21:44
│        ├─ return_type
│        │  └─ TypeRef 'Int32' @21:54
│        └─ body
│           └─ ExprStmt @22:5
│              └─ expr
│                 └─ Binary '+' @22:7
│                    ├─ lhs
│                    │  └─ Identifier 'x' @22:5
│                    └─ rhs
│                       └─ Identifier 'const' @22:9
├─ ExprStmt @31:1
│  └─ expr
│     └─ Assign '=' @31:15
│        ├─ target
│        │  └─ Identifier 'res_no_parens' @31:1
│        └─ value
│           └─ Pipeline @31:24
│              ├─ lhs
│              │  └─ Pipeline @31:37
│              │     ├─ lhs
│              │     │  └─ IntLiteral '5' @31:40
│              │     └─ rhs
│              │        └─ Identifier 'add_three' @31:27
│              └─ rhs
│                 └─ Identifier 'double' @31:17
├─ ExprStmt @32:1
│  └─ expr
│     └─ Call @32:8
│        ├─ callee
│        │  └─ Identifier 'assert!' @32:1
│        └─ args
│           └─ Binary '==' @32:23
│              ├─ lhs
│              │  └─ Identifier 'res_no_parens' @32:9
│              └─ rhs
│                 └─ IntLiteral '16' @32:26
├─ ExprStmt @36:1
│  └─ expr
│     └─ Assign '=' @36:3
│        ├─ target
│        │  └─ Identifier 'x' @36:1
│        └─ value
│           └─ Pipeline @36:12
│              ├─ lhs
│              │  └─ IntLiteral '5' @36:15
│              └─ rhs
│                 └─ Identifier 'double' @36:5
├─ ExprStmt @37:1
│  └─ expr
│     └─ Call @37:8
│        ├─ callee
│        │  └─ Identifier 'assert!' @37:1
│        └─ args
│           └─ Binary '==' @37:11
│              ├─ lhs
│              │  └─ Identifier 'x' @37:9
│              └─ rhs
│                 └─ IntLiteral '10' @37:14
├─ ExprStmt @41:1
│  └─ expr
│     └─ Assign '=' @41:16
│        ├─ target
│        │  └─ Identifier 'res_multi_args' @41:1
│        └─ value
│           └─ Pipeline @41:30
│              ├─ lhs
│              │  └─ IntLiteral '10' @41:33
│              └─ rhs
│                 └─ Call @41:23
│                    ├─ callee
│                    │  └─ Identifier 'scale' @41:18
│                    └─ args
│                       ├─ IntLiteral '3' @41:24
│                       └─ IntLiteral '5' @41:27
├─ ExprStmt @42:1
│  └─ expr
│     └─ Call @42:8
│        ├─ callee
│        │  └─ Identifier 'assert!' @42:1
│        └─ args
│           └─ Binary '==' @42:24
│              ├─ lhs
│              │  └─ Identifier 'res_multi_args' @42:9
│              └─ rhs
│                 └─ IntLiteral '35' @42:27
├─ ExprStmt @46:1
│  └─ expr
│     └─ Assign '=' @46:12
│        ├─ target
│        │  └─ Identifier 'res_module' @46:1
│        └─ value
│           └─ Pipeline @46:42
│              ├─ lhs
│              │  └─ Pipeline @46:63
│              │     ├─ lhs
│              │     │  └─ IntLiteral '4' @46:66
│              │     └─ rhs
│              │        └─ Member 'square' @46:55
│              │           └─ object
│              │              └─ Identifier 'MathHelper' @46:45
│              └─ rhs
│                 └─ Call @46:37
│                    ├─ callee
│                    │  └─ Member 'add_constant' @46:24
│                    │     └─ object
│                    │        └─ Identifier 'MathHelper' @46:14
│                    └─ args
│                       └─ IntLiteral '10' @46:38
├─ ExprStmt @47:1
│  └─ expr
│     └─ Call @47:8
│        ├─ callee
│        │  └─ Identifier 'assert!' @47:1
│        └─ args
│           └─ Binary '==' @47:20
│              ├─ lhs
│              │  └─ Identifier 'res_module' @47:9
│              └─ rhs
│                 └─ IntLiteral '26' @47:23
├─ ExprStmt @53:1
│  └─ expr
│     └─ Assign '=' @53:11
│        ├─ target
│        │  └─ Identifier 'res_mixed' @53:1
│        └─ value
│           └─ Pipeline @53:20
│              ├─ lhs
│              │  └─ Pipeline @53:25
│              │     ├─ lhs
│              │     │  └─ IntLiteral '5' @53:23
│              │     └─ rhs
│              │        └─ Identifier 'add_three' @53:28
│              └─ rhs
│                 └─ Identifier 'double' @53:13
├─ ExprStmt @54:1
│  └─ expr
│     └─ Call @54:8
│        ├─ callee
│        │  └─ Identifier 'assert!' @54:1
│        └─ args
│           └─ Binary '==' @54:19
│              ├─ lhs
│              │  └─ Identifier 'res_mixed' @54:9
│              └─ rhs
│                 └─ IntLiteral '16' @54:22
├─ ExprStmt @58:1
│  └─ expr
│     └─ Assign '=' @58:15
│        ├─ target
│        │  └─ Identifier 'res_multiline' @58:1
│        └─ value
│           └─ Pipeline @59:3
│              ├─ lhs
│              │  └─ Pipeline @60:3
│              │     ├─ lhs
│              │     │  └─ IntLiteral '2' @60:6
│              │     └─ rhs
│              │        └─ Identifier 'double' @59:6
│              └─ rhs
│                 └─ Identifier 'add_three' @58:17
└─ ExprStmt @61:1
   └─ expr
      └─ Call @61:8
         ├─ callee
         │  └─ Identifier 'assert!' @61:1
         └─ args
            └─ Binary '==' @61:23
               ├─ lhs
               │  └─ Identifier 'res_multiline' @61:9
               └─ rhs
                  └─ IntLiteral '7' @61:26
--- exit 0 ---
