Program 'samples/Tests/Arithmetic/UInt8.vl'
├─ Method 'test_uint8' @1:1
│  ├─ return_type
│  │  └─ TypeRef 'Void' @1:19
│  └─ body
│     ├─ LocalDecl 'a' @2:3
│     │  ├─ decl_type
│     │  │  └─ TypeRef 'UInt8' @2:7
│     │  └─ init
│     │     └─ IntLiteral '200' @2:15
│     ├─ LocalDecl 'b' @3:3
│     │  ├─ decl_type
│     │  │  └─ TypeRef 'UInt8' @3:7
│     │  └─ init
│     │     └─ IntLiteral '50' @3:15
│     ├─ LocalDecl 'zero' @4:3
│     │  ├─ decl_type
│     │  │  └─ TypeRef 'UInt8' @4:10
│     │  └─ init
│     │     └─ IntLiteral '0' @4:18
│     ├─ ExprStmt @6:3
│     │  └─ expr
│     │     └─ Call @6:10
│     │        ├─ callee
│     │        │  └─ Identifier 'assert!' @6:3
│     │        └─ args
│     │           └─ Binary '==' @6:18
│     │              ├─ lhs
│     │              │  └─ Binary '+' @6:14
│     │              │     ├─ lhs
│     │              │     │  └─ Identifier 'a' @6:12
│     │              │     └─ rhs
│     │              │        └─ Identifier 'b' @6:16
│     │              └─ rhs
│     │                 └─ IntLiteral '250' @6:21
│     ├─ ExprStmt @7:3
│     │  └─ expr
│     │     └─ Call @7:10
│     │        ├─ callee
│     │        │  └─ Identifier 'assert!' @7:3
│     │        └─ args
│     │           └─ Binary '==' @7:18
│     │              ├─ lhs
│     │              │  └─ Binary '-' @7:14
│     │              │     ├─ lhs
│     │              │     │  └─ Identifier 'a' @7:12
│     │              │     └─ rhs
│     │              │        └─ Identifier 'b' @7:16
│     │              └─ rhs
│     │                 └─ IntLiteral '150' @7:21
│     ├─ ExprStmt @8:3
│     │  └─ expr
│     │     └─ Call @8:10
│     │        ├─ callee
│     │        │  └─ Identifier 'assert!' @8:3
│     │        └─ args
│     │           └─ Binary '==' @8:18
│     │              ├─ lhs
│     │              │  └─ Binary '/' @8:14
│     │              │     ├─ lhs
│     │              │     │  └─ Identifier 'a' @8:12
│     │              │     └─ rhs
│     │              │        └─ Identifier 'b' @8:16
│     │              └─ rhs
│     │                 └─ IntLiteral '4' @8:21
│     ├─ ExprStmt @9:3
│     │  └─ expr
│     │     └─ Call @9:10
│     │        ├─ callee
│     │        │  └─ Identifier 'assert!' @9:3
│     │        └─ args
│     │           └─ Binary '==' @9:18
│     │              ├─ lhs
│     │              │  └─ Binary '%' @9:14
│     │              │     ├─ lhs
│     │              │     │  └─ Identifier 'a' @9:12
│     │              │     └─ rhs
│     │              │        └─ Identifier 'b' @9:16
│     │              └─ rhs
│     │                 └─ IntLiteral '0' @9:21
│     ├─ ExprStmt @10:3
│     │  └─ expr
│     │     └─ Call @10:10
│     │        ├─ callee
│     │        │  └─ Identifier 'assert!' @10:3
│     │        └─ args
│     │           └─ Binary '==' @10:23
│     │              ├─ lhs
│     │              │  └─ Call @10:17
│     │              │     ├─ callee
│     │              │     │  └─ Member 'min' @10:13
│     │              │     │     └─ object
│     │              │     │        └─ Identifier 'a' @10:12
│     │              │     └─ args
│     │              │        └─ Identifier 'b' @10:19
│     │              └─ rhs
│     │                 └─ IntLiteral '50' @10:26
│     ├─ ExprStmt @11:3
│     │  └─ expr
│     │     └─ Call @11:10
│     │        ├─ callee
│     │        │  └─ Identifier 'assert!' @11:3
│     │        └─ args
│     │           └─ Binary '==' @11:23
│     │              ├─ lhs
│     │              │  └─ Call @11:17
│     │              │     ├─ callee
│     │              │     │  └─ Member 'max' @11:13
│     │              │     │     └─ object
│     │              │     │        └─ Identifier 'a' @11:12
│     │              │     └─ args
│     │              │        └─ Identifier 'b' @11:19
│     │              └─ rhs
│     │                 └─ IntLiteral '200' @11:26
│     ├─ ExprStmt @12:3
│     │  └─ expr
│     │     └─ Call @12:10
│     │        ├─ callee
│     │        │  └─ Identifier 'assert!' @12:3
│     │        └─ args
│     │           └─ Binary '==' @12:24
│     │              ├─ lhs
│     │              │  └─ Member 'successor' @12:13
│     │              │     └─ object
│     │              │        └─ Identifier 'a' @12:12
│     │              └─ rhs
│     │                 └─ IntLiteral '201' @12:27
│     ├─ ExprStmt @13:3
│     │  └─ expr
│     │     └─ Call @13:10
│     │        ├─ callee
│     │        │  └─ Identifier 'assert!' @13:3
│     │        └─ args
│     │           └─ Binary '==' @13:26
│     │              ├─ lhs
│     │              │  └─ Member 'predecessor' @13:13
│     │              │     └─ object
│     │              │        └─ Identifier 'a' @13:12
│     │              └─ rhs
│     │                 └─ IntLiteral '199' @13:29
│     ├─ ExprStmt @14:3
│     │  └─ expr
│     │     └─ Call @14:10
│     │        ├─ callee
│     │        │  └─ Identifier 'assert!' @14:3
│     │        └─ args
│     │           └─ Member 'zero?' @14:16
│     │              └─ object
│     │                 └─ Identifier 'zero' @14:12
│     ├─ ExprStmt @15:3
│     │  └─ expr
│     │     └─ Call @15:10
│     │        ├─ callee
│     │        │  └─ Identifier 'assert!' @15:3
│     │        └─ args
│     │           └─ Member 'non_zero?' @15:13
│     │              └─ object
│     │                 └─ Identifier 'a' @15:12
│     ├─ ExprStmt @16:3
│     │  └─ expr
│     │     └─ Call @16:10
│     │        ├─ callee
│     │        │  └─ Identifier 'assert!' @16:3
│     │        └─ args
│     │           └─ Member 'positive?' @16:13
│     │              └─ object
│     │                 └─ Identifier 'a' @16:12
│     ├─ ExprStmt @17:3
│     │  └─ expr
│     │     └─ Call @17:10
│     │        ├─ callee
│     │        │  └─ Identifier 'assert!' @17:3
│     │        └─ args
│     │           └─ Member 'even?' @17:13
│     │              └─ object
│     │                 └─ Identifier 'a' @17:12
│     ├─ ExprStmt @18:3
│     │  └─ expr
│     │     └─ Call @18:10
│     │        ├─ callee
│     │        │  └─ Identifier 'assert!' @18:3
│     │        └─ args
│     │           └─ Member 'power_of_two?' @18:27
│     │              └─ object
│     │                 └─ TypedExpr @18:12
│     │                    ├─ value
│     │                    │  └─ IntLiteral '128' @18:14
│     │                    └─ type
│     │                       └─ TypeRef 'UInt8' @18:20
│     ├─ ExprStmt @19:3
│     │  └─ expr
│     │     └─ Call @19:10
│     │        ├─ callee
│     │        │  └─ Identifier 'assert!' @19:3
│     │        └─ args
│     │           └─ Call @19:27
│     │              ├─ callee
│     │              │  └─ Member 'divisible_by?' @19:13
│     │              │     └─ object
│     │              │        └─ Identifier 'a' @19:12
│     │              └─ args
│     │                 └─ Identifier 'b' @19:29
│     ├─ ExprStmt @20:3
│     │  └─ expr
│     │     └─ Call @20:10
│     │        ├─ callee
│     │        │  └─ Identifier 'assert!' @20:3
│     │        └─ args
│     │           └─ Binary '==' @20:28
│     │              ├─ lhs
│     │              │  └─ Call @20:22
│     │              │     ├─ callee
│     │              │     │  └─ Member 'distance' @20:13
│     │              │     │     └─ object
│     │              │     │        └─ Identifier 'a' @20:12
│     │              │     └─ args
│     │              │        └─ Identifier 'b' @20:24
│     │              └─ rhs
│     │                 └─ IntLiteral '150' @20:31
│     ├─ ExprStmt @21:3
│     │  └─ expr
│     │     └─ Call @21:10
│     │        ├─ callee
│     │        │  └─ Identifier 'assert!' @21:3
│     │        └─ args
│     │           └─ Binary '==' @21:21
│     │              ├─ lhs
│     │              │  └─ Member 'double' @21:13
│     │              │     └─ object
│     │              │        └─ Identifier 'b' @21:12
│     │              └─ rhs
│     │                 └─ IntLiteral '100' @21:24
│     └─ ExprStmt @22:3
│        └─ expr
│           └─ Call @22:10
│              ├─ callee
│              │  └─ Identifier 'assert!' @22:3
│              └─ args
│                 └─ Binary '==' @22:19
│                    ├─ lhs
│                    │  └─ Member 'half' @22:13
│                    │     └─ object
│                    │        └─ Identifier 'a' @22:12
│                    └─ rhs
│                       └─ IntLiteral '100' @22:22
├─ Method 'main' @27:1
│  ├─ return_type
│  │  └─ TypeRef 'Int32' @27:13
│  └─ body
│     ├─ ExprStmt @28:3
│     │  └─ expr
│     │     └─ Identifier 'test_uint8' @28:3
│     └─ ExprStmt @29:3
│        └─ expr
│           └─ IntLiteral '0' @29:3
└─ ExprStmt @32:1
   └─ expr
      └─ Call @32:10
         ├─ callee
         │  └─ Member 'exit' @32:5
         │     └─ object
         │        └─ Identifier 'LibC' @32:1
         └─ args
            └─ Call @32:16
               └─ callee
                  └─ Identifier 'main' @32:12
--- exit 0 ---
