Program 'samples/Tests/ControlFlow/BreakNext.vl'
├─ Method 'assert!' @1:1
│  ├─ params
│  │  └─ Param 'condition' @1:14
│  │     └─ decl_type
│  │        └─ TypeRef 'Bool' @1:26
│  ├─ return_type
│  │  └─ TypeRef 'Void' @1:36
│  └─ body
│     └─ If @2:3
│        ├─ cond
│        │  └─ Unary 'not' @2:6
│        │     └─ operand
│        │        └─ Identifier 'condition' @2:10
│        └─ then
│           └─ ExprStmt @3:5
│              └─ expr
│                 └─ RaiseExpr @3:5
│                    └─ exception
│                       └─ Binary '+' @3:11
│                          ├─ lhs
│                          │  └─ Binary '+' @3:11
│                          │     ├─ lhs
│                          │     │  └─ Binary '+' @3:11
│                          │     │     ├─ lhs
│                          │     │     │  └─ StringLiteral 'Assertion failed ' @3:11
│                          │     │     └─ rhs
│                          │     │        └─ StringLiteral 'samples/Tests/ControlFlow/BreakNext.vl' @3:31
│                          │     └─ rhs
│                          │        └─ StringLiteral ':' @3:11
│                          └─ rhs
│                             └─ Call @3:11
│                                └─ callee
│                                   └─ Member 'to_string' @3:11
│                                      └─ object
│                                         └─ IntLiteral '3' @3:43
├─ Method 'test_loop_control' @8:1
│  ├─ return_type
│  │  └─ TypeRef 'Int32' @8:26
│  └─ body
│     ├─ ExprStmt @9:3
│     │  └─ expr
│     │     └─ Assign '=' @9:5
│     │        ├─ target
│     │        │  └─ Identifier 'i' @9:3
│     │        └─ value
│     │           └─ IntLiteral '0' @9:7
│     ├─ ExprStmt @10:3
│     │  └─ expr
│     │     └─ Assign '=' @10:7
│     │        ├─ target
│     │        │  └─ Identifier 'sum' @10:3
│     │        └─ value
│     │           └─ IntLiteral '0' @10:9
│     ├─ While @11:3
│     │  ├─ cond
│     │  │  └─ Binary '<' @11:11
│     │  │     ├─ lhs
│     │  │     │  └─ Identifier 'i' @11:9
│     │  │     └─ rhs
│     │  │        └─ IntLiteral '10' @11:13
│     │  └─ body
│     │     ├─ ExprStmt @12:5
│     │     │  └─ expr
│     │     │     └─ Assign '=' @12:7
│     │     │        ├─ target
│     │     │        │  └─ Identifier 'i' @12:5
│     │     │        └─ value
│     │     │           └─ Binary '+' @12:7
│     │     │              ├─ lhs
│     │     │              │  └─ Identifier 'i' @12:5
│     │     │              └─ rhs
│     │     │                 └─ IntLiteral '1' @12:10
│     │     ├─ If @13:10
│     │     │  ├─ cond
│     │     │  │  └─ Binary '==' @13:19
│     │     │  │     ├─ lhs
│     │     │  │     │  └─ Binary '%' @13:15
│     │     │  │     │     ├─ lhs
│     │     │  │     │     │  └─ Identifier 'i' @13:13
│     │     │  │     │     └─ rhs
│     │     │  │     │        └─ IntLiteral '2' @13:17
│     │     │  │     └─ rhs
│     │     │  │        └─ IntLiteral '0' @13:22
│     │     │  └─ then
│     │     │     └─ Next @13:5
│     │     ├─ If @14:11
│     │     │  ├─ cond
│     │     │  │  └─ Binary '>' @14:16
│     │     │  │     ├─ lhs
│     │     │  │     │  └─ Identifier 'i' @14:14
│     │     │  │     └─ rhs
│     │     │  │        └─ IntLiteral '7' @14:18
│     │     │  └─ then
│     │     │     └─ Break @14:5
│     │     └─ ExprStmt @15:5
│     │        └─ expr
│     │           └─ Assign '=' @15:9
│     │              ├─ target
│     │              │  └─ Identifier 'sum' @15:5
│     │              └─ value
│     │                 └─ Binary '+' @15:9
│     │                    ├─ lhs
│     │                    │  └─ Identifier 'sum' @15:5
│     │                    └─ rhs
│     │                       └─ Identifier 'i' @15:12
│     └─ ExprStmt @17:3
│        └─ expr
│           └─ Identifier 'sum' @17:3
├─ Method 'test_break_with_value' @21:1
│  ├─ return_type
│  │  └─ TypeRef 'Int32' @21:30
│  └─ body
│     ├─ ExprStmt @22:3
│     │  └─ expr
│     │     └─ Call @22:3
│     │        ├─ callee
│     │        │  └─ Member 'each' @22:3
│     │        │     └─ object
│     │        │        └─ ArrayLit @22:12
│     │        │           └─ elements
│     │        │              ├─ IntLiteral '10' @22:14
│     │        │              ├─ IntLiteral '20' @22:18
│     │        │              └─ IntLiteral '30' @22:22
│     │        └─ block_arg
│     │           └─ Block @22:3
│     │              ├─ params
│     │              │  └─ Param 'x' @22:7
│     │              └─ body
│     │                 └─ If @23:13
│     │                    ├─ cond
│     │                    │  └─ Binary '==' @23:18
│     │                    │     ├─ lhs
│     │                    │     │  └─ Identifier 'x' @23:16
│     │                    │     └─ rhs
│     │                    │        └─ IntLiteral '20' @23:21
│     │                    └─ then
│     │                       └─ Break @23:5
│     │                          └─ value
│     │                             └─ Identifier 'x' @23:11
│     └─ ExprStmt @25:3
│        └─ expr
│           └─ IntLiteral '0' @25:3
├─ ExprStmt @29:1
│  └─ expr
│     └─ Call @29:8
│        ├─ callee
│        │  └─ Identifier 'assert!' @29:1
│        └─ args
│           └─ Binary '==' @29:28
│              ├─ lhs
│              │  └─ Identifier 'test_loop_control' @29:10
│              └─ rhs
│                 └─ IntLiteral '16' @29:31
└─ ExprStmt @30:1
   └─ expr
      └─ Call @30:8
         ├─ callee
         │  └─ Identifier 'assert!' @30:1
         └─ args
            └─ Binary '==' @30:32
               ├─ lhs
               │  └─ Identifier 'test_break_with_value' @30:10
               └─ rhs
                  └─ IntLiteral '20' @30:35
--- exit 0 ---
