Program 'samples/Tests/ControlFlow/ForLoop.vl'
├─ Method 'assert!' @1:1
│  ├─ params
│  │  └─ Param 'condition' @1:14
│  │     └─ decl_type
│  │        └─ TypeRef 'Bool' @1:26
│  ├─ return_type
│  │  └─ TypeRef 'Void' @1:36
│  └─ body
│     └─ ExprStmt @2:3
│        └─ expr
│           └─ If @2:3
│              ├─ cond
│              │  └─ Unary 'not' @2:6
│              │     └─ operand
│              │        └─ Identifier 'condition' @2:10
│              └─ then
│                 └─ ExprStmt @3:5
│                    └─ expr
│                       └─ RaiseExpr @3:5
│                          └─ exception
│                             └─ Interp @3:11
│                                └─ parts
│                                   ├─ StringLiteral 'Assertion failed ' @3:11
│                                   ├─ Identifier '__FILE__' @3:31
│                                   ├─ StringLiteral ':' @3:11
│                                   └─ Identifier '__LINE__' @3:43
├─ Method 'for_collection' @10:1
│  ├─ return_type
│  │  └─ TypeRef 'Int32' @10:23
│  └─ body
│     ├─ ExprStmt @11:3
│     │  └─ expr
│     │     └─ Assign '=' @11:14
│     │        ├─ target
│     │        │  └─ Identifier 'collection' @11:3
│     │        └─ value
│     │           └─ ArrayLit @11:16
│     │              └─ elements
│     │                 ├─ IntLiteral '1' @11:18
│     │                 ├─ IntLiteral '2' @11:21
│     │                 └─ IntLiteral '3' @11:24
│     ├─ ExprStmt @12:3
│     │  └─ expr
│     │     └─ Assign '=' @12:9
│     │        ├─ target
│     │        │  └─ Identifier 'total' @12:3
│     │        └─ value
│     │           └─ IntLiteral '0' @12:11
│     ├─ ExprStmt @13:3
│     │  └─ expr
│     │     └─ Call @13:3
│     │        ├─ callee
│     │        │  └─ Member 'each' @13:3
│     │        │     └─ object
│     │        │        └─ Identifier 'collection' @13:15
│     │        └─ block_arg
│     │           └─ Block @13:3
│     │              ├─ params
│     │              │  └─ Param 'item' @13:7
│     │              └─ body
│     │                 └─ ExprStmt @14:5
│     │                    └─ expr
│     │                       └─ Assign '+=' @14:11
│     │                          ├─ target
│     │                          │  └─ Identifier 'total' @14:5
│     │                          └─ value
│     │                             └─ Identifier 'item' @14:14
│     └─ ExprStmt @16:3
│        └─ expr
│           └─ Identifier 'total' @16:3
├─ Method 'for_dictionary' @22:1
│  ├─ return_type
│  │  └─ TypeRef 'Int32' @22:23
│  └─ body
│     ├─ ExprStmt @23:3
│     │  └─ expr
│     │     └─ Assign '=' @23:14
│     │        ├─ target
│     │        │  └─ Identifier 'dictionary' @23:3
│     │        └─ value
│     │           └─ HashLit @23:16
│     │              ├─ keys
│     │              │  ├─ StringLiteral 'a' @23:18
│     │              │  ├─ StringLiteral 'b' @23:28
│     │              │  └─ StringLiteral 'c' @23:38
│     │              └─ values
│     │                 ├─ IntLiteral '1' @23:25
│     │                 ├─ IntLiteral '2' @23:35
│     │                 └─ IntLiteral '3' @23:45
│     ├─ ExprStmt @24:3
│     │  └─ expr
│     │     └─ Assign '=' @24:9
│     │        ├─ target
│     │        │  └─ Identifier 'total' @24:3
│     │        └─ value
│     │           └─ IntLiteral '0' @24:11
│     ├─ ExprStmt @25:3
│     │  └─ expr
│     │     └─ Call @25:3
│     │        ├─ callee
│     │        │  └─ Member 'each' @25:3
│     │        │     └─ object
│     │        │        └─ Identifier 'dictionary' @25:22
│     │        └─ block_arg
│     │           └─ Block @25:3
│     │              ├─ params
│     │              │  ├─ Param '_key' @25:7
│     │              │  └─ Param 'value' @25:13
│     │              └─ body
│     │                 └─ ExprStmt @26:5
│     │                    └─ expr
│     │                       └─ Assign '+=' @26:11
│     │                          ├─ target
│     │                          │  └─ Identifier 'total' @26:5
│     │                          └─ value
│     │                             └─ Identifier 'value' @26:14
│     └─ ExprStmt @28:3
│        └─ expr
│           └─ Identifier 'total' @28:3
├─ Method 'for_range' @34:1
│  ├─ return_type
│  │  └─ TypeRef 'Int32' @34:18
│  └─ body
│     ├─ ExprStmt @35:3
│     │  └─ expr
│     │     └─ Assign '=' @35:9
│     │        ├─ target
│     │        │  └─ Identifier 'total' @35:3
│     │        └─ value
│     │           └─ IntLiteral '0' @35:11
│     ├─ ExprStmt @36:3
│     │  └─ expr
│     │     └─ Call @36:3
│     │        ├─ callee
│     │        │  └─ Member 'each' @36:3
│     │        │     └─ object
│     │        │        └─ Binary '..' @36:13
│     │        │           ├─ lhs
│     │        │           │  └─ IntLiteral '1' @36:12
│     │        │           └─ rhs
│     │        │              └─ IntLiteral '3' @36:15
│     │        └─ block_arg
│     │           └─ Block @36:3
│     │              ├─ params
│     │              │  └─ Param 'i' @36:7
│     │              └─ body
│     │                 └─ ExprStmt @37:5
│     │                    └─ expr
│     │                       └─ Assign '+=' @37:11
│     │                          ├─ target
│     │                          │  └─ Identifier 'total' @37:5
│     │                          └─ value
│     │                             └─ Identifier 'i' @37:14
│     └─ ExprStmt @39:3
│        └─ expr
│           └─ Identifier 'total' @39:3
├─ Class 'User' @42:1
│  └─ body
│     ├─ Field 'name' getter @43:3
│     │  └─ decl_type
│     │     └─ TypeRef 'String' @43:18
│     ├─ Field 'email' getter @44:3
│     │  └─ decl_type
│     │     └─ TypeRef 'String' @44:18
│     ├─ Field 'age' getter @45:3
│     │  └─ decl_type
│     │     └─ TypeRef 'Int32' @45:18
│     └─ Method 'initialize' @47:3
│        └─ params
│           ├─ Param 'name' instance_var @47:19
│           │  └─ decl_type
│           │     └─ TypeRef 'String' @47:27
│           ├─ Param 'email' instance_var @47:35
│           │  └─ decl_type
│           │     └─ TypeRef 'String' @47:44
│           └─ Param 'age' instance_var @47:52
│              └─ decl_type
│                 └─ TypeRef 'Int32' @47:59
├─ Method 'for_array' @54:1
│  ├─ return_type
│  │  └─ TypeRef 'Int32' @54:18
│  └─ body
│     ├─ ExprStmt @60:3
│     │  └─ expr
│     │     └─ Assign '=' @60:9
│     │        ├─ target
│     │        │  └─ Identifier 'users' @60:3
│     │        └─ value
│     │           └─ ArrayLit @60:11
│     │              └─ elements
│     │                 ├─ Call @61:21
│     │                 │  ├─ callee
│     │                 │  │  └─ Member 'new' @61:17
│     │                 │  │     └─ object
│     │                 │  │        └─ Identifier 'User' @61:13
│     │                 │  └─ args
│     │                 │     ├─ StringLiteral 'Alice' @61:23
│     │                 │     ├─ StringLiteral 'alice@petass.com' @61:32
│     │                 │     └─ IntLiteral '42' @61:52
│     │                 ├─ Call @62:21
│     │                 │  ├─ callee
│     │                 │  │  └─ Member 'new' @62:17
│     │                 │  │     └─ object
│     │                 │  │        └─ Identifier 'User' @62:13
│     │                 │  └─ args
│     │                 │     ├─ StringLiteral 'Morgan' @62:23
│     │                 │     ├─ StringLiteral 'morgan@bg.fr' @62:33
│     │                 │     └─ IntLiteral '25' @62:49
│     │                 └─ Call @63:21
│     │                    ├─ callee
│     │                    │  └─ Member 'new' @63:17
│     │                    │     └─ object
│     │                    │        └─ Identifier 'User' @63:13
│     │                    └─ args
│     │                       ├─ StringLiteral 'Bob' @63:23
│     │                       ├─ StringLiteral 'bob@marley.lol' @63:30
│     │                       └─ IntLiteral '30' @63:48
│     ├─ ExprStmt @65:3
│     │  └─ expr
│     │     └─ Assign '=' @65:9
│     │        ├─ target
│     │        │  └─ Identifier 'total' @65:3
│     │        └─ value
│     │           └─ IntLiteral '0' @65:11
│     ├─ ExprStmt @66:3
│     │  └─ expr
│     │     └─ Call @66:3
│     │        ├─ callee
│     │        │  └─ Member 'each' @66:3
│     │        │     └─ object
│     │        │        └─ Identifier 'users' @66:15
│     │        └─ block_arg
│     │           └─ Block @66:3
│     │              ├─ params
│     │              │  └─ Param 'user' @66:7
│     │              └─ body
│     │                 └─ ExprStmt @67:5
│     │                    └─ expr
│     │                       └─ Assign '+=' @67:11
│     │                          ├─ target
│     │                          │  └─ Identifier 'total' @67:5
│     │                          └─ value
│     │                             └─ Member 'age' @67:18
│     │                                └─ object
│     │                                   └─ Identifier 'user' @67:14
│     └─ ExprStmt @69:3
│        └─ expr
│           └─ Identifier 'total' @69:3
├─ ExprStmt @72:1
│  └─ expr
│     └─ Call @72:8
│        ├─ callee
│        │  └─ Identifier 'assert!' @72:1
│        └─ args
│           └─ Binary '==' @72:25
│              ├─ lhs
│              │  └─ Identifier 'for_collection' @72:10
│              └─ rhs
│                 └─ IntLiteral '6' @72:28
├─ ExprStmt @73:1
│  └─ expr
│     └─ Call @73:8
│        ├─ callee
│        │  └─ Identifier 'assert!' @73:1
│        └─ args
│           └─ Binary '==' @73:25
│              ├─ lhs
│              │  └─ Identifier 'for_dictionary' @73:10
│              └─ rhs
│                 └─ IntLiteral '6' @73:28
├─ ExprStmt @74:1
│  └─ expr
│     └─ Call @74:8
│        ├─ callee
│        │  └─ Identifier 'assert!' @74:1
│        └─ args
│           └─ Binary '==' @74:20
│              ├─ lhs
│              │  └─ Identifier 'for_range' @74:10
│              └─ rhs
│                 └─ IntLiteral '3' @74:23
└─ ExprStmt @75:1
   └─ expr
      └─ Call @75:8
         ├─ callee
         │  └─ Identifier 'assert!' @75:1
         └─ args
            └─ Binary '==' @75:20
               ├─ lhs
               │  └─ Identifier 'for_array' @75:10
               └─ rhs
                  └─ IntLiteral '97' @75:23
--- exit 0 ---
