Program 'samples/Tests/ControlFlow/UntilLoop.vl'
├─ Method 'test_until_standard' @1:1
│  ├─ return_type
│  │  └─ TypeRef 'Void' @1:28
│  └─ body
│     ├─ ExprStmt @2:3
│     │  └─ expr
│     │     └─ Assign '=' @2:5
│     │        ├─ target
│     │        │  └─ Identifier 'i' @2:3
│     │        └─ value
│     │           └─ IntLiteral '0' @2:7
│     ├─ While @3:3
│     │  ├─ cond
│     │  │  └─ Unary 'not' @3:3
│     │  │     └─ operand
│     │  │        └─ Binary '>=' @3:11
│     │  │           ├─ lhs
│     │  │           │  └─ Identifier 'i' @3:9
│     │  │           └─ rhs
│     │  │              └─ IntLiteral '10' @3:14
│     │  └─ body
│     │     └─ ExprStmt @4:5
│     │        └─ expr
│     │           └─ Assign '+=' @4:7
│     │              ├─ target
│     │              │  └─ Identifier 'i' @4:5
│     │              └─ value
│     │                 └─ IntLiteral '1' @4:10
│     └─ ExprStmt @7:3
│        └─ expr
│           └─ Call @7:10
│              ├─ callee
│              │  └─ Identifier 'assert!' @7:3
│              └─ args
│                 └─ Binary '==' @7:14
│                    ├─ lhs
│                    │  └─ Identifier 'i' @7:12
│                    └─ rhs
│                       └─ IntLiteral '10' @7:17
├─ Method 'test_until_modifier' @11:1
│  ├─ return_type
│  │  └─ TypeRef 'Void' @11:28
│  └─ body
│     ├─ ExprStmt @12:3
│     │  └─ expr
│     │     └─ Assign '=' @12:5
│     │        ├─ target
│     │        │  └─ Identifier 'i' @12:3
│     │        └─ value
│     │           └─ IntLiteral '10' @12:7
│     ├─ While @13:10
│     │  ├─ cond
│     │  │  └─ Unary 'not' @13:10
│     │  │     └─ operand
│     │  │        └─ Binary '>=' @13:18
│     │  │           ├─ lhs
│     │  │           │  └─ Identifier 'i' @13:16
│     │  │           └─ rhs
│     │  │              └─ IntLiteral '20' @13:21
│     │  └─ body
│     │     └─ ExprStmt @13:3
│     │        └─ expr
│     │           └─ Assign '+=' @13:5
│     │              ├─ target
│     │              │  └─ Identifier 'i' @13:3
│     │              └─ value
│     │                 └─ IntLiteral '1' @13:8
│     └─ ExprStmt @15:3
│        └─ expr
│           └─ Call @15:10
│              ├─ callee
│              │  └─ Identifier 'assert!' @15:3
│              └─ args
│                 └─ Binary '==' @15:14
│                    ├─ lhs
│                    │  └─ Identifier 'i' @15:12
│                    └─ rhs
│                       └─ IntLiteral '20' @15:17
├─ Method 'test_until_already_true' @19:1
│  ├─ return_type
│  │  └─ TypeRef 'Void' @19:32
│  └─ body
│     ├─ ExprStmt @20:3
│     │  └─ expr
│     │     └─ Assign '=' @20:5
│     │        ├─ target
│     │        │  └─ Identifier 'i' @20:3
│     │        └─ value
│     │           └─ IntLiteral '50' @20:7
│     ├─ ExprStmt @21:3
│     │  └─ expr
│     │     └─ Assign '=' @21:12
│     │        ├─ target
│     │        │  └─ Identifier 'executed' @21:3
│     │        └─ value
│     │           └─ BoolLiteral false @21:14
│     ├─ While @23:3
│     │  ├─ cond
│     │  │  └─ Unary 'not' @23:3
│     │  │     └─ operand
│     │  │        └─ Binary '>=' @23:11
│     │  │           ├─ lhs
│     │  │           │  └─ Identifier 'i' @23:9
│     │  │           └─ rhs
│     │  │              └─ IntLiteral '10' @23:14
│     │  └─ body
│     │     ├─ ExprStmt @24:5
│     │     │  └─ expr
│     │     │     └─ Assign '=' @24:14
│     │     │        ├─ target
│     │     │        │  └─ Identifier 'executed' @24:5
│     │     │        └─ value
│     │     │           └─ BoolLiteral true @24:16
│     │     └─ ExprStmt @25:5
│     │        └─ expr
│     │           └─ Assign '+=' @25:7
│     │              ├─ target
│     │              │  └─ Identifier 'i' @25:5
│     │              └─ value
│     │                 └─ IntLiteral '1' @25:10
│     ├─ ExprStmt @28:3
│     │  └─ expr
│     │     └─ Call @28:10
│     │        ├─ callee
│     │        │  └─ Identifier 'assert!' @28:3
│     │        └─ args
│     │           └─ Binary '==' @28:21
│     │              ├─ lhs
│     │              │  └─ Identifier 'executed' @28:12
│     │              └─ rhs
│     │                 └─ BoolLiteral false @28:24
│     └─ ExprStmt @29:3
│        └─ expr
│           └─ Call @29:10
│              ├─ callee
│              │  └─ Identifier 'assert!' @29:3
│              └─ args
│                 └─ Binary '==' @29:14
│                    ├─ lhs
│                    │  └─ Identifier 'i' @29:12
│                    └─ rhs
│                       └─ IntLiteral '50' @29:17
├─ Method 'test_until_with_break' @33:1
│  ├─ return_type
│  │  └─ TypeRef 'Void' @33:30
│  └─ body
│     ├─ ExprStmt @34:3
│     │  └─ expr
│     │     └─ Assign '=' @34:5
│     │        ├─ target
│     │        │  └─ Identifier 'i' @34:3
│     │        └─ value
│     │           └─ IntLiteral '0' @34:7
│     ├─ While @36:3
│     │  ├─ cond
│     │  │  └─ Unary 'not' @36:3
│     │  │     └─ operand
│     │  │        └─ Binary '>=' @36:11
│     │  │           ├─ lhs
│     │  │           │  └─ Identifier 'i' @36:9
│     │  │           └─ rhs
│     │  │              └─ IntLiteral '100' @36:14
│     │  └─ body
│     │     ├─ ExprStmt @37:5
│     │     │  └─ expr
│     │     │     └─ Assign '+=' @37:7
│     │     │        ├─ target
│     │     │        │  └─ Identifier 'i' @37:5
│     │     │        └─ value
│     │     │           └─ IntLiteral '1' @37:10
│     │     └─ ExprStmt @38:5
│     │        └─ expr
│     │           └─ If @38:5
│     │              ├─ cond
│     │              │  └─ Binary '==' @38:10
│     │              │     ├─ lhs
│     │              │     │  └─ Identifier 'i' @38:8
│     │              │     └─ rhs
│     │              │        └─ IntLiteral '7' @38:13
│     │              └─ then
│     │                 └─ Break @39:7
│     └─ ExprStmt @43:3
│        └─ expr
│           └─ Call @43:10
│              ├─ callee
│              │  └─ Identifier 'assert!' @43:3
│              └─ args
│                 └─ Binary '==' @43:14
│                    ├─ lhs
│                    │  └─ Identifier 'i' @43:12
│                    └─ rhs
│                       └─ IntLiteral '7' @43:17
├─ Method 'test_until_with_next' @47:1
│  ├─ return_type
│  │  └─ TypeRef 'Void' @47:29
│  └─ body
│     ├─ ExprStmt @48:3
│     │  └─ expr
│     │     └─ Assign '=' @48:5
│     │        ├─ target
│     │        │  └─ Identifier 'i' @48:3
│     │        └─ value
│     │           └─ IntLiteral '0' @48:7
│     ├─ ExprStmt @49:3
│     │  └─ expr
│     │     └─ Assign '=' @49:11
│     │        ├─ target
│     │        │  └─ Identifier 'sum_odd' @49:3
│     │        └─ value
│     │           └─ IntLiteral '0' @49:13
│     ├─ While @51:3
│     │  ├─ cond
│     │  │  └─ Unary 'not' @51:3
│     │  │     └─ operand
│     │  │        └─ Binary '>=' @51:11
│     │  │           ├─ lhs
│     │  │           │  └─ Identifier 'i' @51:9
│     │  │           └─ rhs
│     │  │              └─ IntLiteral '10' @51:14
│     │  └─ body
│     │     ├─ ExprStmt @52:5
│     │     │  └─ expr
│     │     │     └─ Assign '+=' @52:7
│     │     │        ├─ target
│     │     │        │  └─ Identifier 'i' @52:5
│     │     │        └─ value
│     │     │           └─ IntLiteral '1' @52:10
│     │     ├─ ExprStmt @54:5
│     │     │  └─ expr
│     │     │     └─ If @54:5
│     │     │        ├─ cond
│     │     │        │  └─ Binary '==' @54:14
│     │     │        │     ├─ lhs
│     │     │        │     │  └─ Binary '%' @54:10
│     │     │        │     │     ├─ lhs
│     │     │        │     │     │  └─ Identifier 'i' @54:8
│     │     │        │     │     └─ rhs
│     │     │        │     │        └─ IntLiteral '2' @54:12
│     │     │        │     └─ rhs
│     │     │        │        └─ IntLiteral '0' @54:17
│     │     │        └─ then
│     │     │           └─ Next @55:7
│     │     └─ ExprStmt @58:5
│     │        └─ expr
│     │           └─ Assign '+=' @58:13
│     │              ├─ target
│     │              │  └─ Identifier 'sum_odd' @58:5
│     │              └─ value
│     │                 └─ Identifier 'i' @58:16
│     └─ ExprStmt @61:3
│        └─ expr
│           └─ Call @61:10
│              ├─ callee
│              │  └─ Identifier 'assert!' @61:3
│              └─ args
│                 └─ Binary '==' @61:20
│                    ├─ lhs
│                    │  └─ Identifier 'sum_odd' @61:12
│                    └─ rhs
│                       └─ IntLiteral '25' @61:23
├─ Method 'test_begin_end_until' @65:1
│  ├─ return_type
│  │  └─ TypeRef 'Void' @65:29
│  └─ body
│     ├─ ExprStmt @66:3
│     │  └─ expr
│     │     └─ Assign '=' @66:5
│     │        ├─ target
│     │        │  └─ Identifier 'i' @66:3
│     │        └─ value
│     │           └─ IntLiteral '100' @66:7
│     ├─ ExprStmt @67:3
│     │  └─ expr
│     │     └─ Assign '=' @67:14
│     │        ├─ target
│     │        │  └─ Identifier 'iterations' @67:3
│     │        └─ value
│     │           └─ IntLiteral '0' @67:16
│     ├─ While post_test @72:7
│     │  ├─ cond
│     │  │  └─ Unary 'not' @72:7
│     │  │     └─ operand
│     │  │        └─ Binary '>=' @72:15
│     │  │           ├─ lhs
│     │  │           │  └─ Identifier 'i' @72:13
│     │  │           └─ rhs
│     │  │              └─ IntLiteral '10' @72:18
│     │  └─ body
│     │     └─ ExprStmt @69:3
│     │        └─ expr
│     │           └─ BeginExpr @69:3
│     │              └─ body
│     │                 ├─ ExprStmt @70:5
│     │                 │  └─ expr
│     │                 │     └─ Assign '+=' @70:16
│     │                 │        ├─ target
│     │                 │        │  └─ Identifier 'iterations' @70:5
│     │                 │        └─ value
│     │                 │           └─ IntLiteral '1' @70:19
│     │                 └─ ExprStmt @71:5
│     │                    └─ expr
│     │                       └─ Assign '+=' @71:7
│     │                          ├─ target
│     │                          │  └─ Identifier 'i' @71:5
│     │                          └─ value
│     │                             └─ IntLiteral '1' @71:10
│     ├─ ExprStmt @74:3
│     │  └─ expr
│     │     └─ Call @74:10
│     │        ├─ callee
│     │        │  └─ Identifier 'assert!' @74:3
│     │        └─ args
│     │           └─ Binary '==' @74:23
│     │              ├─ lhs
│     │              │  └─ Identifier 'iterations' @74:12
│     │              └─ rhs
│     │                 └─ IntLiteral '1' @74:26
│     └─ ExprStmt @75:3
│        └─ expr
│           └─ Call @75:10
│              ├─ callee
│              │  └─ Identifier 'assert!' @75:3
│              └─ args
│                 └─ Binary '==' @75:14
│                    ├─ lhs
│                    │  └─ Identifier 'i' @75:12
│                    └─ rhs
│                       └─ IntLiteral '101' @75:17
├─ Method 'test_nested_until' @79:1
│  ├─ return_type
│  │  └─ TypeRef 'Void' @79:26
│  └─ body
│     ├─ ExprStmt @80:3
│     │  └─ expr
│     │     └─ Assign '=' @80:9
│     │        ├─ target
│     │        │  └─ Identifier 'outer' @80:3
│     │        └─ value
│     │           └─ IntLiteral '0' @80:11
│     ├─ ExprStmt @81:3
│     │  └─ expr
│     │     └─ Assign '=' @81:20
│     │        ├─ target
│     │        │  └─ Identifier 'total_iterations' @81:3
│     │        └─ value
│     │           └─ IntLiteral '0' @81:22
│     ├─ While @83:3
│     │  ├─ cond
│     │  │  └─ Unary 'not' @83:3
│     │  │     └─ operand
│     │  │        └─ Binary '>=' @83:15
│     │  │           ├─ lhs
│     │  │           │  └─ Identifier 'outer' @83:9
│     │  │           └─ rhs
│     │  │              └─ IntLiteral '3' @83:18
│     │  └─ body
│     │     ├─ ExprStmt @84:5
│     │     │  └─ expr
│     │     │     └─ Assign '=' @84:11
│     │     │        ├─ target
│     │     │        │  └─ Identifier 'inner' @84:5
│     │     │        └─ value
│     │     │           └─ IntLiteral '0' @84:13
│     │     ├─ While @85:5
│     │     │  ├─ cond
│     │     │  │  └─ Unary 'not' @85:5
│     │     │  │     └─ operand
│     │     │  │        └─ Binary '>=' @85:17
│     │     │  │           ├─ lhs
│     │     │  │           │  └─ Identifier 'inner' @85:11
│     │     │  │           └─ rhs
│     │     │  │              └─ IntLiteral '4' @85:20
│     │     │  └─ body
│     │     │     ├─ ExprStmt @86:7
│     │     │     │  └─ expr
│     │     │     │     └─ Assign '+=' @86:13
│     │     │     │        ├─ target
│     │     │     │        │  └─ Identifier 'inner' @86:7
│     │     │     │        └─ value
│     │     │     │           └─ IntLiteral '1' @86:16
│     │     │     └─ ExprStmt @87:7
│     │     │        └─ expr
│     │     │           └─ Assign '+=' @87:24
│     │     │              ├─ target
│     │     │              │  └─ Identifier 'total_iterations' @87:7
│     │     │              └─ value
│     │     │                 └─ IntLiteral '1' @87:27
│     │     └─ ExprStmt @89:5
│     │        └─ expr
│     │           └─ Assign '+=' @89:11
│     │              ├─ target
│     │              │  └─ Identifier 'outer' @89:5
│     │              └─ value
│     │                 └─ IntLiteral '1' @89:14
│     ├─ ExprStmt @92:3
│     │  └─ expr
│     │     └─ Call @92:10
│     │        ├─ callee
│     │        │  └─ Identifier 'assert!' @92:3
│     │        └─ args
│     │           └─ Binary '==' @92:18
│     │              ├─ lhs
│     │              │  └─ Identifier 'outer' @92:12
│     │              └─ rhs
│     │                 └─ IntLiteral '3' @92:21
│     └─ ExprStmt @93:3
│        └─ expr
│           └─ Call @93:10
│              ├─ callee
│              │  └─ Identifier 'assert!' @93:3
│              └─ args
│                 └─ Binary '==' @93:29
│                    ├─ lhs
│                    │  └─ Identifier 'total_iterations' @93:12
│                    └─ rhs
│                       └─ IntLiteral '12' @93:32
├─ ExprStmt @97:1
│  └─ expr
│     └─ Identifier 'test_until_standard' @97:1
├─ ExprStmt @98:1
│  └─ expr
│     └─ Identifier 'test_until_modifier' @98:1
├─ ExprStmt @99:1
│  └─ expr
│     └─ Identifier 'test_until_already_true' @99:1
├─ ExprStmt @100:1
│  └─ expr
│     └─ Identifier 'test_until_with_break' @100:1
├─ ExprStmt @101:1
│  └─ expr
│     └─ Identifier 'test_until_with_next' @101:1
├─ ExprStmt @102:1
│  └─ expr
│     └─ Identifier 'test_begin_end_until' @102:1
└─ ExprStmt @103:1
   └─ expr
      └─ Identifier 'test_nested_until' @103:1
--- exit 0 ---
