Program 'samples/Tests/ControlFlow/WhileLoop.vl'
├─ Class 'Event' @1:1
│  └─ body
│     ├─ Field 'name' getter @2:3
│     │  └─ decl_type
│     │     └─ TypeRef 'String' @2:21
│     ├─ Field 'handled' getter @3:3
│     │  └─ decl_type
│     │     └─ TypeRef 'Bool' @3:21
│     ├─ Method 'initialize' @5:3
│     │  └─ params
│     │     ├─ Param 'name' instance_var @5:19
│     │     │  └─ decl_type
│     │     │     └─ TypeRef 'String' @5:27
│     │     └─ Param 'handled' instance_var @5:35
│     │        ├─ decl_type
│     │        │  └─ TypeRef 'Bool' @5:46
│     │        └─ default
│     │           └─ BoolLiteral false @5:53
│     └─ Method 'mark_handled' @8:3
│        ├─ return_type
│        │  └─ TypeRef 'Void' @8:23
│        └─ body
│           └─ ExprStmt @9:5
│              └─ expr
│                 └─ Assign '=' @9:14
│                    ├─ target
│                    │  └─ InstanceVar '@handled' @9:5
│                    └─ value
│                       └─ BoolLiteral true @9:16
├─ Class 'Account' @15:1
│  └─ body
│     ├─ Field 'email' @16:3
│     │  └─ decl_type
│     │     └─ TypeRef 'String' @16:11
│     ├─ Field 'active' @17:3
│     │  └─ decl_type
│     │     └─ TypeRef 'Bool' @17:12
│     ├─ Method 'initialize' @19:3
│     │  └─ params
│     │     ├─ Param 'email' instance_var @19:19
│     │     │  └─ decl_type
│     │     │     └─ TypeRef 'String' @19:28
│     │     └─ Param 'active' instance_var @19:36
│     │        └─ decl_type
│     │           └─ TypeRef 'Bool' @19:46
│     ├─ Method 'email' @22:3
│     │  ├─ return_type
│     │  │  └─ TypeRef 'String' @22:16
│     │  └─ body
│     │     └─ ExprStmt @23:5
│     │        └─ expr
│     │           └─ InstanceVar '@email' @23:5
│     └─ Method 'active?' @26:3
│        ├─ return_type
│        │  └─ TypeRef 'Bool' @26:18
│        └─ body
│           └─ ExprStmt @27:5
│              └─ expr
│                 └─ InstanceVar '@active' @27:5
├─ Class 'ConnectionSocket' @33:1
│  └─ body
│     ├─ Field 'connected' @34:3
│     │  └─ decl_type
│     │     └─ TypeRef 'Bool' @34:15
│     ├─ Field 'attempts' @35:3
│     │  └─ decl_type
│     │     └─ TypeRef 'Int32' @35:14
│     ├─ Method 'initialize' @37:3
│     │  └─ params
│     │     ├─ Param 'connected' instance_var @37:19
│     │     │  ├─ decl_type
│     │     │  │  └─ TypeRef 'Bool' @37:32
│     │     │  └─ default
│     │     │     └─ BoolLiteral false @37:39
│     │     └─ Param 'attempts' instance_var @37:46
│     │        ├─ decl_type
│     │        │  └─ TypeRef 'Int32' @37:58
│     │        └─ default
│     │           └─ IntLiteral '0' @37:66
│     ├─ Method 'try_connect' @40:3
│     │  ├─ return_type
│     │  │  └─ TypeRef 'Bool' @40:22
│     │  └─ body
│     │     ├─ ExprStmt @41:5
│     │     │  └─ expr
│     │     │     └─ Assign '+=' @41:15
│     │     │        ├─ target
│     │     │        │  └─ InstanceVar '@attempts' @41:5
│     │     │        └─ value
│     │     │           └─ IntLiteral '1' @41:18
│     │     ├─ ExprStmt @42:5
│     │     │  └─ expr
│     │     │     └─ If @42:5
│     │     │        ├─ cond
│     │     │        │  └─ Binary '>=' @42:18
│     │     │        │     ├─ lhs
│     │     │        │     │  └─ InstanceVar '@attempts' @42:8
│     │     │        │     └─ rhs
│     │     │        │        └─ IntLiteral '3' @42:21
│     │     │        └─ then
│     │     │           └─ ExprStmt @43:7
│     │     │              └─ expr
│     │     │                 └─ Assign '=' @43:18
│     │     │                    ├─ target
│     │     │                    │  └─ InstanceVar '@connected' @43:7
│     │     │                    └─ value
│     │     │                       └─ BoolLiteral true @43:20
│     │     └─ ExprStmt @45:5
│     │        └─ expr
│     │           └─ InstanceVar '@connected' @45:5
│     ├─ Method 'attempts' @48:3
│     │  ├─ return_type
│     │  │  └─ TypeRef 'Int32' @48:19
│     │  └─ body
│     │     └─ ExprStmt @49:5
│     │        └─ expr
│     │           └─ InstanceVar '@attempts' @49:5
│     └─ Method 'connected?' @52:3
│        ├─ return_type
│        │  └─ TypeRef 'Bool' @52:21
│        └─ body
│           └─ ExprStmt @53:5
│              └─ expr
│                 └─ InstanceVar '@connected' @53:5
├─ Method 'drain_event_queue' @59:1
│  ├─ params
│  │  └─ Param 'events' @59:24
│  │     └─ decl_type
│  │        └─ TypeRef 'Array' @59:33
│  │           └─ generics
│  │              └─ TypeRef 'Event' @59:39
│  ├─ return_type
│  │  └─ TypeRef 'Int32' @59:51
│  └─ body
│     ├─ ExprStmt @60:3
│     │  └─ expr
│     │     └─ Assign '=' @60:9
│     │        ├─ target
│     │        │  └─ Identifier 'index' @60:3
│     │        └─ value
│     │           └─ IntLiteral '0' @60:11
│     ├─ ExprStmt @61:3
│     │  └─ expr
│     │     └─ Assign '=' @61:17
│     │        ├─ target
│     │        │  └─ Identifier 'handled_count' @61:3
│     │        └─ value
│     │           └─ IntLiteral '0' @61:19
│     ├─ While @62:3
│     │  ├─ cond
│     │  │  └─ Binary '<' @62:15
│     │  │     ├─ lhs
│     │  │     │  └─ Identifier 'index' @62:9
│     │  │     └─ rhs
│     │  │        └─ Member 'size' @62:23
│     │  │           └─ object
│     │  │              └─ Identifier 'events' @62:17
│     │  └─ body
│     │     ├─ ExprStmt @63:5
│     │     │  └─ expr
│     │     │     └─ Assign '=' @63:11
│     │     │        ├─ target
│     │     │        │  └─ Identifier 'event' @63:5
│     │     │        └─ value
│     │     │           └─ Index @63:19
│     │     │              ├─ object
│     │     │              │  └─ Identifier 'events' @63:13
│     │     │              └─ args
│     │     │                 └─ Identifier 'index' @63:20
│     │     ├─ ExprStmt @64:5
│     │     │  └─ expr
│     │     │     └─ Member 'mark_handled' @64:10
│     │     │        └─ object
│     │     │           └─ Identifier 'event' @64:5
│     │     ├─ ExprStmt @65:5
│     │     │  └─ expr
│     │     │     └─ Assign '=' @65:19
│     │     │        ├─ target
│     │     │        │  └─ Index @65:11
│     │     │        │     ├─ object
│     │     │        │     │  └─ Identifier 'events' @65:5
│     │     │        │     └─ args
│     │     │        │        └─ Identifier 'index' @65:12
│     │     │        └─ value
│     │     │           └─ Identifier 'event' @65:21
│     │     ├─ ExprStmt @66:5
│     │     │  └─ expr
│     │     │     └─ Assign '+=' @66:19
│     │     │        ├─ target
│     │     │        │  └─ Identifier 'handled_count' @66:5
│     │     │        └─ value
│     │     │           └─ IntLiteral '1' @66:22
│     │     └─ ExprStmt @67:5
│     │        └─ expr
│     │           └─ Assign '+=' @67:11
│     │              ├─ target
│     │              │  └─ Identifier 'index' @67:5
│     │              └─ value
│     │                 └─ IntLiteral '1' @67:14
│     └─ ExprStmt @69:3
│        └─ expr
│           └─ Identifier 'handled_count' @69:3
├─ Method 'find_active_account' @72:1
│  ├─ params
│  │  ├─ Param 'accounts' @72:26
│  │  │  └─ decl_type
│  │  │     └─ TypeRef 'Array' @72:37
│  │  │        └─ generics
│  │  │           └─ TypeRef 'Account' @72:43
│  │  └─ Param 'target_email' @72:53
│  │     └─ decl_type
│  │        └─ TypeRef 'String' @72:68
│  ├─ return_type
│  │  └─ TypeRef 'Bool' @72:80
│  └─ body
│     ├─ ExprStmt @73:3
│     │  └─ expr
│     │     └─ Assign '=' @73:9
│     │        ├─ target
│     │        │  └─ Identifier 'index' @73:3
│     │        └─ value
│     │           └─ IntLiteral '0' @73:11
│     ├─ ExprStmt @74:3
│     │  └─ expr
│     │     └─ Assign '=' @74:9
│     │        ├─ target
│     │        │  └─ Identifier 'found' @74:3
│     │        └─ value
│     │           └─ BoolLiteral false @74:11
│     ├─ While @75:3
│     │  ├─ cond
│     │  │  └─ Binary 'and' @75:31
│     │  │     ├─ lhs
│     │  │     │  └─ Binary '<' @75:15
│     │  │     │     ├─ lhs
│     │  │     │     │  └─ Identifier 'index' @75:9
│     │  │     │     └─ rhs
│     │  │     │        └─ Member 'size' @75:25
│     │  │     │           └─ object
│     │  │     │              └─ Identifier 'accounts' @75:17
│     │  │     └─ rhs
│     │  │        └─ Unary 'not' @75:35
│     │  │           └─ operand
│     │  │              └─ Identifier 'found' @75:39
│     │  └─ body
│     │     ├─ ExprStmt @76:5
│     │     │  └─ expr
│     │     │     └─ Assign '=' @76:13
│     │     │        ├─ target
│     │     │        │  └─ Identifier 'account' @76:5
│     │     │        └─ value
│     │     │           └─ Index @76:23
│     │     │              ├─ object
│     │     │              │  └─ Identifier 'accounts' @76:15
│     │     │              └─ args
│     │     │                 └─ Identifier 'index' @76:24
│     │     └─ ExprStmt @77:5
│     │        └─ expr
│     │           └─ If @77:5
│     │              ├─ cond
│     │              │  └─ Binary 'and' @77:38
│     │              │     ├─ lhs
│     │              │     │  └─ Binary '==' @77:22
│     │              │     │     ├─ lhs
│     │              │     │     │  └─ Member 'email' @77:15
│     │              │     │     │     └─ object
│     │              │     │     │        └─ Identifier 'account' @77:8
│     │              │     │     └─ rhs
│     │              │     │        └─ Identifier 'target_email' @77:25
│     │              │     └─ rhs
│     │              │        └─ Member 'active?' @77:49
│     │              │           └─ object
│     │              │              └─ Identifier 'account' @77:42
│     │              ├─ then
│     │              │  └─ ExprStmt @78:7
│     │              │     └─ expr
│     │              │        └─ Assign '=' @78:13
│     │              │           ├─ target
│     │              │           │  └─ Identifier 'found' @78:7
│     │              │           └─ value
│     │              │              └─ BoolLiteral true @78:15
│     │              └─ else
│     │                 └─ ExprStmt @80:7
│     │                    └─ expr
│     │                       └─ Assign '+=' @80:13
│     │                          ├─ target
│     │                          │  └─ Identifier 'index' @80:7
│     │                          └─ value
│     │                             └─ IntLiteral '1' @80:16
│     └─ ExprStmt @83:3
│        └─ expr
│           └─ Identifier 'found' @83:3
├─ Method 'establish_connection' @86:1
│  ├─ params
│  │  ├─ Param 'socket' @86:27
│  │  │  └─ decl_type
│  │  │     └─ TypeRef 'ConnectionSocket' @86:36
│  │  └─ Param 'max_attempts' @86:54
│  │     └─ decl_type
│  │        └─ TypeRef 'Int32' @86:69
│  ├─ return_type
│  │  └─ TypeRef 'Bool' @86:80
│  └─ body
│     ├─ ExprStmt @87:3
│     │  └─ expr
│     │     └─ Assign '=' @87:12
│     │        ├─ target
│     │        │  └─ Identifier 'is_ready' @87:3
│     │        └─ value
│     │           └─ BoolLiteral false @87:14
│     ├─ While @88:3
│     │  ├─ cond
│     │  │  └─ Binary 'and' @88:22
│     │  │     ├─ lhs
│     │  │     │  └─ Unary 'not' @88:9
│     │  │     │     └─ operand
│     │  │     │        └─ Identifier 'is_ready' @88:13
│     │  │     └─ rhs
│     │  │        └─ Binary '<' @88:42
│     │  │           ├─ lhs
│     │  │           │  └─ Member 'attempts' @88:32
│     │  │           │     └─ object
│     │  │           │        └─ Identifier 'socket' @88:26
│     │  │           └─ rhs
│     │  │              └─ Identifier 'max_attempts' @88:44
│     │  └─ body
│     │     └─ ExprStmt @89:5
│     │        └─ expr
│     │           └─ Assign '=' @89:14
│     │              ├─ target
│     │              │  └─ Identifier 'is_ready' @89:5
│     │              └─ value
│     │                 └─ Member 'try_connect' @89:22
│     │                    └─ object
│     │                       └─ Identifier 'socket' @89:16
│     └─ ExprStmt @91:3
│        └─ expr
│           └─ Identifier 'is_ready' @91:3
├─ Method 'strip_leading_spaces' @94:1
│  ├─ params
│  │  └─ Param 'text' @94:27
│  │     └─ decl_type
│  │        └─ TypeRef 'String' @94:34
│  ├─ return_type
│  │  └─ TypeRef 'UInt64' @94:46
│  └─ body
│     ├─ ExprStmt @95:3
│     │  └─ expr
│     │     └─ Assign '=' @95:10
│     │        ├─ target
│     │        │  └─ Identifier 'length' @95:3
│     │        └─ value
│     │           └─ Member 'size' @95:16
│     │              └─ object
│     │                 └─ Identifier 'text' @95:12
│     ├─ ExprStmt @96:3
│     │  └─ expr
│     │     └─ Assign '=' @96:10
│     │        ├─ target
│     │        │  └─ Identifier 'offset' @96:3
│     │        └─ value
│     │           └─ IntLiteral '0' @96:12
│     ├─ While @97:3
│     │  ├─ cond
│     │  │  └─ Binary 'and' @97:25
│     │  │     ├─ lhs
│     │  │     │  └─ Binary '<' @97:16
│     │  │     │     ├─ lhs
│     │  │     │     │  └─ Identifier 'offset' @97:9
│     │  │     │     └─ rhs
│     │  │     │        └─ Identifier 'length' @97:18
│     │  │     └─ rhs
│     │  │        └─ Binary '==' @97:42
│     │  │           ├─ lhs
│     │  │           │  └─ Index @97:33
│     │  │           │     ├─ object
│     │  │           │     │  └─ Identifier 'text' @97:29
│     │  │           │     └─ args
│     │  │           │        └─ Identifier 'offset' @97:34
│     │  │           └─ rhs
│     │  │              └─ CharLiteral ' ' @97:45
│     │  └─ body
│     │     └─ ExprStmt @98:5
│     │        └─ expr
│     │           └─ Assign '+=' @98:12
│     │              ├─ target
│     │              │  └─ Identifier 'offset' @98:5
│     │              └─ value
│     │                 └─ IntLiteral '1' @98:15
│     └─ ExprStmt @100:3
│        └─ expr
│           └─ Identifier 'offset' @100:3
├─ ExprStmt @105:1
│  └─ expr
│     └─ Assign '=' @105:16
│        ├─ target
│        │  └─ Identifier 'pending_events' @105:1
│        └─ value
│           └─ ArrayLit @105:18
│              └─ elements
│                 ├─ Call @106:12
│                 │  ├─ callee
│                 │  │  └─ Member 'new' @106:8
│                 │  │     └─ object
│                 │  │        └─ Identifier 'Event' @106:3
│                 │  └─ args
│                 │     └─ StringLiteral 'click' @106:14
│                 ├─ Call @107:12
│                 │  ├─ callee
│                 │  │  └─ Member 'new' @107:8
│                 │  │     └─ object
│                 │  │        └─ Identifier 'Event' @107:3
│                 │  └─ args
│                 │     └─ StringLiteral 'hover' @107:14
│                 └─ Call @108:12
│                    ├─ callee
│                    │  └─ Member 'new' @108:8
│                    │     └─ object
│                    │        └─ Identifier 'Event' @108:3
│                    └─ args
│                       └─ StringLiteral 'submit' @108:14
├─ ExprStmt @110:1
│  └─ expr
│     └─ Call @110:8
│        ├─ callee
│        │  └─ Identifier 'assert!' @110:1
│        └─ args
│           └─ Binary '==' @110:46
│              ├─ lhs
│              │  └─ Call @110:27
│              │     ├─ callee
│              │     │  └─ Identifier 'drain_event_queue' @110:10
│              │     └─ args
│              │        └─ Identifier 'pending_events' @110:29
│              └─ rhs
│                 └─ IntLiteral '3' @110:49
├─ ExprStmt @111:1
│  └─ expr
│     └─ Call @111:8
│        ├─ callee
│        │  └─ Identifier 'assert!' @111:1
│        └─ args
│           └─ Member 'handled' @111:27
│              └─ object
│                 └─ Index @111:24
│                    ├─ object
│                    │  └─ Identifier 'pending_events' @111:10
│                    └─ args
│                       └─ IntLiteral '0' @111:25
├─ ExprStmt @113:1
│  └─ expr
│     └─ Assign '=' @113:7
│        ├─ target
│        │  └─ Identifier 'users' @113:1
│        └─ value
│           └─ ArrayLit @113:9
│              └─ elements
│                 ├─ Call @114:14
│                 │  ├─ callee
│                 │  │  └─ Member 'new' @114:10
│                 │  │     └─ object
│                 │  │        └─ Identifier 'Account' @114:3
│                 │  └─ args
│                 │     ├─ StringLiteral 'alice@volt.dev' @114:16
│                 │     └─ BoolLiteral true @114:34
│                 └─ Call @115:14
│                    ├─ callee
│                    │  └─ Member 'new' @115:10
│                    │     └─ object
│                    │        └─ Identifier 'Account' @115:3
│                    └─ args
│                       ├─ StringLiteral 'bob@volt.dev' @115:16
│                       └─ BoolLiteral false @115:32
├─ ExprStmt @117:1
│  └─ expr
│     └─ Call @117:8
│        ├─ callee
│        │  └─ Identifier 'assert!' @117:1
│        └─ args
│           └─ Binary '==' @117:57
│              ├─ lhs
│              │  └─ Call @117:29
│              │     ├─ callee
│              │     │  └─ Identifier 'find_active_account' @117:10
│              │     └─ args
│              │        ├─ Identifier 'users' @117:31
│              │        └─ StringLiteral 'alice@volt.dev' @117:38
│              └─ rhs
│                 └─ BoolLiteral true @117:60
├─ ExprStmt @118:1
│  └─ expr
│     └─ Call @118:8
│        ├─ callee
│        │  └─ Identifier 'assert!' @118:1
│        └─ args
│           └─ Binary '==' @118:55
│              ├─ lhs
│              │  └─ Call @118:29
│              │     ├─ callee
│              │     │  └─ Identifier 'find_active_account' @118:10
│              │     └─ args
│              │        ├─ Identifier 'users' @118:31
│              │        └─ StringLiteral 'bob@volt.dev' @118:38
│              └─ rhs
│                 └─ BoolLiteral false @118:58
├─ ExprStmt @120:1
│  └─ expr
│     └─ Assign '=' @120:8
│        ├─ target
│        │  └─ Identifier 'socket' @120:1
│        └─ value
│           └─ Member 'new' @120:26
│              └─ object
│                 └─ Identifier 'ConnectionSocket' @120:10
├─ ExprStmt @121:1
│  └─ expr
│     └─ Call @121:8
│        ├─ callee
│        │  └─ Identifier 'assert!' @121:1
│        └─ args
│           └─ Binary '==' @121:44
│              ├─ lhs
│              │  └─ Call @121:30
│              │     ├─ callee
│              │     │  └─ Identifier 'establish_connection' @121:10
│              │     └─ args
│              │        ├─ Identifier 'socket' @121:32
│              │        └─ IntLiteral '5' @121:40
│              └─ rhs
│                 └─ BoolLiteral true @121:47
├─ ExprStmt @122:1
│  └─ expr
│     └─ Call @122:8
│        ├─ callee
│        │  └─ Identifier 'assert!' @122:1
│        └─ args
│           └─ Binary '==' @122:26
│              ├─ lhs
│              │  └─ Member 'attempts' @122:16
│              │     └─ object
│              │        └─ Identifier 'socket' @122:10
│              └─ rhs
│                 └─ IntLiteral '3' @122:29
└─ ExprStmt @124:1
   └─ expr
      └─ Call @124:8
         ├─ callee
         │  └─ Identifier 'assert!' @124:1
         └─ args
            └─ Binary '==' @124:45
               ├─ lhs
               │  └─ Call @124:30
               │     ├─ callee
               │     │  └─ Identifier 'strip_leading_spaces' @124:10
               │     └─ args
               │        └─ StringLiteral '   hello' @124:32
               └─ rhs
                  └─ IntLiteral '3' @124:48
--- exit 0 ---
