Program 'samples/Tests/Traits/CompileTimeTraits.vl'
├─ Mixin 'Greetable' @1:1
│  └─ body
│     └─ Method 'greeting' @2:3
│        ├─ return_type
│        │  └─ TypeRef 'String' @2:19
│        └─ body
│           └─ ExprStmt @3:5
│              └─ expr
│                 └─ StringLiteral 'hello' @3:5
├─ Mixin 'Countable' @7:1
├─ Class 'Animal' @10:1
│  └─ body
│     ├─ Field 'age' @11:3
│     │  └─ decl_type
│     │     └─ TypeRef 'Int32' @11:9
│     ├─ Method 'initialize' @13:3
│     │  └─ params
│     │     └─ Param 'age' instance_var @13:19
│     │        └─ decl_type
│     │           └─ TypeRef 'Int32' @13:26
│     └─ Method 'describe' @16:3
│        ├─ return_type
│        │  └─ TypeRef 'String' @16:19
│        └─ body
│           └─ ExprStmt @17:5
│              └─ expr
│                 └─ StringLiteral 'animal' @17:5
├─ Class 'Dog' @21:1
│  ├─ super
│  │  └─ TypeRef 'Animal' @21:13
│  └─ body
│     ├─ Include @22:3
│     │  └─ target
│     │     └─ TypeRef 'Greetable' @22:11
│     ├─ Field 'name' @24:3
│     │  └─ decl_type
│     │     └─ TypeRef 'String' @24:10
│     ├─ Method 'initialize' @26:3
│     │  ├─ params
│     │  │  └─ Param 'name' instance_var @26:19
│     │  │     └─ decl_type
│     │  │        └─ TypeRef 'String' @26:27
│     │  └─ body
│     │     └─ ExprStmt @27:5
│     │        └─ expr
│     │           └─ Assign '=' @27:10
│     │              ├─ target
│     │              │  └─ InstanceVar '@age' @27:5
│     │              └─ value
│     │                 └─ IntLiteral '1' @27:12
│     └─ Method 'bark' @30:3
│        ├─ return_type
│        │  └─ TypeRef 'String' @30:15
│        └─ body
│           └─ ExprStmt @31:5
│              └─ expr
│                 └─ StringLiteral 'woof' @31:5
├─ Mixin 'Tagged' @84:1
├─ Struct 'Box' [T] @87:1
│  └─ body
│     ├─ Field 'value' @88:3
│     │  └─ decl_type
│     │     └─ TypeRef 'T' @88:11
│     ├─ Method 'initialize' @90:3
│     │  └─ params
│     │     └─ Param 'value' instance_var @90:19
│     │        └─ decl_type
│     │           └─ TypeRef 'T' @90:28
│     └─ Method 'tagged?' @93:3
│        ├─ return_type
│        │  └─ TypeRef 'Bool' @93:18
│        └─ body
│           └─ ExprStmt @94:5
│              └─ expr
│                 └─ Call @94:11
│                    ├─ callee
│                    │  └─ Member 'is_a?' @94:11
│                    │     └─ object
│                    │        └─ InstanceVar '@value' @94:5
│                    └─ args
│                       └─ Identifier 'Tagged' @94:18
├─ Class 'Plain' @98:1
│  └─ body
│     ├─ Field 'n' @99:3
│     │  └─ decl_type
│     │     └─ TypeRef 'Int32' @99:7
│     └─ Method 'initialize' @100:3
│        └─ params
│           └─ Param 'n' instance_var @100:19
│              └─ decl_type
│                 └─ TypeRef 'Int32' @100:24
├─ Class 'Marked' @104:1
│  └─ body
│     ├─ Include @105:3
│     │  └─ target
│     │     └─ TypeRef 'Tagged' @105:11
│     ├─ Field 'n' @106:3
│     │  └─ decl_type
│     │     └─ TypeRef 'Int32' @106:7
│     └─ Method 'initialize' @107:3
│        └─ params
│           └─ Param 'n' instance_var @107:19
│              └─ decl_type
│                 └─ TypeRef 'Int32' @107:24
├─ ExprStmt @35:1
│  └─ expr
│     └─ Assign '=' @35:5
│        ├─ target
│        │  └─ Identifier 'dog' @35:1
│        └─ value
│           └─ Call @35:14
│              ├─ callee
│              │  └─ Member 'new' @35:10
│              │     └─ object
│              │        └─ Identifier 'Dog' @35:7
│              └─ args
│                 └─ StringLiteral 'Rex' @35:16
├─ ExprStmt @38:1
│  └─ expr
│     └─ Call @38:8
│        ├─ callee
│        │  └─ Identifier 'assert!' @38:1
│        └─ args
│           └─ Call @38:13
│              ├─ callee
│              │  └─ Member 'includes?' @38:13
│              │     └─ object
│              │        └─ Identifier 'dog' @38:10
│              └─ args
│                 └─ Identifier 'Greetable' @38:24
├─ ExprStmt @39:1
│  └─ expr
│     └─ Call @39:8
│        ├─ callee
│        │  └─ Identifier 'assert!' @39:1
│        └─ args
│           └─ Unary 'not' @39:10
│              └─ operand
│                 └─ Call @39:17
│                    ├─ callee
│                    │  └─ Member 'includes?' @39:17
│                    │     └─ object
│                    │        └─ Identifier 'dog' @39:14
│                    └─ args
│                       └─ Identifier 'Countable' @39:28
├─ ExprStmt @41:1
│  └─ expr
│     └─ Call @41:8
│        ├─ callee
│        │  └─ Identifier 'assert!' @41:1
│        └─ args
│           └─ Unary 'not' @41:10
│              └─ operand
│                 └─ Call @41:17
│                    ├─ callee
│                    │  └─ Member 'includes?' @41:17
│                    │     └─ object
│                    │        └─ Identifier 'dog' @41:14
│                    └─ args
│                       └─ Identifier 'Animal' @41:28
├─ ExprStmt @44:1
│  └─ expr
│     └─ Call @44:8
│        ├─ callee
│        │  └─ Identifier 'assert!' @44:1
│        └─ args
│           └─ Call @44:13
│              ├─ callee
│              │  └─ Member 'inherits_from?' @44:13
│              │     └─ object
│              │        └─ Identifier 'dog' @44:10
│              └─ args
│                 └─ Identifier 'Animal' @44:29
├─ ExprStmt @45:1
│  └─ expr
│     └─ Call @45:8
│        ├─ callee
│        │  └─ Identifier 'assert!' @45:1
│        └─ args
│           └─ Unary 'not' @45:10
│              └─ operand
│                 └─ Call @45:17
│                    ├─ callee
│                    │  └─ Member 'inherits_from?' @45:17
│                    │     └─ object
│                    │        └─ Identifier 'dog' @45:14
│                    └─ args
│                       └─ Identifier 'Dog' @45:33
├─ ExprStmt @48:1
│  └─ expr
│     └─ Call @48:8
│        ├─ callee
│        │  └─ Identifier 'assert!' @48:1
│        └─ args
│           └─ Call @48:13
│              ├─ callee
│              │  └─ Member 'is_a?' @48:13
│              │     └─ object
│              │        └─ Identifier 'dog' @48:10
│              └─ args
│                 └─ Identifier 'Dog' @48:20
├─ ExprStmt @49:1
│  └─ expr
│     └─ Call @49:8
│        ├─ callee
│        │  └─ Identifier 'assert!' @49:1
│        └─ args
│           └─ Call @49:13
│              ├─ callee
│              │  └─ Member 'is_a?' @49:13
│              │     └─ object
│              │        └─ Identifier 'dog' @49:10
│              └─ args
│                 └─ Identifier 'Animal' @49:20
├─ ExprStmt @50:1
│  └─ expr
│     └─ Call @50:8
│        ├─ callee
│        │  └─ Identifier 'assert!' @50:1
│        └─ args
│           └─ Call @50:13
│              ├─ callee
│              │  └─ Member 'is_a?' @50:13
│              │     └─ object
│              │        └─ Identifier 'dog' @50:10
│              └─ args
│                 └─ Identifier 'Greetable' @50:20
├─ ExprStmt @51:1
│  └─ expr
│     └─ Call @51:8
│        ├─ callee
│        │  └─ Identifier 'assert!' @51:1
│        └─ args
│           └─ Unary 'not' @51:10
│              └─ operand
│                 └─ Call @51:17
│                    ├─ callee
│                    │  └─ Member 'is_a?' @51:17
│                    │     └─ object
│                    │        └─ Identifier 'dog' @51:14
│                    └─ args
│                       └─ Identifier 'Countable' @51:24
├─ ExprStmt @54:1
│  └─ expr
│     └─ Call @54:8
│        ├─ callee
│        │  └─ Identifier 'assert!' @54:1
│        └─ args
│           └─ Call @54:13
│              ├─ callee
│              │  └─ Member 'has_field?' @54:13
│              │     └─ object
│              │        └─ Identifier 'dog' @54:10
│              └─ args
│                 └─ SymbolLiteral ':name' @54:25
├─ ExprStmt @55:1
│  └─ expr
│     └─ Call @55:8
│        ├─ callee
│        │  └─ Identifier 'assert!' @55:1
│        └─ args
│           └─ Call @55:13
│              ├─ callee
│              │  └─ Member 'has_field?' @55:13
│              │     └─ object
│              │        └─ Identifier 'dog' @55:10
│              └─ args
│                 └─ SymbolLiteral ':age' @55:25
├─ ExprStmt @56:1
│  └─ expr
│     └─ Call @56:8
│        ├─ callee
│        │  └─ Identifier 'assert!' @56:1
│        └─ args
│           └─ Unary 'not' @56:10
│              └─ operand
│                 └─ Call @56:17
│                    ├─ callee
│                    │  └─ Member 'has_field?' @56:17
│                    │     └─ object
│                    │        └─ Identifier 'dog' @56:14
│                    └─ args
│                       └─ SymbolLiteral ':bark' @56:29
├─ ExprStmt @57:1
│  └─ expr
│     └─ Call @57:8
│        ├─ callee
│        │  └─ Identifier 'assert!' @57:1
│        └─ args
│           └─ Unary 'not' @57:10
│              └─ operand
│                 └─ Call @57:17
│                    ├─ callee
│                    │  └─ Member 'has_field?' @57:17
│                    │     └─ object
│                    │        └─ Identifier 'dog' @57:14
│                    └─ args
│                       └─ SymbolLiteral ':missing' @57:29
├─ ExprStmt @59:1
│  └─ expr
│     └─ Call @59:8
│        ├─ callee
│        │  └─ Identifier 'assert!' @59:1
│        └─ args
│           └─ Call @59:13
│              ├─ callee
│              │  └─ Member 'has_method?' @59:13
│              │     └─ object
│              │        └─ Identifier 'dog' @59:10
│              └─ args
│                 └─ SymbolLiteral ':bark' @59:26
├─ ExprStmt @60:1
│  └─ expr
│     └─ Call @60:8
│        ├─ callee
│        │  └─ Identifier 'assert!' @60:1
│        └─ args
│           └─ Call @60:13
│              ├─ callee
│              │  └─ Member 'has_method?' @60:13
│              │     └─ object
│              │        └─ Identifier 'dog' @60:10
│              └─ args
│                 └─ SymbolLiteral ':describe' @60:26
├─ ExprStmt @61:1
│  └─ expr
│     └─ Call @61:8
│        ├─ callee
│        │  └─ Identifier 'assert!' @61:1
│        └─ args
│           └─ Call @61:13
│              ├─ callee
│              │  └─ Member 'has_method?' @61:13
│              │     └─ object
│              │        └─ Identifier 'dog' @61:10
│              └─ args
│                 └─ SymbolLiteral ':greeting' @61:26
├─ ExprStmt @62:1
│  └─ expr
│     └─ Call @62:8
│        ├─ callee
│        │  └─ Identifier 'assert!' @62:1
│        └─ args
│           └─ Unary 'not' @62:10
│              └─ operand
│                 └─ Call @62:17
│                    ├─ callee
│                    │  └─ Member 'has_method?' @62:17
│                    │     └─ object
│                    │        └─ Identifier 'dog' @62:14
│                    └─ args
│                       └─ SymbolLiteral ':name' @62:30
├─ ExprStmt @65:1
│  └─ expr
│     └─ Call @65:8
│        ├─ callee
│        │  └─ Identifier 'assert!' @65:1
│        └─ args
│           └─ Call @65:23
│              ├─ callee
│              │  └─ Member 'includes?' @65:13
│              │     └─ object
│              │        └─ Identifier 'dog' @65:10
│              └─ args
│                 └─ Identifier 'Greetable' @65:25
├─ ExprStmt @66:1
│  └─ expr
│     └─ Call @66:8
│        ├─ callee
│        │  └─ Identifier 'assert!' @66:1
│        └─ args
│           └─ Call @66:24
│              ├─ callee
│              │  └─ Member 'has_field?' @66:13
│              │     └─ object
│              │        └─ Identifier 'dog' @66:10
│              └─ args
│                 └─ SymbolLiteral ':name' @66:26
├─ ExprStmt @69:1
│  └─ expr
│     └─ Call @69:8
│        ├─ callee
│        │  └─ Identifier 'assert!' @69:1
│        └─ args
│           └─ Call @69:13
│              ├─ callee
│              │  └─ Member 'includes?' @69:13
│              │     └─ object
│              │        └─ Identifier 'Dog' @69:10
│              └─ args
│                 └─ Identifier 'Greetable' @69:24
├─ ExprStmt @70:1
│  └─ expr
│     └─ Call @70:8
│        ├─ callee
│        │  └─ Identifier 'assert!' @70:1
│        └─ args
│           └─ Call @70:13
│              ├─ callee
│              │  └─ Member 'inherits_from?' @70:13
│              │     └─ object
│              │        └─ Identifier 'Dog' @70:10
│              └─ args
│                 └─ Identifier 'Animal' @70:29
├─ ExprStmt @71:1
│  └─ expr
│     └─ Call @71:8
│        ├─ callee
│        │  └─ Identifier 'assert!' @71:1
│        └─ args
│           └─ Call @71:13
│              ├─ callee
│              │  └─ Member 'has_method?' @71:13
│              │     └─ object
│              │        └─ Identifier 'Dog' @71:10
│              └─ args
│                 └─ SymbolLiteral ':bark' @71:26
├─ ExprStmt @74:1
│  └─ expr
│     └─ Call @74:8
│        ├─ callee
│        │  └─ Identifier 'assert!' @74:1
│        └─ args
│           └─ Binary 'and' @74:27
│              ├─ lhs
│              │  └─ Call @74:13
│              │     ├─ callee
│              │     │  └─ Member 'is_a?' @74:13
│              │     │     └─ object
│              │     │        └─ Identifier 'dog' @74:10
│              │     └─ args
│              │        └─ Identifier 'Animal' @74:20
│              └─ rhs
│                 └─ Call @74:34
│                    ├─ callee
│                    │  └─ Member 'has_field?' @74:34
│                    │     └─ object
│                    │        └─ Identifier 'dog' @74:31
│                    └─ args
│                       └─ SymbolLiteral ':name' @74:46
├─ ExprStmt @75:1
│  └─ expr
│     └─ Call @75:8
│        ├─ callee
│        │  └─ Identifier 'assert!' @75:1
│        └─ args
│           └─ Binary 'or' @75:38
│              ├─ lhs
│              │  └─ Call @75:15
│              │     ├─ callee
│              │     │  └─ Member 'includes?' @75:15
│              │     │     └─ object
│              │     │        └─ Identifier 'dog' @75:12
│              │     └─ args
│              │        └─ Identifier 'Countable' @75:26
│              └─ rhs
│                 └─ Call @75:46
│                    ├─ callee
│                    │  └─ Member 'includes?' @75:46
│                    │     └─ object
│                    │        └─ Identifier 'dog' @75:43
│                    └─ args
│                       └─ Identifier 'Greetable' @75:57
├─ ExprStmt @111:1
│  └─ expr
│     └─ Call @111:8
│        ├─ callee
│        │  └─ Identifier 'assert!' @111:1
│        └─ args
│           └─ Unary 'not' @111:10
│              └─ operand
│                 └─ Member 'tagged?' @111:46
│                    └─ object
│                       └─ Call @111:28
│                          ├─ callee
│                          │  └─ Member 'new' @111:24
│                          │     └─ object
│                          │        └─ GenericInst @111:17
│                          │           ├─ base
│                          │           │  └─ Identifier 'Box' @111:14
│                          │           └─ args
│                          │              └─ TypeRef 'Plain' @111:18
│                          └─ args
│                             └─ Call @111:39
│                                ├─ callee
│                                │  └─ Member 'new' @111:35
│                                │     └─ object
│                                │        └─ Identifier 'Plain' @111:30
│                                └─ args
│                                   └─ IntLiteral '1' @111:41
└─ ExprStmt @112:1
   └─ expr
      └─ Call @112:8
         ├─ callee
         │  └─ Identifier 'assert!' @112:1
         └─ args
            └─ Member 'tagged?' @112:44
               └─ object
                  └─ Call @112:25
                     ├─ callee
                     │  └─ Member 'new' @112:21
                     │     └─ object
                     │        └─ GenericInst @112:13
                     │           ├─ base
                     │           │  └─ Identifier 'Box' @112:10
                     │           └─ args
                     │              └─ TypeRef 'Marked' @112:14
                     └─ args
                        └─ Call @112:37
                           ├─ callee
                           │  └─ Member 'new' @112:33
                           │     └─ object
                           │        └─ Identifier 'Marked' @112:27
                           └─ args
                              └─ IntLiteral '2' @112:39
--- exit 0 ---
